ARM Linker, 5.03 [Build 69] [MDK-ARM Standard]

==============================================================================

Section Cross References

    startup_stm32f2xx.o(STACK) refers (Special) to heapauxi.o(.text) for __use_two_region_memory
    startup_stm32f2xx.o(HEAP) refers (Special) to heapauxi.o(.text) for __use_two_region_memory
    startup_stm32f2xx.o(RESET) refers (Special) to heapauxi.o(.text) for __use_two_region_memory
    startup_stm32f2xx.o(RESET) refers to startup_stm32f2xx.o(STACK) for __initial_sp
    startup_stm32f2xx.o(RESET) refers to startup_stm32f2xx.o(.text) for Reset_Handler
    startup_stm32f2xx.o(RESET) refers to hal_cm3.o(.emb_text) for SVC_Handler
    startup_stm32f2xx.o(.text) refers (Special) to heapauxi.o(.text) for __use_two_region_memory
    startup_stm32f2xx.o(.text) refers to system_stm32f2xx.o(.text) for SystemInit
    startup_stm32f2xx.o(.text) refers to __main.o(!!!main) for __main
    startup_stm32f2xx.o(.text) refers to startup_stm32f2xx.o(HEAP) for Heap_Mem
    startup_stm32f2xx.o(.text) refers to startup_stm32f2xx.o(STACK) for Stack_Mem
    system_stm32f2xx.o(.text) refers to system_stm32f2xx.o(.data) for SystemCoreClock
    stm32f2xx_adc.o(.text) refers to stm32f2xx_rcc.o(.text) for RCC_APB2PeriphResetCmd
    stm32f2xx_can.o(.text) refers to stm32f2xx_rcc.o(.text) for RCC_APB1PeriphResetCmd
    stm32f2xx_cryp.o(.text) refers to stm32f2xx_rcc.o(.text) for RCC_AHB2PeriphResetCmd
    stm32f2xx_cryp_aes.o(.text) refers to stm32f2xx_cryp.o(.text) for CRYP_KeyStructInit
    stm32f2xx_cryp_des.o(.text) refers to stm32f2xx_cryp.o(.text) for CRYP_KeyStructInit
    stm32f2xx_cryp_tdes.o(.text) refers to stm32f2xx_cryp.o(.text) for CRYP_KeyStructInit
    stm32f2xx_dac.o(.text) refers to stm32f2xx_rcc.o(.text) for RCC_APB1PeriphResetCmd
    stm32f2xx_gpio.o(.text) refers to stm32f2xx_rcc.o(.text) for RCC_AHB1PeriphResetCmd
    stm32f2xx_hash.o(.text) refers to stm32f2xx_rcc.o(.text) for RCC_AHB2PeriphResetCmd
    stm32f2xx_hash_md5.o(.text) refers to stm32f2xx_hash.o(.text) for HASH_DeInit
    stm32f2xx_hash_sha1.o(.text) refers to stm32f2xx_hash.o(.text) for HASH_DeInit
    stm32f2xx_i2c.o(.text) refers to stm32f2xx_rcc.o(.text) for RCC_APB1PeriphResetCmd
    stm32f2xx_pwr.o(.text) refers to stm32f2xx_rcc.o(.text) for RCC_APB1PeriphResetCmd
    stm32f2xx_rcc.o(.text) refers to stm32f2xx_rcc.o(.data) for APBAHBPrescTable
    stm32f2xx_rng.o(.text) refers to stm32f2xx_rcc.o(.text) for RCC_AHB2PeriphResetCmd
    stm32f2xx_sdio.o(.text) refers to stm32f2xx_rcc.o(.text) for RCC_APB2PeriphResetCmd
    stm32f2xx_spi.o(.text) refers to stm32f2xx_rcc.o(.text) for RCC_APB2PeriphResetCmd
    stm32f2xx_syscfg.o(.text) refers to stm32f2xx_rcc.o(.text) for RCC_APB2PeriphResetCmd
    stm32f2xx_tim.o(.text) refers to stm32f2xx_rcc.o(.text) for RCC_APB2PeriphResetCmd
    stm32f2xx_usart.o(.text) refers to stm32f2xx_rcc.o(.text) for RCC_APB2PeriphResetCmd
    stm32f2xx_wwdg.o(.text) refers to stm32f2xx_rcc.o(.text) for RCC_APB1PeriphResetCmd
    main.o(.text) refers to stm32f2xx_rcc.o(.text) for RCC_AHB1PeriphClockCmd
    main.o(.text) refers to stm32f2xx_gpio.o(.text) for GPIO_Init
    main.o(.text) refers to stm32f2xx_usart.o(.text) for USART_Init
    main.o(.text) refers to noretval__2printf.o(.text) for __2printf
    main.o(.text) refers to hal_cm3.o(.emb_text) for os_set_env
    main.o(.text) refers to main.o(.data) for LedCunt
    main.o(.text) refers to rt_task.o(i.rt_tsk_create) for rt_tsk_create
    main.o(.text) refers to rt_task.o(i.rt_tsk_delete) for rt_tsk_delete
    main.o(.text) refers to rt_task.o(i.rt_sys_init) for rt_sys_init
    rtx_conf_cm.o(.text) refers to rt_task.o(i.rt_tsk_self) for rt_tsk_self
    rtx_conf_cm.o(.text) refers to rt_mutex.o(i.rt_mut_init) for rt_mut_init
    rtx_conf_cm.o(.text) refers to rtx_conf_cm.o(.bss) for .bss
    rtx_conf_cm.o(.text) refers to libspace.o(.bss) for __libspace_start
    rtx_conf_cm.o(.text) refers to rtx_conf_cm.o(.data) for .data
    rtx_conf_cm.o(.text) refers to rt_mutex.o(i.rt_mut_wait) for rt_mut_wait
    rtx_conf_cm.o(.text) refers to rt_mutex.o(i.rt_mut_release) for rt_mut_release
    retarget.o(.text) refers (Special) to use_no_semi.o(.text) for __use_no_semihosting_swi
    retarget.o(.text) refers to main.o(.text) for sendchar
    retarget.o(.data) refers (Special) to use_no_semi.o(.text) for __use_no_semihosting_swi
    rt_task.o(i.rt_block) refers to rt_list.o(i.rt_put_dly) for rt_put_dly
    rt_task.o(i.rt_block) refers to rt_list.o(i.rt_get_first) for rt_get_first
    rt_task.o(i.rt_block) refers to rt_task.o(i.rt_switch_req) for rt_switch_req
    rt_task.o(i.rt_block) refers to rt_task.o(.data) for .data
    rt_task.o(i.rt_block) refers to rt_list.o(.bss) for os_rdy
    rt_task.o(i.rt_dispatch) refers to rt_list.o(i.rt_put_rdy_first) for rt_put_rdy_first
    rt_task.o(i.rt_dispatch) refers to rt_task.o(i.rt_switch_req) for rt_switch_req
[...]
    _printf_char_file.o(.text) refers to _printf_char_common.o(.text) for _printf_char_common
    _printf_char_file.o(.text) refers to retarget.o(.text) for ferror
    rtentry2.o(.ARM.Collect$$rtentry$$00000008) refers to boardinit2.o(.text) for _platform_post_stackheap_init
    rtentry2.o(.ARM.Collect$$rtentry$$0000000A) refers to libinit.o(.ARM.Collect$$libinit$$00000000) for __rt_lib_init
    rtentry2.o(.ARM.Collect$$rtentry$$0000000B) refers to boardinit3.o(.text) for _platform_post_lib_init
    rtentry2.o(.ARM.Collect$$rtentry$$0000000D) refers to main.o(.text) for main
    rtentry2.o(.ARM.Collect$$rtentry$$0000000D) refers to exit.o(.text) for exit
    rtentry2.o(.ARM.exidx) refers to rtentry2.o(.ARM.Collect$$rtentry$$00000001) for .ARM.Collect$$rtentry$$00000001
    rtentry2.o(.ARM.exidx) refers to rtentry2.o(.ARM.Collect$$rtentry$$00000008) for .ARM.Collect$$rtentry$$00000008
    rtentry2.o(.ARM.exidx) refers to rtentry2.o(.ARM.Collect$$rtentry$$0000000A) for .ARM.Collect$$rtentry$$0000000A
    rtentry2.o(.ARM.exidx) refers to rtentry2.o(.ARM.Collect$$rtentry$$0000000B) for .ARM.Collect$$rtentry$$0000000B
    rtentry2.o(.ARM.exidx) refers to rtentry2.o(.ARM.Collect$$rtentry$$0000000D) for .ARM.Collect$$rtentry$$0000000D
    rtentry4.o(.ARM.Collect$$rtentry$$00000004) refers to sys_stackheap_outer.o(.text) for __user_setup_stackheap
    rtentry4.o(.ARM.exidx) refers to rtentry4.o(.ARM.Collect$$rtentry$$00000004) for .ARM.Collect$$rtentry$$00000004
    _printf_char_common.o(.text) refers to __printf_nopercent.o(.text) for __printf
    sys_stackheap_outer.o(.text) refers to libspace.o(.text) for __user_perproc_libspace
    sys_stackheap_outer.o(.text) refers to startup_stm32f2xx.o(.text) for __user_initial_stackheap
    exit.o(.text) refers to rtexit.o(.ARM.Collect$$rtexit$$00000000) for __rt_exit
    libinit.o(.ARM.Collect$$libinit$$00000000) refers (Special) to libinit2.o(.ARM.Collect$$libinit$$0000002C) for __rt_lib_init_alloca_1
    libinit.o(.ARM.Collect$$libinit$$00000000) refers (Special) to libinit2.o(.ARM.Collect$$libinit$$0000002A) for __rt_lib_init_argv_1
    libinit.o(.ARM.Collect$$libinit$$00000000) refers (Special) to libinit2.o(.ARM.Collect$$libinit$$00000019) for __rt_lib_init_atexit_1
    libinit.o(.ARM.Collect$$libinit$$00000000) refers (Special) to libinit2.o(.ARM.Collect$$libinit$$0000001F) for __rt_lib_init_clock_1
    libinit.o(.ARM.Collect$$libinit$$00000000) refers (Special) to libinit2.o(.ARM.Collect$$libinit$$00000030) for __rt_lib_init_cpp_1
    libinit.o(.ARM.Collect$$libinit$$00000000) refers (Special) to libinit2.o(.ARM.Collect$$libinit$$0000002E) for __rt_lib_init_exceptions_1
    libinit.o(.ARM.Collect$$libinit$$00000000) refers (Special) to libinit2.o(.ARM.Collect$$libinit$$00000002) for __rt_lib_init_fp_1
    libinit.o(.ARM.Collect$$libinit$$00000000) refers (Special) to libinit2.o(.ARM.Collect$$libinit$$0000001D) for __rt_lib_init_fp_trap_1
    libinit.o(.ARM.Collect$$libinit$$00000000) refers (Special) to libinit2.o(.ARM.Collect$$libinit$$00000021) for __rt_lib_init_getenv_1
    libinit.o(.ARM.Collect$$libinit$$00000000) refers (Special) to libinit2.o(.ARM.Collect$$libinit$$00000008) for __rt_lib_init_heap_1
    libinit.o(.ARM.Collect$$libinit$$00000000) refers (Special) to libinit2.o(.ARM.Collect$$libinit$$0000000F) for __rt_lib_init_lc_collate_1
    libinit.o(.ARM.Collect$$libinit$$00000000) refers (Special) to libinit2.o(.ARM.Collect$$libinit$$00000011) for __rt_lib_init_lc_ctype_1
    libinit.o(.ARM.Collect$$libinit$$00000000) refers (Special) to libinit2.o(.ARM.Collect$$libinit$$00000013) for __rt_lib_init_lc_monetary_1
    libinit.o(.ARM.Collect$$libinit$$00000000) refers (Special) to libinit2.o(.ARM.Collect$$libinit$$00000015) for __rt_lib_init_lc_numeric_1
    libinit.o(.ARM.Collect$$libinit$$00000000) refers (Special) to libinit2.o(.ARM.Collect$$libinit$$00000017) for __rt_lib_init_lc_time_1
    libinit.o(.ARM.Collect$$libinit$$00000000) refers (Special) to libinit2.o(.ARM.Collect$$libinit$$0000000C) for __rt_lib_init_rand_1
    libinit.o(.ARM.Collect$$libinit$$00000000) refers (Special) to libinit2.o(.ARM.Collect$$libinit$$00000031) for __rt_lib_init_return
    libinit.o(.ARM.Collect$$libinit$$00000000) refers (Special) to libinit2.o(.ARM.Collect$$libinit$$0000001B) for __rt_lib_init_signal_1
    libinit.o(.ARM.Collect$$libinit$$00000000) refers (Special) to libinit2.o(.ARM.Collect$$libinit$$00000023) for __rt_lib_init_stdio_1
    libinit.o(.ARM.Collect$$libinit$$00000000) refers (Special) to libinit2.o(.ARM.Collect$$libinit$$0000000A) for __rt_lib_init_user_alloc_1
    rtexit.o(.ARM.Collect$$rtexit$$00000000) refers (Special) to rtexit2.o(.ARM.Collect$$rtexit$$00000004) for __rt_exit_exit
    rtexit.o(.ARM.Collect$$rtexit$$00000000) refers (Special) to rtexit2.o(.ARM.Collect$$rtexit$$00000003) for __rt_exit_ls
    rtexit.o(.ARM.Collect$$rtexit$$00000000) refers (Special) to rtexit2.o(.ARM.Collect$$rtexit$$00000002) for __rt_exit_prels_1
    rtexit.o(.ARM.exidx) refers (Special) to rtexit2.o(.ARM.Collect$$rtexit$$00000004) for __rt_exit_exit
    rtexit.o(.ARM.exidx) refers (Special) to rtexit2.o(.ARM.Collect$$rtexit$$00000003) for __rt_exit_ls
    rtexit.o(.ARM.exidx) refers (Special) to rtexit2.o(.ARM.Collect$$rtexit$$00000002) for __rt_exit_prels_1
    rtexit.o(.ARM.exidx) refers to rtexit.o(.ARM.Collect$$rtexit$$00000000) for .ARM.Collect$$rtexit$$00000000
    libinit2.o(.ARM.Collect$$libinit$$0000000E) refers to libinit2.o(.ARM.Collect$$libinit$$0000000D) for .ARM.Collect$$libinit$$0000000D
    libinit2.o(.ARM.Collect$$libinit$$00000010) refers to libinit2.o(.ARM.Collect$$libinit$$0000000D) for .ARM.Collect$$libinit$$0000000D
    libinit2.o(.ARM.Collect$$libinit$$00000012) refers to libinit2.o(.ARM.Collect$$libinit$$0000000D) for .ARM.Collect$$libinit$$0000000D
    libinit2.o(.ARM.Collect$$libinit$$00000014) refers to libinit2.o(.ARM.Collect$$libinit$$0000000D) for .ARM.Collect$$libinit$$0000000D
    libinit2.o(.ARM.Collect$$libinit$$00000016) refers to libinit2.o(.ARM.Collect$$libinit$$0000000D) for .ARM.Collect$$libinit$$0000000D
    libinit2.o(.ARM.Collect$$libinit$$00000024) refers to argv_veneer.o(.emb_text) for __ARM_argv_veneer
    libinit2.o(.ARM.Collect$$libinit$$00000025) refers to argv_veneer.o(.emb_text) for __ARM_argv_veneer
    rtexit2.o(.ARM.Collect$$rtexit$$00000003) refers to libshutdown.o(.ARM.Collect$$libshutdown$$00000000) for __rt_lib_shutdown
    rtexit2.o(.ARM.Collect$$rtexit$$00000004) refers to retarget.o(.text) for _sys_exit
    rtexit2.o(.ARM.exidx) refers to rtexit2.o(.ARM.Collect$$rtexit$$00000001) for .ARM.Collect$$rtexit$$00000001
    rtexit2.o(.ARM.exidx) refers to rtexit2.o(.ARM.Collect$$rtexit$$00000003) for .ARM.Collect$$rtexit$$00000003
    rtexit2.o(.ARM.exidx) refers to rtexit2.o(.ARM.Collect$$rtexit$$00000004) for .ARM.Collect$$rtexit$$00000004
    argv_veneer.o(.emb_text) refers to no_argv.o(.text) for __ARM_get_argv
    _get_argv_nomalloc.o(.text) refers (Special) to hrguard.o(.text) for __heap_region$guard
    _get_argv_nomalloc.o(.text) refers to defsig_rtmem_outer.o(.text) for __rt_SIGRTMEM
    _get_argv_nomalloc.o(.text) refers to sys_command.o(.text) for _sys_command_string
    libshutdown.o(.ARM.Collect$$libshutdown$$00000000) refers (Special) to libshutdown2.o(.ARM.Collect$$libshutdown$$00000006) for __rt_lib_shutdown_fp_trap_1
    libshutdown.o(.ARM.Collect$$libshutdown$$00000000) refers (Special) to libshutdown2.o(.ARM.Collect$$libshutdown$$0000000E) for __rt_lib_shutdown_heap_1
    libshutdown.o(.ARM.Collect$$libshutdown$$00000000) refers (Special) to libshutdown2.o(.ARM.Collect$$libshutdown$$0000000F) for __rt_lib_shutdown_return
    libshutdown.o(.ARM.Collect$$libshutdown$$00000000) refers (Special) to libshutdown2.o(.ARM.Collect$$libshutdown$$00000009) for __rt_lib_shutdown_signal_1
    libshutdown.o(.ARM.Collect$$libshutdown$$00000000) refers (Special) to libshutdown2.o(.ARM.Collect$$libshutdown$$00000003) for __rt_lib_shutdown_stdio_1
    libshutdown.o(.ARM.Collect$$libshutdown$$00000000) refers (Special) to libshutdown2.o(.ARM.Collect$$libshutdown$$0000000B) for __rt_lib_shutdown_user_alloc_1
    sys_command.o(.text) refers (Special) to use_no_semi.o(.text) for __I$use$semihosting
    sys_command.o(.text) refers (Special) to indicate_semi.o(.text) for __semihosting_library_function
    defsig_rtmem_outer.o(.text) refers to defsig_rtmem_inner.o(.text) for __rt_SIGRTMEM_inner
    defsig_rtmem_outer.o(.text) refers to defsig_exit.o(.text) for __sig_exit
    defsig_rtmem_formal.o(.text) refers to rt_raise.o(.text) for __rt_raise
    rt_raise.o(.text) refers to __raise.o(.text) for __raise
    rt_raise.o(.text) refers to retarget.o(.text) for _sys_exit
    defsig_exit.o(.text) refers to retarget.o(.text) for _sys_exit
    defsig_rtmem_inner.o(.text) refers to defsig_general.o(.text) for __default_signal_display
    __raise.o(.text) refers to defsig.o(CL$$defsig) for __default_signal_handler
    defsig_general.o(.text) refers to retarget.o(.text) for _ttywrch
    defsig.o(CL$$defsig) refers to defsig_rtmem_inner.o(.text) for __rt_SIGRTMEM_inner
    defsig_abrt_inner.o(.text) refers to defsig_general.o(.text) for __default_signal_display
    defsig_fpe_inner.o(.text) refers to defsig_general.o(.text) for __default_signal_display
    defsig_rtred_inner.o(.text) refers to defsig_general.o(.text) for __default_signal_display
    defsig_stak_inner.o(.text) refers to defsig_general.o(.text) for __default_signal_display
    defsig_pvfn_inner.o(.text) refers to defsig_general.o(.text) for __default_signal_display
    defsig_cppl_inner.o(.text) refers to defsig_general.o(.text) for __default_signal_display
    defsig_segv_inner.o(.text) refers to defsig_general.o(.text) for __default_signal_display
    defsig_other.o(.text) refers to defsig_general.o(.text) for __default_signal_display


==============================================================================

Removing Unused input sections from the image.

    Removing misc.o(.text), (228 bytes).
    Removing stm32f2xx_adc.o(.text), (1136 bytes).
    Removing stm32f2xx_can.o(.text), (2540 bytes).
    Removing stm32f2xx_crc.o(.text), (72 bytes).
    Removing stm32f2xx_cryp.o(.text), (656 bytes).
    Removing stm32f2xx_cryp_aes.o(.text), (1524 bytes).
    Removing stm32f2xx_cryp_des.o(.text), (468 bytes).
    Removing stm32f2xx_cryp_tdes.o(.text), (532 bytes).
    Removing stm32f2xx_dac.o(.text), (528 bytes).
    Removing stm32f2xx_dbgmcu.o(.text), (100 bytes).
    Removing stm32f2xx_dcmi.o(.text), (396 bytes).
    Removing stm32f2xx_dma.o(.text), (932 bytes).
    Removing stm32f2xx_exti.o(.text), (284 bytes).
    Removing stm32f2xx_flash.o(.text), (1224 bytes).
    Removing stm32f2xx_fsmc.o(.text), (1564 bytes).
    Removing stm32f2xx_hash.o(.text), (496 bytes).
    Removing stm32f2xx_hash_md5.o(.text), (534 bytes).
    Removing stm32f2xx_hash_sha1.o(.text), (548 bytes).
    Removing stm32f2xx_i2c.o(.text), (1064 bytes).
    Removing stm32f2xx_iwdg.o(.text), (64 bytes).
    Removing stm32f2xx_pwr.o(.text), (220 bytes).
    Removing stm32f2xx_rng.o(.text), (160 bytes).
    Removing stm32f2xx_rtc.o(.text), (2844 bytes).
    Removing stm32f2xx_sdio.o(.text), (500 bytes).
    Removing stm32f2xx_spi.o(.text), (932 bytes).
    Removing stm32f2xx_syscfg.o(.text), (140 bytes).
    Removing stm32f2xx_tim.o(.text), (3234 bytes).
    Removing stm32f2xx_wwdg.o(.text), (144 bytes).
    Removing core_cm3.o(.emb_text), (32 bytes).
    Removing rt_task.o(i.rt_tsk_pass), (48 bytes).
    Removing rt_task.o(i.rt_tsk_prio), (128 bytes).
    Removing rt_system.o(.emb_text), (0 bytes).
    Removing rt_system.o(i.rt_psh_req), (32 bytes).
    Removing rt_system.o(i.rt_resume), (176 bytes).
    Removing rt_system.o(i.rt_suspend), (44 bytes).
    Removing rt_system.o(i.rt_tsk_lock), (80 bytes).
    Removing rt_system.o(i.rt_tsk_unlock), (80 bytes).
    Removing rt_list.o(i.rt_get_same_rdy_prio), (36 bytes).
    Removing rt_list.o(i.rt_psq_enq), (88 bytes).
    Removing rt_membox.o(i._calloc_box), (30 bytes).
    Removing rt_event.o(i.isr_evt_set), (40 bytes).
    Removing rt_event.o(i.rt_evt_clr), (28 bytes).
    Removing rt_event.o(i.rt_evt_get), (12 bytes).
    Removing rt_event.o(i.rt_evt_set), (96 bytes).
    Removing rt_event.o(i.rt_evt_wait), (60 bytes).
    Removing rt_mailbox.o(i.isr_mbx_receive), (84 bytes).
    Removing rt_mailbox.o(i.isr_mbx_send), (14 bytes).
    Removing rt_mailbox.o(i.rt_mbx_check), (8 bytes).
    Removing rt_mailbox.o(i.rt_mbx_init), (26 bytes).
    Removing rt_mailbox.o(i.rt_mbx_send), (160 bytes).
    Removing rt_mailbox.o(i.rt_mbx_wait), (184 bytes).
    Removing rt_semaphore.o(i.isr_sem_send), (16 bytes).
    Removing rt_semaphore.o(i.rt_sem_init), (12 bytes).
    Removing rt_semaphore.o(i.rt_sem_send), (56 bytes).
    Removing rt_semaphore.o(i.rt_sem_wait), (60 bytes).
    Removing rt_time.o(i.rt_dly_wait), (6 bytes).
    Removing rt_time.o(i.rt_itv_set), (24 bytes).
    Removing rt_time.o(i.rt_itv_wait), (44 bytes).
    Removing rt_time.o(i.rt_time_get), (12 bytes).
    Removing rt_timer.o(i.rt_tmr_create), (80 bytes).
    Removing rt_timer.o(i.rt_tmr_kill), (52 bytes).

61 unused section(s) (total 24912 bytes) removed from the image.

==============================================================================

Image Symbol Table

    Local Symbols

    Symbol Name                              Value     Ov Type        Size  Object(Section)

    ../clib/angel/boardlib.s                 0x00000000   Number         0  boardinit3.o ABSOLUTE
    ../clib/angel/boardlib.s                 0x00000000   Number         0  boardinit2.o ABSOLUTE
    ../clib/angel/boardlib.s                 0x00000000   Number         0  boardinit1.o ABSOLUTE
    ../clib/angel/boardlib.s                 0x00000000   Number         0  boardshut.o ABSOLUTE
    ../clib/angel/handlers.s                 0x00000000   Number         0  __scatter_zi.o ABSOLUTE
    ../clib/angel/handlers.s                 0x00000000   Number         0  __scatter_copy.o ABSOLUTE
    ../clib/angel/kernel.s                   0x00000000   Number         0  rtexit.o ABSOLUTE
    ../clib/angel/kernel.s                   0x00000000   Number         0  rtexit2.o ABSOLUTE
    ../clib/angel/kernel.s                   0x00000000   Number         0  rtentry.o ABSOLUTE
    ../clib/angel/kernel.s                   0x00000000   Number         0  rtentry2.o ABSOLUTE
    ../clib/angel/kernel.s                   0x00000000   Number         0  rtentry4.o ABSOLUTE
    ../clib/angel/rt.s                       0x00000000   Number         0  rt_raise.o ABSOLUTE
    ../clib/angel/scatter.s                  0x00000000   Number         0  __scatter.o ABSOLUTE
    ../clib/angel/startup.s                  0x00000000   Number         0  __main.o ABSOLUTE
    ../clib/angel/sys.s                      0x00000000   Number         0  use_no_semi.o ABSOLUTE
    ../clib/angel/sys.s                      0x00000000   Number         0  libspace.o ABSOLUTE
    ../clib/angel/sys.s                      0x00000000   Number         0  indicate_semi.o ABSOLUTE
    ../clib/angel/sys.s                      0x00000000   Number         0  sys_stackheap_outer.o ABSOLUTE
    ../clib/angel/sysapp.c                   0x00000000   Number         0  sys_command.o ABSOLUTE
    ../clib/armsys.c                         0x00000000   Number         0  argv_veneer.o ABSOLUTE
    ../clib/armsys.c                         0x00000000   Number         0  argv_veneer.o ABSOLUTE
    ../clib/armsys.c                         0x00000000   Number         0  _get_argv_nomalloc.o ABSOLUTE
    ../clib/armsys.c                         0x00000000   Number         0  no_argv.o ABSOLUTE
    ../clib/heapalloc.c                      0x00000000   Number         0  hrguard.o ABSOLUTE
    ../clib/heapaux.c                        0x00000000   Number         0  heapauxi.o ABSOLUTE
    ../clib/libinit.s                        0x00000000   Number         0  libinit.o ABSOLUTE
    ../clib/libinit.s                        0x00000000   Number         0  libinit2.o ABSOLUTE
    ../clib/libinit.s                        0x00000000   Number         0  libshutdown2.o ABSOLUTE
    ../clib/libinit.s                        0x00000000   Number         0  libshutdown.o ABSOLUTE
    ../clib/printf.c                         0x00000000   Number         0  __2printf.o ABSOLUTE
    ../clib/printf.c                         0x00000000   Number         0  noretval__2printf.o ABSOLUTE
    ../clib/printf.c                         0x00000000   Number         0  _printf_char_file.o ABSOLUTE
    ../clib/printf.c                         0x00000000   Number         0  _printf_char_common.o ABSOLUTE
    ../clib/printf.c                         0x00000000   Number         0  __printf_nopercent.o ABSOLUTE
    ../clib/signal.c                         0x00000000   Number         0  defsig_general.o ABSOLUTE
    ../clib/signal.c                         0x00000000   Number         0  __raise.o ABSOLUTE
    ../clib/signal.c                         0x00000000   Number         0  defsig_rtmem_inner.o ABSOLUTE
    ../clib/signal.c                         0x00000000   Number         0  defsig_rtmem_formal.o ABSOLUTE
    ../clib/signal.c                         0x00000000   Number         0  defsig_rtmem_outer.o ABSOLUTE
    ../clib/signal.c                         0x00000000   Number         0  defsig_other.o ABSOLUTE
    ../clib/signal.c                         0x00000000   Number         0  defsig_exit.o ABSOLUTE
    ../clib/signal.c                         0x00000000   Number         0  defsig_segv_inner.o ABSOLUTE
    ../clib/signal.c                         0x00000000   Number         0  defsig_cppl_inner.o ABSOLUTE
    ../clib/signal.c                         0x00000000   Number         0  defsig_pvfn_inner.o ABSOLUTE
    ../clib/signal.c                         0x00000000   Number         0  defsig_stak_inner.o ABSOLUTE
    ../clib/signal.c                         0x00000000   Number         0  defsig_rtred_inner.o ABSOLUTE
    ../clib/signal.c                         0x00000000   Number         0  defsig_fpe_inner.o ABSOLUTE
    ../clib/signal.c                         0x00000000   Number         0  defsig_abrt_inner.o ABSOLUTE
    ../clib/signal.s                         0x00000000   Number         0  defsig.o ABSOLUTE
    ../clib/stdlib.c                         0x00000000   Number         0  exit.o ABSOLUTE
    ../fplib/fpinit.s                        0x00000000   Number         0  fpinit.o ABSOLUTE
    CMSIS\\core_cm3.c                        0x00000000   Number         0  core_cm3.o ABSOLUTE
    CMSIS\core_cm3.c                         0x00000000   Number         0  core_cm3.o ABSOLUTE
    Device\system_stm32f2xx.c                0x00000000   Number         0  system_stm32f2xx.o ABSOLUTE
    SRC\CM\HAL_CM3.c                         0x00000000   Number         0  hal_cm3.o ABSOLUTE
    SRC\CM\SVC_Table.s                       0x00000000   Number         0  SVC_Table.o ABSOLUTE
    SRC\CM\rt_Event.c                        0x00000000   Number         0  rt_event.o ABSOLUTE
    SRC\CM\rt_List.c                         0x00000000   Number         0  rt_list.o ABSOLUTE
    SRC\CM\rt_Mailbox.c                      0x00000000   Number         0  rt_mailbox.o ABSOLUTE
    SRC\CM\rt_MemBox.c                       0x00000000   Number         0  rt_membox.o ABSOLUTE
    SRC\CM\rt_Mutex.c                        0x00000000   Number         0  rt_mutex.o ABSOLUTE
    SRC\CM\rt_Robin.c                        0x00000000   Number         0  rt_robin.o ABSOLUTE
    SRC\CM\rt_Semaphore.c                    0x00000000   Number         0  rt_semaphore.o ABSOLUTE
    SRC\CM\rt_System.c                       0x00000000   Number         0  rt_system.o ABSOLUTE
    SRC\CM\rt_Task.c                         0x00000000   Number         0  rt_task.o ABSOLUTE
    SRC\CM\rt_Time.c                         0x00000000   Number         0  rt_time.o ABSOLUTE
    SRC\CM\rt_Timer.c                        0x00000000   Number         0  rt_timer.o ABSOLUTE
    SRC\\CM\\HAL_CM3.c                       0x00000000   Number         0  hal_cm3.o ABSOLUTE
    SRC\\CM\\rt_System.c                     0x00000000   Number         0  rt_system.o ABSOLUTE
    STM32F2xx_StdPeriph_Driver\src\misc.c    0x00000000   Number         0  misc.o ABSOLUTE
    STM32F2xx_StdPeriph_Driver\src\stm32f2xx_adc.c 0x00000000   Number         0  stm32f2xx_adc.o ABSOLUTE
    STM32F2xx_StdPeriph_Driver\src\stm32f2xx_can.c 0x00000000   Number         0  stm32f2xx_can.o ABSOLUTE
    STM32F2xx_StdPeriph_Driver\src\stm32f2xx_crc.c 0x00000000   Number         0  stm32f2xx_crc.o ABSOLUTE
    STM32F2xx_StdPeriph_Driver\src\stm32f2xx_cryp.c 0x00000000   Number         0  stm32f2xx_cryp.o ABSOLUTE
    STM32F2xx_StdPeriph_Driver\src\stm32f2xx_cryp_aes.c 0x00000000   Number         0  stm32f2xx_cryp_aes.o ABSOLUTE
    STM32F2xx_StdPeriph_Driver\src\stm32f2xx_cryp_des.c 0x00000000   Number         0  stm32f2xx_cryp_des.o ABSOLUTE
    STM32F2xx_StdPeriph_Driver\src\stm32f2xx_cryp_tdes.c 0x00000000   Number         0  stm32f2xx_cryp_tdes.o ABSOLUTE
    STM32F2xx_StdPeriph_Driver\src\stm32f2xx_dac.c 0x00000000   Number         0  stm32f2xx_dac.o ABSOLUTE
    STM32F2xx_StdPeriph_Driver\src\stm32f2xx_dbgmcu.c 0x00000000   Number         0  stm32f2xx_dbgmcu.o ABSOLUTE
    STM32F2xx_StdPeriph_Driver\src\stm32f2xx_dcmi.c 0x00000000   Number         0  stm32f2xx_dcmi.o ABSOLUTE
    STM32F2xx_StdPeriph_Driver\src\stm32f2xx_dma.c 0x00000000   Number         0  stm32f2xx_dma.o ABSOLUTE
    STM32F2xx_StdPeriph_Driver\src\stm32f2xx_exti.c 0x00000000   Number         0  stm32f2xx_exti.o ABSOLUTE
    STM32F2xx_StdPeriph_Driver\src\stm32f2xx_flash.c 0x00000000   Number         0  stm32f2xx_flash.o ABSOLUTE
    STM32F2xx_StdPeriph_Driver\src\stm32f2xx_fsmc.c 0x00000000   Number         0  stm32f2xx_fsmc.o ABSOLUTE
    STM32F2xx_StdPeriph_Driver\src\stm32f2xx_gpio.c 0x00000000   Number         0  stm32f2xx_gpio.o ABSOLUTE
    STM32F2xx_StdPeriph_Driver\src\stm32f2xx_hash.c 0x00000000   Number         0  stm32f2xx_hash.o ABSOLUTE
    STM32F2xx_StdPeriph_Driver\src\stm32f2xx_hash_md5.c 0x00000000   Number         0  stm32f2xx_hash_md5.o ABSOLUTE
    STM32F2xx_StdPeriph_Driver\src\stm32f2xx_hash_sha1.c 0x00000000   Number         0  stm32f2xx_hash_sha1.o ABSOLUTE
    STM32F2xx_StdPeriph_Driver\src\stm32f2xx_i2c.c 0x00000000   Number         0  stm32f2xx_i2c.o ABSOLUTE
    STM32F2xx_StdPeriph_Driver\src\stm32f2xx_iwdg.c 0x00000000   Number         0  stm32f2xx_iwdg.o ABSOLUTE
    STM32F2xx_StdPeriph_Driver\src\stm32f2xx_pwr.c 0x00000000   Number         0  stm32f2xx_pwr.o ABSOLUTE
    STM32F2xx_StdPeriph_Driver\src\stm32f2xx_rcc.c 0x00000000   Number         0  stm32f2xx_rcc.o ABSOLUTE
    STM32F2xx_StdPeriph_Driver\src\stm32f2xx_rng.c 0x00000000   Number         0  stm32f2xx_rng.o ABSOLUTE
    STM32F2xx_StdPeriph_Driver\src\stm32f2xx_rtc.c 0x00000000   Number         0  stm32f2xx_rtc.o ABSOLUTE
    STM32F2xx_StdPeriph_Driver\src\stm32f2xx_sdio.c 0x00000000   Number         0  stm32f2xx_sdio.o ABSOLUTE
    STM32F2xx_StdPeriph_Driver\src\stm32f2xx_spi.c 0x00000000   Number         0  stm32f2xx_spi.o ABSOLUTE
    STM32F2xx_StdPeriph_Driver\src\stm32f2xx_syscfg.c 0x00000000   Number         0  stm32f2xx_syscfg.o ABSOLUTE
    STM32F2xx_StdPeriph_Driver\src\stm32f2xx_tim.c 0x00000000   Number         0  stm32f2xx_tim.o ABSOLUTE
    STM32F2xx_StdPeriph_Driver\src\stm32f2xx_usart.c 0x00000000   Number         0  stm32f2xx_usart.o ABSOLUTE
    STM32F2xx_StdPeriph_Driver\src\stm32f2xx_wwdg.c 0x00000000   Number         0  stm32f2xx_wwdg.o ABSOLUTE
    User\RTX_Conf_CM.c                       0x00000000   Number         0  rtx_conf_cm.o ABSOLUTE
    User\Retarget.c                          0x00000000   Number         0  retarget.o ABSOLUTE
    User\main.c                              0x00000000   Number         0  main.o ABSOLUTE
    dc.s                                     0x00000000   Number         0  dc.o ABSOLUTE
    startup\startup_stm32f2xx.s              0x00000000   Number         0  startup_stm32f2xx.o ABSOLUTE
    RESET                                    0x08000000   Section      388  startup_stm32f2xx.o(RESET)
    !!!main                                  0x08000184   Section        8  __main.o(!!!main)
    !!!scatter                               0x0800018c   Section       52  __scatter.o(!!!scatter)
    !!handler_copy                           0x080001c0   Section       26  __scatter_copy.o(!!handler_copy)
    !!handler_zi                             0x080001dc   Section       28  __scatter_zi.o(!!handler_zi)
    .ARM.Collect$$libinit$$00000000          0x080001f8   Section        2  libinit.o(.ARM.Collect$$libinit$$00000000)
    .ARM.Collect$$libinit$$00000002          0x080001fa   Section        0  libinit2.o(.ARM.Collect$$libinit$$00000002)
    .ARM.Collect$$libinit$$00000008          0x080001fa   Section        0  libinit2.o(.ARM.Collect$$libinit$$00000008)
    .ARM.Collect$$libinit$$0000000A          0x080001fa   Section        0  libinit2.o(.ARM.Collect$$libinit$$0000000A)
    .ARM.Collect$$libinit$$0000000C          0x080001fa   Section        0  libinit2.o(.ARM.Collect$$libinit$$0000000C)
    .ARM.Collect$$libinit$$0000000F          0x080001fa   Section        0  libinit2.o(.ARM.Collect$$libinit$$0000000F)
    .ARM.Collect$$libinit$$00000011          0x080001fa   Section        0  libinit2.o(.ARM.Collect$$libinit$$00000011)
    .ARM.Collect$$libinit$$00000013          0x080001fa   Section        0  libinit2.o(.ARM.Collect$$libinit$$00000013)
    .ARM.Collect$$libinit$$00000015          0x080001fa   Section        0  libinit2.o(.ARM.Collect$$libinit$$00000015)
    .ARM.Collect$$libinit$$00000017          0x080001fa   Section        0  libinit2.o(.ARM.Collect$$libinit$$00000017)
    .ARM.Collect$$libinit$$00000019          0x080001fa   Section        0  libinit2.o(.ARM.Collect$$libinit$$00000019)
    .ARM.Collect$$libinit$$0000001B          0x080001fa   Section        0  libinit2.o(.ARM.Collect$$libinit$$0000001B)
    .ARM.Collect$$libinit$$0000001D          0x080001fa   Section        0  libinit2.o(.ARM.Collect$$libinit$$0000001D)
    .ARM.Collect$$libinit$$0000001F          0x080001fa   Section        0  libinit2.o(.ARM.Collect$$libinit$$0000001F)
    .ARM.Collect$$libinit$$00000021          0x080001fa   Section        0  libinit2.o(.ARM.Collect$$libinit$$00000021)
    .ARM.Collect$$libinit$$00000023          0x080001fa   Section        0  libinit2.o(.ARM.Collect$$libinit$$00000023)
    .ARM.Collect$$libinit$$0000002A          0x080001fa   Section        0  libinit2.o(.ARM.Collect$$libinit$$0000002A)
    .ARM.Collect$$libinit$$0000002C          0x080001fa   Section        0  libinit2.o(.ARM.Collect$$libinit$$0000002C)
    .ARM.Collect$$libinit$$0000002E          0x080001fa   Section        0  libinit2.o(.ARM.Collect$$libinit$$0000002E)
    .ARM.Collect$$libinit$$00000030          0x080001fa   Section        0  libinit2.o(.ARM.Collect$$libinit$$00000030)
    .ARM.Collect$$libinit$$00000031          0x080001fa   Section        2  libinit2.o(.ARM.Collect$$libinit$$00000031)
    .ARM.Collect$$libshutdown$$00000000      0x080001fc   Section        2  libshutdown.o(.ARM.Collect$$libshutdown$$00000000)
    .ARM.Collect$$libshutdown$$00000003      0x080001fe   Section        0  libshutdown2.o(.ARM.Collect$$libshutdown$$00000003)
    .ARM.Collect$$libshutdown$$00000006      0x080001fe   Section        0  libshutdown2.o(.ARM.Collect$$libshutdown$$00000006)
    .ARM.Collect$$libshutdown$$00000009      0x080001fe   Section        0  libshutdown2.o(.ARM.Collect$$libshutdown$$00000009)
    .ARM.Collect$$libshutdown$$0000000B      0x080001fe   Section        0  libshutdown2.o(.ARM.Collect$$libshutdown$$0000000B)
    .ARM.Collect$$libshutdown$$0000000E      0x080001fe   Section        0  libshutdown2.o(.ARM.Collect$$libshutdown$$0000000E)
    .ARM.Collect$$libshutdown$$0000000F      0x080001fe   Section        2  libshutdown2.o(.ARM.Collect$$libshutdown$$0000000F)
    .ARM.Collect$$rtentry$$00000000          0x08000200   Section        0  rtentry.o(.ARM.Collect$$rtentry$$00000000)
    .ARM.Collect$$rtentry$$00000002          0x08000200   Section        0  rtentry2.o(.ARM.Collect$$rtentry$$00000002)
    .ARM.Collect$$rtentry$$00000004          0x08000200   Section        6  rtentry4.o(.ARM.Collect$$rtentry$$00000004)
    .ARM.Collect$$rtentry$$00000009          0x08000206   Section        0  rtentry2.o(.ARM.Collect$$rtentry$$00000009)
    .ARM.Collect$$rtentry$$0000000A          0x08000206   Section        4  rtentry2.o(.ARM.Collect$$rtentry$$0000000A)
    .ARM.Collect$$rtentry$$0000000C          0x0800020a   Section        0  rtentry2.o(.ARM.Collect$$rtentry$$0000000C)
    .ARM.Collect$$rtentry$$0000000D          0x0800020a   Section        8  rtentry2.o(.ARM.Collect$$rtentry$$0000000D)
    .ARM.Collect$$rtexit$$00000000           0x08000212   Section        2  rtexit.o(.ARM.Collect$$rtexit$$00000000)
    .ARM.Collect$$rtexit$$00000002           0x08000214   Section        0  rtexit2.o(.ARM.Collect$$rtexit$$00000002)
    .ARM.Collect$$rtexit$$00000003           0x08000214   Section        4  rtexit2.o(.ARM.Collect$$rtexit$$00000003)
    .ARM.Collect$$rtexit$$00000004           0x08000218   Section        6  rtexit2.o(.ARM.Collect$$rtexit$$00000004)
    .emb_text                                0x08000220   Section      340  hal_cm3.o(.emb_text)
    .text                                    0x08000374   Section       64  startup_stm32f2xx.o(.text)
    .text                                    0x080003b4   Section        0  system_stm32f2xx.o(.text)
    SetSysClock                              0x080003b5   Thumb Code   190  system_stm32f2xx.o(.text)
    .text                                    0x08000594   Section        0  stm32f2xx_gpio.o(.text)
    .text                                    0x080007f0   Section        0  stm32f2xx_rcc.o(.text)
    .text                                    0x08000d78   Section        0  stm32f2xx_usart.o(.text)
    .text                                    0x08001194   Section        0  main.o(.text)
    .text                                    0x08001560   Section        0  rtx_conf_cm.o(.text)
    __tagsym$$used                           0x080015ab   Number         0  rtx_conf_cm.o(.text)
    __tagsym$$used                           0x080015c5   Number         0  rtx_conf_cm.o(.text)
    .text                                    0x080015f4   Section        0  retarget.o(.text)
    .text                                    0x0800162c   Section        8  libspace.o(.text)
    .text                                    0x08001634   Section        2  use_no_semi.o(.text)
    .text                                    0x08001638   Section        0  noretval__2printf.o(.text)
    .text                                    0x08001650   Section        0  heapauxi.o(.text)
    .text                                    0x08001658   Section        0  _printf_char_file.o(.text)
    .text                                    0x0800167c   Section        0  _printf_char_common.o(.text)
    _printf_input_char                       0x0800167d   Thumb Code    10  _printf_char_common.o(.text)
    .text                                    0x080016ac   Section       74  sys_stackheap_outer.o(.text)
    .text                                    0x080016f6   Section        0  __printf_nopercent.o(.text)
    .text                                    0x0800171c   Section        0  exit.o(.text)
    SVC_TABLE                                0x08001728   Section        4  SVC_Table.o(SVC_TABLE)
    i._init_box                              0x0800172c   Section        0  rt_membox.o(i._init_box)
    i.dbg_init                               0x08001774   Section        0  hal_cm3.o(i.dbg_init)
    i.dbg_task_notify                        0x080017a4   Section        0  hal_cm3.o(i.dbg_task_notify)
    i.dbg_task_switch                        0x080017c4   Section        0  hal_cm3.o(i.dbg_task_switch)
    i.os_tick_init                           0x080017d4   Section        0  rt_system.o(i.os_tick_init)
    i.os_tick_irqack                         0x080017fc   Section        0  rt_system.o(i.os_tick_irqack)
    i.rt_alloc_box                           0x080017fe   Section        0  rt_membox.o(i.rt_alloc_box)
    i.rt_block                               0x08001818   Section        0  rt_task.o(i.rt_block)
    i.rt_chk_robin                           0x08001850   Section        0  rt_robin.o(i.rt_chk_robin)
    i.rt_dec_dly                             0x08001898   Section        0  rt_list.o(i.rt_dec_dly)
    i.rt_dispatch                            0x0800190c   Section        0  rt_task.o(i.rt_dispatch)
    i.rt_evt_psh                             0x08001950   Section        0  rt_event.o(i.rt_evt_psh)
    i.rt_free_box                            0x0800199c   Section        0  rt_membox.o(i.rt_free_box)
    i.rt_get_first                           0x080019bc   Section        0  rt_list.o(i.rt_get_first)
    i.rt_init_context                        0x080019e4   Section        0  rt_task.o(i.rt_init_context)
    rt_init_context                          0x080019e5   Thumb Code    64  rt_task.o(i.rt_init_context)
    i.rt_init_robin                          0x08001a28   Section        0  rt_robin.o(i.rt_init_robin)
    i.rt_init_stack                          0x08001a40   Section        0  hal_cm3.o(i.rt_init_stack)
    i.rt_mbx_psh                             0x08001a90   Section        0  rt_mailbox.o(i.rt_mbx_psh)
    i.rt_mut_init                            0x08001b50   Section        0  rt_mutex.o(i.rt_mut_init)
    i.rt_mut_release                         0x08001b60   Section        0  rt_mutex.o(i.rt_mut_release)
    i.rt_mut_wait                            0x08001c0c   Section        0  rt_mutex.o(i.rt_mut_wait)
    i.rt_pop_req                             0x08001c70   Section        0  rt_system.o(i.rt_pop_req)
    i.rt_put_dly                             0x08001ce8   Section        0  rt_list.o(i.rt_put_dly)
    i.rt_put_prio                            0x08001d30   Section        0  rt_list.o(i.rt_put_prio)
    i.rt_put_rdy_first                       0x08001d68   Section        0  rt_list.o(i.rt_put_rdy_first)
    i.rt_resort_prio                         0x08001d7c   Section        0  rt_list.o(i.rt_resort_prio)
    i.rt_rmv_dly                             0x08001db0   Section        0  rt_list.o(i.rt_rmv_dly)
    i.rt_rmv_list                            0x08001dd8   Section        0  rt_list.o(i.rt_rmv_list)
    i.rt_sem_psh                             0x08001e08   Section        0  rt_semaphore.o(i.rt_sem_psh)
    i.rt_stk_check                           0x08001e3c   Section        0  rt_system.o(i.rt_stk_check)
    i.rt_switch_req                          0x08001e60   Section        0  rt_task.o(i.rt_switch_req)
    i.rt_sys_init                            0x08001e88   Section        0  rt_task.o(i.rt_sys_init)
    i.rt_systick                             0x08001fe0   Section        0  rt_system.o(i.rt_systick)
    i.rt_tmr_tick                            0x0800201c   Section        0  rt_timer.o(i.rt_tmr_tick)
    i.rt_tsk_create                          0x0800205c   Section        0  rt_task.o(i.rt_tsk_create)
    i.rt_tsk_delete                          0x080020f0   Section        0  rt_task.o(i.rt_tsk_delete)
    i.rt_tsk_self                            0x080021ac   Section        0  rt_task.o(i.rt_tsk_self)
    .constdata                               0x080021bc   Section       40  rtx_conf_cm.o(.constdata)
    __tagsym$$used                           0x080021d0   Number         0  rtx_conf_cm.o(.constdata)
    __tagsym$$used                           0x080021d4   Number         0  rtx_conf_cm.o(.constdata)
    .data                                    0x20000000   Section       20  system_stm32f2xx.o(.data)
    .data                                    0x20000014   Section       16  stm32f2xx_rcc.o(.data)
    APBAHBPrescTable                         0x20000014   Data          16  stm32f2xx_rcc.o(.data)
    .data                                    0x20000024   Section        8  main.o(.data)
    .data                                    0x2000002c   Section        8  rtx_conf_cm.o(.data)
    nr_mutex                                 0x20000030   Data           4  rtx_conf_cm.o(.data)
    .data                                    0x20000034   Section        8  retarget.o(.data)
    .data                                    0x2000003c   Section        8  rt_task.o(.data)
    .data                                    0x20000044   Section        1  hal_cm3.o(.data)
    .data                                    0x20000048   Section        8  rt_system.o(.data)
    os_lock                                  0x20000048   Data           1  rt_system.o(.data)
    os_psh_flag                              0x20000049   Data           1  rt_system.o(.data)
    pend_flags                               0x2000004a   Data           1  rt_system.o(.data)
    .data                                    0x20000050   Section        8  rt_robin.o(.data)
    .data                                    0x20000058   Section        4  rt_time.o(.data)
    .data                                    0x2000005c   Section        8  rt_timer.o(.data)
    .bss                                     0x20000068   Section     3244  rtx_conf_cm.o(.bss)
    std_libspace                             0x200009b4   Data         768  rtx_conf_cm.o(.bss)
    std_libmutex                             0x20000cb4   Data          96  rtx_conf_cm.o(.bss)
    .bss                                     0x20000d14   Section       48  rt_task.o(.bss)
    .bss                                     0x20000d44   Section       48  rt_list.o(.bss)
    .bss                                     0x20000d74   Section       96  libspace.o(.bss)
    HEAP                                     0x20000dd8   Section      512  startup_stm32f2xx.o(HEAP)
    Heap_Mem                                 0x20000dd8   Data         512  startup_stm32f2xx.o(HEAP)
    STACK                                    0x20000fd8   Section     1024  startup_stm32f2xx.o(STACK)
    Stack_Mem                                0x20000fd8   Data        1024  startup_stm32f2xx.o(STACK)
    __initial_sp                             0x200013d8   Data           0  startup_stm32f2xx.o(STACK)

    Global Symbols

    Symbol Name                              Value     Ov Type        Size  Object(Section)

    BuildAttributes$$THM_ISAv4$P$D$K$B$S$PE$A:L22UL41UL21$X:L11$S22US41US21$IEEE1$IW$USESV6$~STKCKD$USESV7$~SHL$OSPACE$ROPI$EBA8$UX$STANDARDLIB$REQ8$PRES8$EABIv2 0x00000000   Number         0  anon$$obj.o ABSOLUTE
    __ARM_use_no_argv                        0x00000000   Number         0  main.o ABSOLUTE
    __ARM_exceptions_init                     - Undefined Weak Reference
    __alloca_initialize                       - Undefined Weak Reference
    __cpp_initialize__aeabi_                  - Undefined Weak Reference
    __cxa_finalize                            - Undefined Weak Reference
    __rt_locale                               - Undefined Weak Reference
    __sigvec_lookup                           - Undefined Weak Reference
    _atexit_init                              - Undefined Weak Reference
    _call_atexit_fns                          - Undefined Weak Reference
    _clock_init                               - Undefined Weak Reference
    _fp_trap_init                             - Undefined Weak Reference
    _fp_trap_shutdown                         - Undefined Weak Reference
    _get_lc_collate                           - Undefined Weak Reference
    _get_lc_ctype                             - Undefined Weak Reference
    _get_lc_monetary                          - Undefined Weak Reference
    _get_lc_numeric                           - Undefined Weak Reference
    _get_lc_time                              - Undefined Weak Reference
    _getenv_init                              - Undefined Weak Reference
    _handle_redirection                       - Undefined Weak Reference
    _init_alloc                               - Undefined Weak Reference
    _init_user_alloc                          - Undefined Weak Reference
    _initio                                   - Undefined Weak Reference
    _rand_init                                - Undefined Weak Reference
    _signal_finish                            - Undefined Weak Reference
    _signal_init                              - Undefined Weak Reference
    _terminate_alloc                          - Undefined Weak Reference
    _terminate_user_alloc                     - Undefined Weak Reference
    _terminateio                              - Undefined Weak Reference
    __Vectors_Size                           0x00000184   Number         0  startup_stm32f2xx.o ABSOLUTE
    __RL_RTX_VER                             0x00000470   Number         0  rt_system.o ABSOLUTE
    __Vectors                                0x08000000   Data           4  startup_stm32f2xx.o(RESET)
    __Vectors_End                            0x08000184   Data           0  startup_stm32f2xx.o(RESET)
    __main                                   0x08000185   Thumb Code     8  __main.o(!!!main)
    __scatterload                            0x0800018d   Thumb Code     0  __scatter.o(!!!scatter)
    __scatterload_rt2                        0x0800018d   Thumb Code    44  __scatter.o(!!!scatter)
    __scatterload_rt2_thumb_only             0x0800018d   Thumb Code     0  __scatter.o(!!!scatter)
    __scatterload_null                       0x0800019b   Thumb Code     0  __scatter.o(!!!scatter)
    __scatterload_copy                       0x080001c1   Thumb Code    26  __scatter_copy.o(!!handler_copy)
    __scatterload_zeroinit                   0x080001dd   Thumb Code    28  __scatter_zi.o(!!handler_zi)
    __rt_lib_init                            0x080001f9   Thumb Code     0  libinit.o(.ARM.Collect$$libinit$$00000000)
    __rt_lib_init_alloca_1                   0x080001fb   Thumb Code     0  libinit2.o(.ARM.Collect$$libinit$$0000002C)
    __rt_lib_init_argv_1                     0x080001fb   Thumb Code     0  libinit2.o(.ARM.Collect$$libinit$$0000002A)
    __rt_lib_init_atexit_1                   0x080001fb   Thumb Code     0  libinit2.o(.ARM.Collect$$libinit$$00000019)
    __rt_lib_init_clock_1                    0x080001fb   Thumb Code     0  libinit2.o(.ARM.Collect$$libinit$$0000001F)
    __rt_lib_init_cpp_1                      0x080001fb   Thumb Code     0  libinit2.o(.ARM.Collect$$libinit$$00000030)
    __rt_lib_init_exceptions_1               0x080001fb   Thumb Code     0  libinit2.o(.ARM.Collect$$libinit$$0000002E)
    __rt_lib_init_fp_1                       0x080001fb   Thumb Code     0  libinit2.o(.ARM.Collect$$libinit$$00000002)
    __rt_lib_init_fp_trap_1                  0x080001fb   Thumb Code     0  libinit2.o(.ARM.Collect$$libinit$$0000001D)
    __rt_lib_init_getenv_1                   0x080001fb   Thumb Code     0  libinit2.o(.ARM.Collect$$libinit$$00000021)
    __rt_lib_init_heap_1                     0x080001fb   Thumb Code     0  libinit2.o(.ARM.Collect$$libinit$$00000008)
    __rt_lib_init_lc_collate_1               0x080001fb   Thumb Code     0  libinit2.o(.ARM.Collect$$libinit$$0000000F)
    __rt_lib_init_lc_ctype_1                 0x080001fb   Thumb Code     0  libinit2.o(.ARM.Collect$$libinit$$00000011)
    __rt_lib_init_lc_monetary_1              0x080001fb   Thumb Code     0  libinit2.o(.ARM.Collect$$libinit$$00000013)
    __rt_lib_init_lc_numeric_1               0x080001fb   Thumb Code     0  libinit2.o(.ARM.Collect$$libinit$$00000015)
    __rt_lib_init_lc_time_1                  0x080001fb   Thumb Code     0  libinit2.o(.ARM.Collect$$libinit$$00000017)
    __rt_lib_init_rand_1                     0x080001fb   Thumb Code     0  libinit2.o(.ARM.Collect$$libinit$$0000000C)
    __rt_lib_init_return                     0x080001fb   Thumb Code     0  libinit2.o(.ARM.Collect$$libinit$$00000031)
    __rt_lib_init_signal_1                   0x080001fb   Thumb Code     0  libinit2.o(.ARM.Collect$$libinit$$0000001B)
    __rt_lib_init_stdio_1                    0x080001fb   Thumb Code     0  libinit2.o(.ARM.Collect$$libinit$$00000023)
    __rt_lib_init_user_alloc_1               0x080001fb   Thumb Code     0  libinit2.o(.ARM.Collect$$libinit$$0000000A)
    __rt_lib_shutdown                        0x080001fd   Thumb Code     0  libshutdown.o(.ARM.Collect$$libshutdown$$00000000)
    __rt_lib_shutdown_fp_trap_1              0x080001ff   Thumb Code     0  libshutdown2.o(.ARM.Collect$$libshutdown$$00000006)
    __rt_lib_shutdown_heap_1                 0x080001ff   Thumb Code     0  libshutdown2.o(.ARM.Collect$$libshutdown$$0000000E)
    __rt_lib_shutdown_return                 0x080001ff   Thumb Code     0  libshutdown2.o(.ARM.Collect$$libshutdown$$0000000F)
    __rt_lib_shutdown_signal_1               0x080001ff   Thumb Code     0  libshutdown2.o(.ARM.Collect$$libshutdown$$00000009)
    __rt_lib_shutdown_stdio_1                0x080001ff   Thumb Code     0  libshutdown2.o(.ARM.Collect$$libshutdown$$00000003)
    __rt_lib_shutdown_user_alloc_1           0x080001ff   Thumb Code     0  libshutdown2.o(.ARM.Collect$$libshutdown$$0000000B)
    __rt_entry                               0x08000201   Thumb Code     0  rtentry.o(.ARM.Collect$$rtentry$$00000000)
    __rt_entry_presh_1                       0x08000201   Thumb Code     0  rtentry2.o(.ARM.Collect$$rtentry$$00000002)
    __rt_entry_sh                            0x08000201   Thumb Code     0  rtentry4.o(.ARM.Collect$$rtentry$$00000004)
    __rt_entry_li                            0x08000207   Thumb Code     0  rtentry2.o(.ARM.Collect$$rtentry$$0000000A)
    __rt_entry_postsh_1                      0x08000207   Thumb Code     0  rtentry2.o(.ARM.Collect$$rtentry$$00000009)
    __rt_entry_main                          0x0800020b   Thumb Code     0  rtentry2.o(.ARM.Collect$$rtentry$$0000000D)
    __rt_entry_postli_1                      0x0800020b   Thumb Code     0  rtentry2.o(.ARM.Collect$$rtentry$$0000000C)
    __rt_exit                                0x08000213   Thumb Code     0  rtexit.o(.ARM.Collect$$rtexit$$00000000)
    __rt_exit_ls                             0x08000215   Thumb Code     0  rtexit2.o(.ARM.Collect$$rtexit$$00000003)
    __rt_exit_prels_1                        0x08000215   Thumb Code     0  rtexit2.o(.ARM.Collect$$rtexit$$00000002)
    __rt_exit_exit                           0x08000219   Thumb Code     0  rtexit2.o(.ARM.Collect$$rtexit$$00000004)
    rt_set_PSP                               0x08000221   Thumb Code     6  hal_cm3.o(.emb_text)
    rt_get_PSP                               0x08000227   Thumb Code     6  hal_cm3.o(.emb_text)
    os_set_env                               0x0800022d   Thumb Code    24  hal_cm3.o(.emb_text)
    _alloc_box                               0x08000249   Thumb Code    28  hal_cm3.o(.emb_text)
    _free_box                                0x08000269   Thumb Code    28  hal_cm3.o(.emb_text)
    SVC_Handler                              0x08000289   Thumb Code   124  hal_cm3.o(.emb_text)
    PendSV_Handler                           0x08000311   Thumb Code    76  hal_cm3.o(.emb_text)
    SysTick_Handler                          0x08000361   Thumb Code     8  hal_cm3.o(.emb_text)
    OS_Tick_Handler                          0x08000369   Thumb Code    12  hal_cm3.o(.emb_text)
    Reset_Handler                            0x08000375   Thumb Code     8  startup_stm32f2xx.o(.text)
    NMI_Handler                              0x0800037d   Thumb Code     2  startup_stm32f2xx.o(.text)
    HardFault_Handler                        0x0800037f   Thumb Code     2  startup_stm32f2xx.o(.text)
    MemManage_Handler                        0x08000381   Thumb Code     2  startup_stm32f2xx.o(.text)
    BusFault_Handler                         0x08000383   Thumb Code     2  startup_stm32f2xx.o(.text)
    UsageFault_Handler                       0x08000385   Thumb Code     2  startup_stm32f2xx.o(.text)
    DebugMon_Handler                         0x08000389   Thumb Code     2  startup_stm32f2xx.o(.text)
    ADC_IRQHandler                           0x0800038f   Thumb Code     0  startup_stm32f2xx.o(.text)
    CAN1_RX0_IRQHandler                      0x0800038f   Thumb Code     0  startup_stm32f2xx.o(.text)
    CAN1_RX1_IRQHandler                      0x0800038f   Thumb Code     0  startup_stm32f2xx.o(.text)
    CAN1_SCE_IRQHandler                      0x0800038f   Thumb Code     0  startup_stm32f2xx.o(.text)
    CAN1_TX_IRQHandler                       0x0800038f   Thumb Code     0  startup_stm32f2xx.o(.text)
    CAN2_RX0_IRQHandler                      0x0800038f   Thumb Code     0  startup_stm32f2xx.o(.text)
    CAN2_RX1_IRQHandler                      0x0800038f   Thumb Code     0  startup_stm32f2xx.o(.text)
    CAN2_SCE_IRQHandler                      0x0800038f   Thumb Code     0  startup_stm32f2xx.o(.text)
    CAN2_TX_IRQHandler                       0x0800038f   Thumb Code     0  startup_stm32f2xx.o(.text)
    CRYP_IRQHandler                          0x0800038f   Thumb Code     0  startup_stm32f2xx.o(.text)
    DCMI_IRQHandler                          0x0800038f   Thumb Code     0  startup_stm32f2xx.o(.text)
    DMA1_Stream0_IRQHandler                  0x0800038f   Thumb Code     0  startup_stm32f2xx.o(.text)
    DMA1_Stream1_IRQHandler                  0x0800038f   Thumb Code     0  startup_stm32f2xx.o(.text)
    DMA1_Stream2_IRQHandler                  0x0800038f   Thumb Code     0  startup_stm32f2xx.o(.text)
    DMA1_Stream3_IRQHandler                  0x0800038f   Thumb Code     0  startup_stm32f2xx.o(.text)
    DMA1_Stream4_IRQHandler                  0x0800038f   Thumb Code     0  startup_stm32f2xx.o(.text)
    DMA1_Stream5_IRQHandler                  0x0800038f   Thumb Code     0  startup_stm32f2xx.o(.text)
    DMA1_Stream6_IRQHandler                  0x0800038f   Thumb Code     0  startup_stm32f2xx.o(.text)
    DMA1_Stream7_IRQHandler                  0x0800038f   Thumb Code     0  startup_stm32f2xx.o(.text)
    DMA2_Stream0_IRQHandler                  0x0800038f   Thumb Code     0  startup_stm32f2xx.o(.text)
    DMA2_Stream1_IRQHandler                  0x0800038f   Thumb Code     0  startup_stm32f2xx.o(.text)
    DMA2_Stream2_IRQHandler                  0x0800038f   Thumb Code     0  startup_stm32f2xx.o(.text)
    DMA2_Stream3_IRQHandler                  0x0800038f   Thumb Code     0  startup_stm32f2xx.o(.text)
    DMA2_Stream4_IRQHandler                  0x0800038f   Thumb Code     0  startup_stm32f2xx.o(.text)
    DMA2_Stream5_IRQHandler                  0x0800038f   Thumb Code     0  startup_stm32f2xx.o(.text)
    DMA2_Stream6_IRQHandler                  0x0800038f   Thumb Code     0  startup_stm32f2xx.o(.text)
    DMA2_Stream7_IRQHandler                  0x0800038f   Thumb Code     0  startup_stm32f2xx.o(.text)
    ETH_IRQHandler                           0x0800038f   Thumb Code     0  startup_stm32f2xx.o(.text)
    ETH_WKUP_IRQHandler                      0x0800038f   Thumb Code     0  startup_stm32f2xx.o(.text)
    EXTI0_IRQHandler                         0x0800038f   Thumb Code     0  startup_stm32f2xx.o(.text)
    EXTI15_10_IRQHandler                     0x0800038f   Thumb Code     0  startup_stm32f2xx.o(.text)
    EXTI1_IRQHandler                         0x0800038f   Thumb Code     0  startup_stm32f2xx.o(.text)
    EXTI2_IRQHandler                         0x0800038f   Thumb Code     0  startup_stm32f2xx.o(.text)
    EXTI3_IRQHandler                         0x0800038f   Thumb Code     0  startup_stm32f2xx.o(.text)
    EXTI4_IRQHandler                         0x0800038f   Thumb Code     0  startup_stm32f2xx.o(.text)
    EXTI9_5_IRQHandler                       0x0800038f   Thumb Code     0  startup_stm32f2xx.o(.text)
    FLASH_IRQHandler                         0x0800038f   Thumb Code     0  startup_stm32f2xx.o(.text)
    FSMC_IRQHandler                          0x0800038f   Thumb Code     0  startup_stm32f2xx.o(.text)
    HASH_RNG_IRQHandler                      0x0800038f   Thumb Code     0  startup_stm32f2xx.o(.text)
    I2C1_ER_IRQHandler                       0x0800038f   Thumb Code     0  startup_stm32f2xx.o(.text)
    I2C1_EV_IRQHandler                       0x0800038f   Thumb Code     0  startup_stm32f2xx.o(.text)
    I2C2_ER_IRQHandler                       0x0800038f   Thumb Code     0  startup_stm32f2xx.o(.text)
    I2C2_EV_IRQHandler                       0x0800038f   Thumb Code     0  startup_stm32f2xx.o(.text)
    I2C3_ER_IRQHandler                       0x0800038f   Thumb Code     0  startup_stm32f2xx.o(.text)
    I2C3_EV_IRQHandler                       0x0800038f   Thumb Code     0  startup_stm32f2xx.o(.text)
    OTG_FS_IRQHandler                        0x0800038f   Thumb Code     0  startup_stm32f2xx.o(.text)
    OTG_FS_WKUP_IRQHandler                   0x0800038f   Thumb Code     0  startup_stm32f2xx.o(.text)
    OTG_HS_EP1_IN_IRQHandler                 0x0800038f   Thumb Code     0  startup_stm32f2xx.o(.text)
    OTG_HS_EP1_OUT_IRQHandler                0x0800038f   Thumb Code     0  startup_stm32f2xx.o(.text)
    OTG_HS_IRQHandler                        0x0800038f   Thumb Code     0  startup_stm32f2xx.o(.text)
    OTG_HS_WKUP_IRQHandler                   0x0800038f   Thumb Code     0  startup_stm32f2xx.o(.text)
    PVD_IRQHandler                           0x0800038f   Thumb Code     0  startup_stm32f2xx.o(.text)
    RCC_IRQHandler                           0x0800038f   Thumb Code     0  startup_stm32f2xx.o(.text)
    RTC_Alarm_IRQHandler                     0x0800038f   Thumb Code     0  startup_stm32f2xx.o(.text)
    RTC_WKUP_IRQHandler                      0x0800038f   Thumb Code     0  startup_stm32f2xx.o(.text)
    SDIO_IRQHandler                          0x0800038f   Thumb Code     0  startup_stm32f2xx.o(.text)
    SPI1_IRQHandler                          0x0800038f   Thumb Code     0  startup_stm32f2xx.o(.text)
    SPI2_IRQHandler                          0x0800038f   Thumb Code     0  startup_stm32f2xx.o(.text)
    SPI3_IRQHandler                          0x0800038f   Thumb Code     0  startup_stm32f2xx.o(.text)
    TAMP_STAMP_IRQHandler                    0x0800038f   Thumb Code     0  startup_stm32f2xx.o(.text)
    TIM1_BRK_TIM9_IRQHandler                 0x0800038f   Thumb Code     0  startup_stm32f2xx.o(.text)
    TIM1_CC_IRQHandler                       0x0800038f   Thumb Code     0  startup_stm32f2xx.o(.text)
    TIM1_TRG_COM_TIM11_IRQHandler            0x0800038f   Thumb Code     0  startup_stm32f2xx.o(.text)
    TIM1_UP_TIM10_IRQHandler                 0x0800038f   Thumb Code     0  startup_stm32f2xx.o(.text)
    TIM2_IRQHandler                          0x0800038f   Thumb Code     0  startup_stm32f2xx.o(.text)
    TIM3_IRQHandler                          0x0800038f   Thumb Code     0  startup_stm32f2xx.o(.text)
    TIM4_IRQHandler                          0x0800038f   Thumb Code     0  startup_stm32f2xx.o(.text)
    TIM5_IRQHandler                          0x0800038f   Thumb Code     0  startup_stm32f2xx.o(.text)
    TIM6_DAC_IRQHandler                      0x0800038f   Thumb Code     0  startup_stm32f2xx.o(.text)
    TIM7_IRQHandler                          0x0800038f   Thumb Code     0  startup_stm32f2xx.o(.text)
    TIM8_BRK_TIM12_IRQHandler                0x0800038f   Thumb Code     0  startup_stm32f2xx.o(.text)
    TIM8_CC_IRQHandler                       0x0800038f   Thumb Code     0  startup_stm32f2xx.o(.text)
    TIM8_TRG_COM_TIM14_IRQHandler            0x0800038f   Thumb Code     0  startup_stm32f2xx.o(.text)
    TIM8_UP_TIM13_IRQHandler                 0x0800038f   Thumb Code     0  startup_stm32f2xx.o(.text)
    UART4_IRQHandler                         0x0800038f   Thumb Code     0  startup_stm32f2xx.o(.text)
    UART5_IRQHandler                         0x0800038f   Thumb Code     0  startup_stm32f2xx.o(.text)
    USART1_IRQHandler                        0x0800038f   Thumb Code     0  startup_stm32f2xx.o(.text)
    USART2_IRQHandler                        0x0800038f   Thumb Code     0  startup_stm32f2xx.o(.text)
    USART3_IRQHandler                        0x0800038f   Thumb Code     0  startup_stm32f2xx.o(.text)
    USART6_IRQHandler                        0x0800038f   Thumb Code     0  startup_stm32f2xx.o(.text)
    WWDG_IRQHandler                          0x0800038f   Thumb Code     0  startup_stm32f2xx.o(.text)
    __user_initial_stackheap                 0x08000391   Thumb Code     0  startup_stm32f2xx.o(.text)
    SystemInit                               0x08000473   Thumb Code    74  system_stm32f2xx.o(.text)
    SystemCoreClockUpdate                    0x080004bd   Thumb Code   174  system_stm32f2xx.o(.text)
    GPIO_DeInit                              0x08000595   Thumb Code   220  stm32f2xx_gpio.o(.text)
    GPIO_Init                                0x08000671   Thumb Code   144  stm32f2xx_gpio.o(.text)
    GPIO_StructInit                          0x08000701   Thumb Code    18  stm32f2xx_gpio.o(.text)
    GPIO_PinLockConfig                       0x08000713   Thumb Code    34  stm32f2xx_gpio.o(.text)
    GPIO_ReadInputDataBit                    0x08000735   Thumb Code    18  stm32f2xx_gpio.o(.text)
    GPIO_ReadInputData                       0x08000747   Thumb Code     8  stm32f2xx_gpio.o(.text)
    GPIO_ReadOutputDataBit                   0x0800074f   Thumb Code    18  stm32f2xx_gpio.o(.text)
    GPIO_ReadOutputData                      0x08000761   Thumb Code     8  stm32f2xx_gpio.o(.text)
    GPIO_SetBits                             0x08000769   Thumb Code     4  stm32f2xx_gpio.o(.text)
    GPIO_ResetBits                           0x0800076d   Thumb Code     4  stm32f2xx_gpio.o(.text)
    GPIO_WriteBit                            0x08000771   Thumb Code    10  stm32f2xx_gpio.o(.text)
    GPIO_Write                               0x0800077b   Thumb Code     4  stm32f2xx_gpio.o(.text)
    GPIO_ToggleBits                          0x0800077f   Thumb Code     8  stm32f2xx_gpio.o(.text)
    GPIO_PinAFConfig                         0x08000787   Thumb Code    70  stm32f2xx_gpio.o(.text)
    RCC_DeInit                               0x080007f1   Thumb Code    60  stm32f2xx_rcc.o(.text)
    RCC_HSEConfig                            0x0800082d   Thumb Code    14  stm32f2xx_rcc.o(.text)
    RCC_GetFlagStatus                        0x0800083b   Thumb Code    60  stm32f2xx_rcc.o(.text)
    RCC_WaitForHSEStartUp                    0x08000877   Thumb Code    56  stm32f2xx_rcc.o(.text)
    RCC_AdjustHSICalibrationValue            0x080008af   Thumb Code    20  stm32f2xx_rcc.o(.text)
    RCC_HSICmd                               0x080008c3   Thumb Code     6  stm32f2xx_rcc.o(.text)
    RCC_LSEConfig                            0x080008c9   Thumb Code    46  stm32f2xx_rcc.o(.text)
    RCC_LSICmd                               0x080008f7   Thumb Code     6  stm32f2xx_rcc.o(.text)
    RCC_PLLConfig                            0x080008fd   Thumb Code    32  stm32f2xx_rcc.o(.text)
    RCC_PLLCmd                               0x0800091d   Thumb Code     6  stm32f2xx_rcc.o(.text)
    RCC_PLLI2SConfig                         0x08000923   Thumb Code    14  stm32f2xx_rcc.o(.text)
    RCC_PLLI2SCmd                            0x08000931   Thumb Code     6  stm32f2xx_rcc.o(.text)
    RCC_ClockSecuritySystemCmd               0x08000937   Thumb Code     6  stm32f2xx_rcc.o(.text)
    RCC_MCO1Config                           0x0800093d   Thumb Code    28  stm32f2xx_rcc.o(.text)
    RCC_MCO2Config                           0x08000959   Thumb Code    28  stm32f2xx_rcc.o(.text)
    RCC_SYSCLKConfig                         0x08000975   Thumb Code    20  stm32f2xx_rcc.o(.text)
    RCC_GetSYSCLKSource                      0x08000989   Thumb Code    12  stm32f2xx_rcc.o(.text)
    RCC_HCLKConfig                           0x08000995   Thumb Code    20  stm32f2xx_rcc.o(.text)
    RCC_PCLK1Config                          0x080009a9   Thumb Code    20  stm32f2xx_rcc.o(.text)
    RCC_PCLK2Config                          0x080009bd   Thumb Code    22  stm32f2xx_rcc.o(.text)
    RCC_GetClocksFreq                        0x080009d3   Thumb Code   222  stm32f2xx_rcc.o(.text)
    RCC_RTCCLKConfig                         0x08000ab1   Thumb Code    54  stm32f2xx_rcc.o(.text)
    RCC_RTCCLKCmd                            0x08000ae7   Thumb Code     8  stm32f2xx_rcc.o(.text)
    RCC_BackupResetCmd                       0x08000aef   Thumb Code     8  stm32f2xx_rcc.o(.text)
    RCC_I2SCLKConfig                         0x08000af7   Thumb Code     6  stm32f2xx_rcc.o(.text)
    RCC_AHB1PeriphClockCmd                   0x08000afd   Thumb Code    34  stm32f2xx_rcc.o(.text)
    RCC_AHB2PeriphClockCmd                   0x08000b1f   Thumb Code    34  stm32f2xx_rcc.o(.text)
    RCC_AHB3PeriphClockCmd                   0x08000b41   Thumb Code    34  stm32f2xx_rcc.o(.text)
    RCC_APB1PeriphClockCmd                   0x08000b63   Thumb Code    34  stm32f2xx_rcc.o(.text)
    RCC_APB2PeriphClockCmd                   0x08000b85   Thumb Code    34  stm32f2xx_rcc.o(.text)
    RCC_AHB1PeriphResetCmd                   0x08000ba7   Thumb Code    34  stm32f2xx_rcc.o(.text)
    RCC_AHB2PeriphResetCmd                   0x08000bc9   Thumb Code    72  stm32f2xx_rcc.o(.text)
    RCC_AHB3PeriphResetCmd                   0x08000c11   Thumb Code    34  stm32f2xx_rcc.o(.text)
    RCC_APB1PeriphResetCmd                   0x08000c33   Thumb Code    34  stm32f2xx_rcc.o(.text)
    RCC_APB2PeriphResetCmd                   0x08000c55   Thumb Code    34  stm32f2xx_rcc.o(.text)
    RCC_AHB1PeriphClockLPModeCmd             0x08000c77   Thumb Code    34  stm32f2xx_rcc.o(.text)
    RCC_AHB2PeriphClockLPModeCmd             0x08000c99   Thumb Code    34  stm32f2xx_rcc.o(.text)
    RCC_AHB3PeriphClockLPModeCmd             0x08000cbb   Thumb Code    34  stm32f2xx_rcc.o(.text)
    RCC_APB1PeriphClockLPModeCmd             0x08000cdd   Thumb Code    34  stm32f2xx_rcc.o(.text)
    RCC_APB2PeriphClockLPModeCmd             0x08000cff   Thumb Code    34  stm32f2xx_rcc.o(.text)
    RCC_ITConfig                             0x08000d21   Thumb Code    34  stm32f2xx_rcc.o(.text)
    RCC_ClearFlag                            0x08000d43   Thumb Code    18  stm32f2xx_rcc.o(.text)
    RCC_GetITStatus                          0x08000d55   Thumb Code    22  stm32f2xx_rcc.o(.text)
    RCC_ClearITPendingBit                    0x08000d6b   Thumb Code     8  stm32f2xx_rcc.o(.text)
    USART_DeInit                             0x08000d79   Thumb Code   156  stm32f2xx_usart.o(.text)
    USART_Init                               0x08000e15   Thumb Code   204  stm32f2xx_usart.o(.text)
    USART_StructInit                         0x08000ee1   Thumb Code    24  stm32f2xx_usart.o(.text)
    USART_ClockInit                          0x08000ef9   Thumb Code    32  stm32f2xx_usart.o(.text)
    USART_ClockStructInit                    0x08000f19   Thumb Code    12  stm32f2xx_usart.o(.text)
    USART_Cmd                                0x08000f25   Thumb Code    24  stm32f2xx_usart.o(.text)
    USART_SetPrescaler                       0x08000f3d   Thumb Code    16  stm32f2xx_usart.o(.text)
    USART_OverSampling8Cmd                   0x08000f4d   Thumb Code    22  stm32f2xx_usart.o(.text)
    USART_OneBitMethodCmd                    0x08000f63   Thumb Code    24  stm32f2xx_usart.o(.text)
    USART_SendData                           0x08000f7b   Thumb Code     8  stm32f2xx_usart.o(.text)
    USART_ReceiveData                        0x08000f83   Thumb Code    10  stm32f2xx_usart.o(.text)
    USART_SetAddress                         0x08000f8d   Thumb Code    18  stm32f2xx_usart.o(.text)
    USART_ReceiverWakeUpCmd                  0x08000f9f   Thumb Code    24  stm32f2xx_usart.o(.text)
    USART_WakeUpConfig                       0x08000fb7   Thumb Code    18  stm32f2xx_usart.o(.text)
    USART_LINBreakDetectLengthConfig         0x08000fc9   Thumb Code    18  stm32f2xx_usart.o(.text)
    USART_LINCmd                             0x08000fdb   Thumb Code    24  stm32f2xx_usart.o(.text)
    USART_SendBreak                          0x08000ff3   Thumb Code    10  stm32f2xx_usart.o(.text)
    USART_HalfDuplexCmd                      0x08000ffd   Thumb Code    24  stm32f2xx_usart.o(.text)
    USART_SetGuardTime                       0x08001015   Thumb Code    16  stm32f2xx_usart.o(.text)
    USART_SmartCardCmd                       0x08001025   Thumb Code    24  stm32f2xx_usart.o(.text)
    USART_SmartCardNACKCmd                   0x0800103d   Thumb Code    24  stm32f2xx_usart.o(.text)
    USART_IrDAConfig                         0x08001055   Thumb Code    18  stm32f2xx_usart.o(.text)
    USART_IrDACmd                            0x08001067   Thumb Code    24  stm32f2xx_usart.o(.text)
    USART_DMACmd                             0x0800107f   Thumb Code    18  stm32f2xx_usart.o(.text)
    USART_ITConfig                           0x08001091   Thumb Code    74  stm32f2xx_usart.o(.text)
    USART_GetFlagStatus                      0x080010db   Thumb Code    26  stm32f2xx_usart.o(.text)
    USART_ClearFlag                          0x080010f5   Thumb Code    18  stm32f2xx_usart.o(.text)
    USART_GetITStatus                        0x08001107   Thumb Code   110  stm32f2xx_usart.o(.text)
    USART_ClearITPendingBit                  0x08001175   Thumb Code    30  stm32f2xx_usart.o(.text)
    LedInit                                  0x08001195   Thumb Code   150  main.o(.text)
    LedDelay                                 0x0800122b   Thumb Code    14  main.o(.text)
    uartinit                                 0x08001239   Thumb Code   146  main.o(.text)
    sendchar                                 0x080012cb   Thumb Code    44  main.o(.text)
    getkey                                   0x080012f7   Thumb Code     4  main.o(.text)
    LedTest                                  0x080012fb   Thumb Code   396  main.o(.text)
    run                                      0x08001487   Thumb Code    28  main.o(.text)
    main                                     0x080014a3   Thumb Code    38  main.o(.text)
    os_idle_demon                            0x08001561   Thumb Code     4  rtx_conf_cm.o(.text)
    os_tmr_call                              0x08001565   Thumb Code     2  rtx_conf_cm.o(.text)
    os_error                                 0x08001567   Thumb Code     4  rtx_conf_cm.o(.text)
    __user_perthread_libspace                0x0800156b   Thumb Code    26  rtx_conf_cm.o(.text)
    _mutex_initialize                        0x08001585   Thumb Code    38  rtx_conf_cm.o(.text)
    _mutex_acquire                           0x080015ab   Thumb Code    26  rtx_conf_cm.o(.text)
    _mutex_release                           0x080015c5   Thumb Code    22  rtx_conf_cm.o(.text)
    fputc                                    0x080015f5   Thumb Code    14  retarget.o(.text)
    fgetc                                    0x08001603   Thumb Code    16  retarget.o(.text)
    ferror                                   0x08001613   Thumb Code     8  retarget.o(.text)
    _ttywrch                                 0x0800161b   Thumb Code    12  retarget.o(.text)
    _sys_exit                                0x08001627   Thumb Code     4  retarget.o(.text)
    __user_libspace                          0x0800162d   Thumb Code     8  libspace.o(.text)
    __user_perproc_libspace                  0x0800162d   Thumb Code     0  libspace.o(.text)
    __I$use$semihosting                      0x08001635   Thumb Code     0  use_no_semi.o(.text)
    __use_no_semihosting_swi                 0x08001635   Thumb Code     2  use_no_semi.o(.text)
    __2printf                                0x08001639   Thumb Code    20  noretval__2printf.o(.text)
    __use_two_region_memory                  0x08001651   Thumb Code     2  heapauxi.o(.text)
    __rt_heap_escrow$2region                 0x08001653   Thumb Code     2  heapauxi.o(.text)
    __rt_heap_expand$2region                 0x08001655   Thumb Code     2  heapauxi.o(.text)
    _printf_char_file                        0x08001659   Thumb Code    32  _printf_char_file.o(.text)
    _printf_char_common                      0x08001687   Thumb Code    32  _printf_char_common.o(.text)
    __user_setup_stackheap                   0x080016ad   Thumb Code    74  sys_stackheap_outer.o(.text)
    __printf                                 0x080016f7   Thumb Code    38  __printf_nopercent.o(.text)
    exit                                     0x0800171d   Thumb Code    12  exit.o(.text)
    SVC_Count                                0x08001728   Data           4  SVC_Table.o(SVC_TABLE)
    SVC_Table                                0x0800172c   Data           0  SVC_Table.o(SVC_TABLE)
    _init_box                                0x0800172d   Thumb Code    70  rt_membox.o(i._init_box)
    dbg_init                                 0x08001775   Thumb Code    34  hal_cm3.o(i.dbg_init)
    dbg_task_notify                          0x080017a5   Thumb Code    32  hal_cm3.o(i.dbg_task_notify)
    dbg_task_switch                          0x080017c5   Thumb Code    16  hal_cm3.o(i.dbg_task_switch)
    os_tick_init                             0x080017d5   Thumb Code    32  rt_system.o(i.os_tick_init)
    os_tick_irqack                           0x080017fd   Thumb Code     2  rt_system.o(i.os_tick_irqack)
    rt_alloc_box                             0x080017ff   Thumb Code    26  rt_membox.o(i.rt_alloc_box)
    rt_block                                 0x08001819   Thumb Code    48  rt_task.o(i.rt_block)
    rt_chk_robin                             0x08001851   Thumb Code    60  rt_robin.o(i.rt_chk_robin)
    rt_dec_dly                               0x08001899   Thumb Code   106  rt_list.o(i.rt_dec_dly)
    rt_dispatch                              0x0800190d   Thumb Code    60  rt_task.o(i.rt_dispatch)
    rt_evt_psh                               0x08001951   Thumb Code    72  rt_event.o(i.rt_evt_psh)
    rt_free_box                              0x0800199d   Thumb Code    32  rt_membox.o(i.rt_free_box)
    rt_get_first                             0x080019bd   Thumb Code    40  rt_list.o(i.rt_get_first)
    rt_init_robin                            0x08001a29   Thumb Code    14  rt_robin.o(i.rt_init_robin)
    rt_init_stack                            0x08001a41   Thumb Code    70  hal_cm3.o(i.rt_init_stack)
    rt_mbx_psh                               0x08001a91   Thumb Code   188  rt_mailbox.o(i.rt_mbx_psh)
    rt_mut_init                              0x08001b51   Thumb Code    16  rt_mutex.o(i.rt_mut_init)
    rt_mut_release                           0x08001b61   Thumb Code   164  rt_mutex.o(i.rt_mut_release)
    rt_mut_wait                              0x08001c0d   Thumb Code    96  rt_mutex.o(i.rt_mut_wait)
    rt_pop_req                               0x08001c71   Thumb Code   106  rt_system.o(i.rt_pop_req)
    rt_put_dly                               0x08001ce9   Thumb Code    68  rt_list.o(i.rt_put_dly)
    rt_put_prio                              0x08001d31   Thumb Code    54  rt_list.o(i.rt_put_prio)
    rt_put_rdy_first                         0x08001d69   Thumb Code    14  rt_list.o(i.rt_put_rdy_first)
    rt_resort_prio                           0x08001d7d   Thumb Code    46  rt_list.o(i.rt_resort_prio)
    rt_rmv_dly                               0x08001db1   Thumb Code    40  rt_list.o(i.rt_rmv_dly)
    rt_rmv_list                              0x08001dd9   Thumb Code    44  rt_list.o(i.rt_rmv_list)
    rt_sem_psh                               0x08001e09   Thumb Code    46  rt_semaphore.o(i.rt_sem_psh)
    rt_stk_check                             0x08001e3d   Thumb Code    28  rt_system.o(i.rt_stk_check)
    rt_switch_req                            0x08001e61   Thumb Code    30  rt_task.o(i.rt_switch_req)
    rt_sys_init                              0x08001e89   Thumb Code   266  rt_task.o(i.rt_sys_init)
    rt_systick                               0x08001fe1   Thumb Code    48  rt_system.o(i.rt_systick)
    rt_tmr_tick                              0x0800201d   Thumb Code    56  rt_timer.o(i.rt_tmr_tick)
    rt_tsk_create                            0x0800205d   Thumb Code   126  rt_task.o(i.rt_tsk_create)
    rt_tsk_delete                            0x080020f1   Thumb Code   162  rt_task.o(i.rt_tsk_delete)
    rt_tsk_self                              0x080021ad   Thumb Code    12  rt_task.o(i.rt_tsk_self)
    os_maxtaskrun                            0x080021bc   Data           2  rtx_conf_cm.o(.constdata)
    os_stackinfo                             0x080021c0   Data           4  rtx_conf_cm.o(.constdata)
    os_rrobin                                0x080021c4   Data           4  rtx_conf_cm.o(.constdata)
    os_trv                                   0x080021c8   Data           4  rtx_conf_cm.o(.constdata)
    os_flags                                 0x080021cc   Data           1  rtx_conf_cm.o(.constdata)
    os_clockrate                             0x080021d0   Data           4  rtx_conf_cm.o(.constdata)
    os_timernum                              0x080021d4   Data           4  rtx_conf_cm.o(.constdata)
    mp_tcb_size                              0x080021d8   Data           2  rtx_conf_cm.o(.constdata)
    mp_stk_size                              0x080021dc   Data           4  rtx_conf_cm.o(.constdata)
    os_fifo_size                             0x080021e0   Data           1  rtx_conf_cm.o(.constdata)
    mp_tmr_size                              0x080021e2   Data           2  rtx_conf_cm.o(.constdata)
    Region$$Table$$Base                      0x080021e4   Number         0  anon$$obj.o(Region$$Table)
    Region$$Table$$Limit                     0x08002204   Number         0  anon$$obj.o(Region$$Table)
    SystemCoreClock                          0x20000000   Data           4  system_stm32f2xx.o(.data)
    AHBPrescTable                            0x20000004   Data          16  system_stm32f2xx.o(.data)
    LedCunt                                  0x20000024   Data           1  main.o(.data)
    tsk_1                                    0x20000028   Data           4  main.o(.data)
    m_tmr                                    0x2000002c   Data           4  rtx_conf_cm.o(.data)
    __stdout                                 0x20000034   Data           4  retarget.o(.data)
    __stdin                                  0x20000038   Data           4  retarget.o(.data)
    os_tsk                                   0x2000003c   Data           8  rt_task.o(.data)
    dbg_msg                                  0x20000044   Data           1  hal_cm3.o(.data)
    os_tick_irqn                             0x2000004c   Data           4  rt_system.o(.data)
    os_robin                                 0x20000050   Data           8  rt_robin.o(.data)
    os_time                                  0x20000058   Data           4  rt_time.o(.data)
    os_tmr                                   0x2000005c   Data           8  rt_timer.o(.data)
    mp_tcb                                   0x20000068   Data         396  rtx_conf_cm.o(.bss)
    mp_stk                                   0x200001f8   Data        1816  rtx_conf_cm.o(.bss)
    os_fifo                                  0x20000910   Data         132  rtx_conf_cm.o(.bss)
    os_active_TCB                            0x20000994   Data          32  rtx_conf_cm.o(.bss)
    os_idle_TCB                              0x20000d14   Data          48  rt_task.o(.bss)
    os_rdy                                   0x20000d44   Data          24  rt_list.o(.bss)
    os_dly                                   0x20000d5c   Data          24  rt_list.o(.bss)
    __libspace_start                         0x20000d74   Data          96  libspace.o(.bss)
    __temporary_stack_top$libspace           0x20000dd4   Data           0  libspace.o(.bss)



==============================================================================

Memory Map of the image

  Image Entry point : 0x08000185

  Load Region LR_IROM1 (Base: 0x08000000, Size: 0x00002268, Max: 0x00100000, ABSOLUTE)

    Execution Region ER_IROM1 (Base: 0x08000000, Size: 0x00002204, Max: 0x00100000, ABSOLUTE)

    Base Addr    Size         Type   Attr      Idx    E Section Name        Object

    0x08000000   0x00000184   Data   RO            3    RESET               startup_stm32f2xx.o
    0x08000184   0x00000008   Code   RO         1187  * !!!main             c_w.l(__main.o)
    0x0800018c   0x00000034   Code   RO         1338    !!!scatter          c_w.l(__scatter.o)
    0x080001c0   0x0000001a   Code   RO         1340    !!handler_copy      c_w.l(__scatter_copy.o)
    0x080001da   0x00000002   PAD
    0x080001dc   0x0000001c   Code   RO         1342    !!handler_zi        c_w.l(__scatter_zi.o)
    0x080001f8   0x00000002   Code   RO         1220    .ARM.Collect$$libinit$$00000000  c_w.l(libinit.o)
    0x080001fa   0x00000000   Code   RO         1224    .ARM.Collect$$libinit$$00000002  c_w.l(libinit2.o)
    0x080001fa   0x00000000   Code   RO         1227    .ARM.Collect$$libinit$$00000008  c_w.l(libinit2.o)
    0x080001fa   0x00000000   Code   RO         1229    .ARM.Collect$$libinit$$0000000A  c_w.l(libinit2.o)
    0x080001fa   0x00000000   Code   RO         1231    .ARM.Collect$$libinit$$0000000C  c_w.l(libinit2.o)
    0x080001fa   0x00000000   Code   RO         1234    .ARM.Collect$$libinit$$0000000F  c_w.l(libinit2.o)
    0x080001fa   0x00000000   Code   RO         1236    .ARM.Collect$$libinit$$00000011  c_w.l(libinit2.o)
    0x080001fa   0x00000000   Code   RO         1238    .ARM.Collect$$libinit$$00000013  c_w.l(libinit2.o)
    0x080001fa   0x00000000   Code   RO         1240    .ARM.Collect$$libinit$$00000015  c_w.l(libinit2.o)
    0x080001fa   0x00000000   Code   RO         1242    .ARM.Collect$$libinit$$00000017  c_w.l(libinit2.o)
    0x080001fa   0x00000000   Code   RO         1244    .ARM.Collect$$libinit$$00000019  c_w.l(libinit2.o)
    0x080001fa   0x00000000   Code   RO         1246    .ARM.Collect$$libinit$$0000001B  c_w.l(libinit2.o)
    0x080001fa   0x00000000   Code   RO         1248    .ARM.Collect$$libinit$$0000001D  c_w.l(libinit2.o)
    0x080001fa   0x00000000   Code   RO         1250    .ARM.Collect$$libinit$$0000001F  c_w.l(libinit2.o)
    0x080001fa   0x00000000   Code   RO         1252    .ARM.Collect$$libinit$$00000021  c_w.l(libinit2.o)
    0x080001fa   0x00000000   Code   RO         1254    .ARM.Collect$$libinit$$00000023  c_w.l(libinit2.o)
    0x080001fa   0x00000000   Code   RO         1258    .ARM.Collect$$libinit$$0000002A  c_w.l(libinit2.o)
    0x080001fa   0x00000000   Code   RO         1260    .ARM.Collect$$libinit$$0000002C  c_w.l(libinit2.o)
    0x080001fa   0x00000000   Code   RO         1262    .ARM.Collect$$libinit$$0000002E  c_w.l(libinit2.o)
    0x080001fa   0x00000000   Code   RO         1264    .ARM.Collect$$libinit$$00000030  c_w.l(libinit2.o)
    0x080001fa   0x00000002   Code   RO         1265    .ARM.Collect$$libinit$$00000031  c_w.l(libinit2.o)
    0x080001fc   0x00000002   Code   RO         1283    .ARM.Collect$$libshutdown$$00000000  c_w.l(libshutdown.o)
    0x080001fe   0x00000000   Code   RO         1294    .ARM.Collect$$libshutdown$$00000003  c_w.l(libshutdown2.o)
    0x080001fe   0x00000000   Code   RO         1297    .ARM.Collect$$libshutdown$$00000006  c_w.l(libshutdown2.o)
    0x080001fe   0x00000000   Code   RO         1300    .ARM.Collect$$libshutdown$$00000009  c_w.l(libshutdown2.o)
    0x080001fe   0x00000000   Code   RO         1302    .ARM.Collect$$libshutdown$$0000000B  c_w.l(libshutdown2.o)
    0x080001fe   0x00000000   Code   RO         1305    .ARM.Collect$$libshutdown$$0000000E  c_w.l(libshutdown2.o)
    0x080001fe   0x00000002   Code   RO         1306    .ARM.Collect$$libshutdown$$0000000F  c_w.l(libshutdown2.o)
    0x08000200   0x00000000   Code   RO         1189    .ARM.Collect$$rtentry$$00000000  c_w.l(rtentry.o)
    0x08000200   0x00000000   Code   RO         1193    .ARM.Collect$$rtentry$$00000002  c_w.l(rtentry2.o)
    0x08000200   0x00000006   Code   RO         1205    .ARM.Collect$$rtentry$$00000004  c_w.l(rtentry4.o)
    0x08000206   0x00000000   Code   RO         1195    .ARM.Collect$$rtentry$$00000009  c_w.l(rtentry2.o)
    0x08000206   0x00000004   Code   RO         1196    .ARM.Collect$$rtentry$$0000000A  c_w.l(rtentry2.o)
    0x0800020a   0x00000000   Code   RO         1198    .ARM.Collect$$rtentry$$0000000C  c_w.l(rtentry2.o)
    0x0800020a   0x00000008   Code   RO         1199    .ARM.Collect$$rtentry$$0000000D  c_w.l(rtentry2.o)
    0x08000212   0x00000002   Code   RO         1221    .ARM.Collect$$rtexit$$00000000  c_w.l(rtexit.o)
    0x08000214   0x00000000   Code   RO         1267    .ARM.Collect$$rtexit$$00000002  c_w.l(rtexit2.o)
    0x08000214   0x00000004   Code   RO         1268    .ARM.Collect$$rtexit$$00000003  c_w.l(rtexit2.o)
    0x08000218   0x00000006   Code   RO         1269    .ARM.Collect$$rtexit$$00000004  c_w.l(rtexit2.o)
    0x0800021e   0x00000002   PAD
    0x08000220   0x00000154   Code   RO          726    .emb_text           RTX_CM3.LIB(hal_cm3.o)
    0x08000374   0x00000040   Code   RO            4    .text               startup_stm32f2xx.o
    0x080003b4   0x000001e0   Code   RO           10    .text               system_stm32f2xx.o
    0x08000594   0x0000025c   Code   RO          326    .text               stm32f2xx_gpio.o
    0x080007f0   0x00000588   Code   RO          410    .text               stm32f2xx_rcc.o
    0x08000d78   0x0000041a   Code   RO          496    .text               stm32f2xx_usart.o
    0x08001192   0x00000002   PAD
    0x08001194   0x000003cc   Code   RO          530    .text               main.o
    0x08001560   0x00000094   Code   RO          552    .text               rtx_conf_cm.o
    0x080015f4   0x00000036   Code   RO          573    .text               retarget.o
    0x0800162a   0x00000002   PAD
    0x0800162c   0x00000008   Code   RO         1176    .text               c_w.l(libspace.o)
    0x08001634   0x00000002   Code   RO         1179    .text               c_w.l(use_no_semi.o)
    0x08001636   0x00000002   PAD
    0x08001638   0x00000018   Code   RO         1183    .text               c_w.l(noretval__2printf.o)
    0x08001650   0x00000006   Code   RO         1185    .text               c_w.l(heapauxi.o)
    0x08001656   0x00000002   PAD
    0x08001658   0x00000024   Code   RO         1190    .text               c_w.l(_printf_char_file.o)
    0x0800167c   0x00000030   Code   RO         1207    .text               c_w.l(_printf_char_common.o)
    0x080016ac   0x0000004a   Code   RO         1209    .text               c_w.l(sys_stackheap_outer.o)
    0x080016f6   0x00000026   Code   RO         1211    .text               c_w.l(__printf_nopercent.o)
    0x0800171c   0x0000000c   Code   RO         1213    .text               c_w.l(exit.o)
    0x08001728   0x00000004   Code   RO          985    SVC_TABLE           RTX_CM3.LIB(SVC_Table.o)
    0x0800172c   0x00000046   Code   RO          952    i._init_box         RTX_CM3.LIB(rt_membox.o)
    0x08001772   0x00000002   PAD
    0x08001774   0x00000030   Code   RO          727    i.dbg_init          RTX_CM3.LIB(hal_cm3.o)
    0x080017a4   0x00000020   Code   RO          728    i.dbg_task_notify   RTX_CM3.LIB(hal_cm3.o)
    0x080017c4   0x00000010   Code   RO          729    i.dbg_task_switch   RTX_CM3.LIB(hal_cm3.o)
    0x080017d4   0x00000028   Code   RO          768    i.os_tick_init      RTX_CM3.LIB(rt_system.o)
    0x080017fc   0x00000002   Code   RO          769    i.os_tick_irqack    RTX_CM3.LIB(rt_system.o)
    0x080017fe   0x0000001a   Code   RO          953    i.rt_alloc_box      RTX_CM3.LIB(rt_membox.o)
    0x08001818   0x00000038   Code   RO          599    i.rt_block          RTX_CM3.LIB(rt_task.o)
    0x08001850   0x00000048   Code   RO          930    i.rt_chk_robin      RTX_CM3.LIB(rt_robin.o)
    0x08001898   0x00000074   Code   RO          851    i.rt_dec_dly        RTX_CM3.LIB(rt_list.o)
    0x0800190c   0x00000044   Code   RO          600    i.rt_dispatch       RTX_CM3.LIB(rt_task.o)
    0x08001950   0x0000004c   Code   RO          991    i.rt_evt_psh        RTX_CM3.LIB(rt_event.o)
    0x0800199c   0x00000020   Code   RO          954    i.rt_free_box       RTX_CM3.LIB(rt_membox.o)
    0x080019bc   0x00000028   Code   RO          852    i.rt_get_first      RTX_CM3.LIB(rt_list.o)
    0x080019e4   0x00000044   Code   RO          601    i.rt_init_context   RTX_CM3.LIB(rt_task.o)
    0x08001a28   0x00000018   Code   RO          931    i.rt_init_robin     RTX_CM3.LIB(rt_robin.o)
    0x08001a40   0x00000050   Code   RO          730    i.rt_init_stack     RTX_CM3.LIB(hal_cm3.o)
    0x08001a90   0x000000c0   Code   RO         1034    i.rt_mbx_psh        RTX_CM3.LIB(rt_mailbox.o)
    0x08001b50   0x00000010   Code   RO          698    i.rt_mut_init       RTX_CM3.LIB(rt_mutex.o)
    0x08001b60   0x000000ac   Code   RO          699    i.rt_mut_release    RTX_CM3.LIB(rt_mutex.o)
    0x08001c0c   0x00000064   Code   RO          700    i.rt_mut_wait       RTX_CM3.LIB(rt_mutex.o)
    0x08001c70   0x00000078   Code   RO          770    i.rt_pop_req        RTX_CM3.LIB(rt_system.o)
    0x08001ce8   0x00000048   Code   RO          855    i.rt_put_dly        RTX_CM3.LIB(rt_list.o)
    0x08001d30   0x00000036   Code   RO          856    i.rt_put_prio       RTX_CM3.LIB(rt_list.o)
    0x08001d66   0x00000002   PAD
    0x08001d68   0x00000014   Code   RO          857    i.rt_put_rdy_first  RTX_CM3.LIB(rt_list.o)
    0x08001d7c   0x00000034   Code   RO          858    i.rt_resort_prio    RTX_CM3.LIB(rt_list.o)
    0x08001db0   0x00000028   Code   RO          859    i.rt_rmv_dly        RTX_CM3.LIB(rt_list.o)
    0x08001dd8   0x00000030   Code   RO          860    i.rt_rmv_list       RTX_CM3.LIB(rt_list.o)
    0x08001e08   0x00000034   Code   RO         1080    i.rt_sem_psh        RTX_CM3.LIB(rt_semaphore.o)
    0x08001e3c   0x00000024   Code   RO          773    i.rt_stk_check      RTX_CM3.LIB(rt_system.o)
    0x08001e60   0x00000028   Code   RO          602    i.rt_switch_req     RTX_CM3.LIB(rt_task.o)
    0x08001e88   0x00000158   Code   RO          603    i.rt_sys_init       RTX_CM3.LIB(rt_task.o)
    0x08001fe0   0x0000003c   Code   RO          775    i.rt_systick        RTX_CM3.LIB(rt_system.o)
    0x0800201c   0x00000040   Code   RO         1149    i.rt_tmr_tick       RTX_CM3.LIB(rt_timer.o)
    0x0800205c   0x00000094   Code   RO          604    i.rt_tsk_create     RTX_CM3.LIB(rt_task.o)
    0x080020f0   0x000000bc   Code   RO          605    i.rt_tsk_delete     RTX_CM3.LIB(rt_task.o)
    0x080021ac   0x00000010   Code   RO          608    i.rt_tsk_self       RTX_CM3.LIB(rt_task.o)
    0x080021bc   0x00000028   Data   RO          554    .constdata          rtx_conf_cm.o
    0x080021e4   0x00000020   Data   RO         1336    Region$$Table       anon$$obj.o


    Execution Region RW_IRAM1 (Base: 0x20000000, Size: 0x000013d8, Max: 0x00020000, ABSOLUTE)

    Base Addr    Size         Type   Attr      Idx    E Section Name        Object

    0x20000000   0x00000014   Data   RW           11    .data               system_stm32f2xx.o
    0x20000014   0x00000010   Data   RW          411    .data               stm32f2xx_rcc.o
    0x20000024   0x00000008   Data   RW          531    .data               main.o
    0x2000002c   0x00000008   Data   RW          555    .data               rtx_conf_cm.o
    0x20000034   0x00000008   Data   RW          574    .data               retarget.o
    0x2000003c   0x00000008   Data   RW          610    .data               RTX_CM3.LIB(rt_task.o)
    0x20000044   0x00000001   Data   RW          731    .data               RTX_CM3.LIB(hal_cm3.o)
    0x20000045   0x00000003   PAD
    0x20000048   0x00000008   Data   RW          778    .data               RTX_CM3.LIB(rt_system.o)
    0x20000050   0x00000008   Data   RW          932    .data               RTX_CM3.LIB(rt_robin.o)
    0x20000058   0x00000004   Data   RW         1118    .data               RTX_CM3.LIB(rt_time.o)
    0x2000005c   0x00000008   Data   RW         1150    .data               RTX_CM3.LIB(rt_timer.o)
    0x20000064   0x00000004   PAD
    0x20000068   0x00000cac   Zero   RW          553    .bss                rtx_conf_cm.o
    0x20000d14   0x00000030   Zero   RW          609    .bss                RTX_CM3.LIB(rt_task.o)
    0x20000d44   0x00000030   Zero   RW          861    .bss                RTX_CM3.LIB(rt_list.o)
    0x20000d74   0x00000060   Zero   RW         1177    .bss                c_w.l(libspace.o)
    0x20000dd4   0x00000004   PAD
    0x20000dd8   0x00000200   Zero   RW            2    HEAP                startup_stm32f2xx.o
    0x20000fd8   0x00000400   Zero   RW            1    STACK               startup_stm32f2xx.o


==============================================================================

Image component sizes


      Code (inc. data)   RO Data    RW Data    ZI Data      Debug   Object Name

       972        158          0          8          0       8673   main.o
         0          0          0          0          0     203360   misc.o
        54          0          0          8          0       2688   retarget.o
       148         26         40          8       3244       2701   rtx_conf_cm.o
        64         26        388          0       1536        740   startup_stm32f2xx.o
       604         36          0          0          0       3781   stm32f2xx_gpio.o
      1416         48          0         16          0      10663   stm32f2xx_rcc.o
      1050         26          0          0          0       7488   stm32f2xx_usart.o
       480         42          0         20          0      30391   system_stm32f2xx.o

    ----------------------------------------------------------------------
      4792        362        460         60       4780     270485   Object Totals
         0          0         32          0          0          0   (incl. Generated)
         4          0          0          0          0          0   (incl. Padding)

    ----------------------------------------------------------------------

      Code (inc. data)   RO Data    RW Data    ZI Data      Debug   Library Member Name

         4          4          0          0          0        140   SVC_Table.o
       516         56          0          1          0       2477   hal_cm3.o
        76          4          0          0          0        509   rt_event.o
       442         30          0          0         48       3806   rt_list.o
       192          4          0          0          0        609   rt_mailbox.o
       128          0          0          0          0       1497   rt_membox.o
       288         12          0          0          0       1569   rt_mutex.o
        96         22          0          8          0        974   rt_robin.o
        52          6          0          0          0        453   rt_semaphore.o
       258         42          0          8          0       2974   rt_system.o
       928        160          0          8         48       6664   rt_task.o
         0          0          0          4          0        150   rt_time.o
        64          8          0          8          0        583   rt_timer.o
         8          0          0          0          0         68   __main.o
        38          0          0          0          0         84   __printf_nopercent.o
        52          8          0          0          0          0   __scatter.o
        26          0          0          0          0          0   __scatter_copy.o
        28          0          0          0          0          0   __scatter_zi.o
        48          6          0          0          0         96   _printf_char_common.o
        36          4          0          0          0         80   _printf_char_file.o
        12          0          0          0          0         72   exit.o
         6          0          0          0          0        152   heapauxi.o
         2          0          0          0          0          0   libinit.o
         2          0          0          0          0          0   libinit2.o
         2          0          0          0          0          0   libshutdown.o
         2          0          0          0          0          0   libshutdown2.o
         8          4          0          0         96         68   libspace.o
        24          4          0          0          0         84   noretval__2printf.o
         0          0          0          0          0          0   rtentry.o
        12          0          0          0          0          0   rtentry2.o
         6          0          0          0          0          0   rtentry4.o
         2          0          0          0          0          0   rtexit.o
        10          0          0          0          0          0   rtexit2.o
        74          0          0          0          0         80   sys_stackheap_outer.o
         2          0          0          0          0         68   use_no_semi.o

    ----------------------------------------------------------------------
      3456        374          0         40        200      23257   Library Totals
        12          0          0          3          8          0   (incl. Padding)

    ----------------------------------------------------------------------

      Code (inc. data)   RO Data    RW Data    ZI Data      Debug   Library Name

      3044        348          0         37         96      22405   RTX_CM3.LIB
       400         26          0          0         96        852   c_w.l

    ----------------------------------------------------------------------
      3456        374          0         40        200      23257   Library Totals

    ----------------------------------------------------------------------

==============================================================================


      Code (inc. data)   RO Data    RW Data    ZI Data      Debug   

      8248        736        460        100       4980     290622   Grand Totals
      8248        736        460        100       4980     290622   ELF Image Totals
      8248        736        460        100          0          0   ROM Totals

==============================================================================

    Total RO  Size (Code + RO Data)                 8708 (   8.50kB)
    Total RW  Size (RW Data + ZI Data)              5080 (   4.96kB)
    Total ROM Size (Code + RO Data + RW Data)       8808 (   8.60kB)

==============================================================================

