ARM Linker, 5.03 [Build 69] [MDK-ARM Standard]

==============================================================================

Section Cross References

    startup_stm32f2xx.o(STACK) refers (Special) to heapauxi.o(.text) for __use_two_region_memory
    startup_stm32f2xx.o(HEAP) refers (Special) to heapauxi.o(.text) for __use_two_region_memory
    startup_stm32f2xx.o(RESET) refers (Special) to heapauxi.o(.text) for __use_two_region_memory
    startup_stm32f2xx.o(RESET) refers to startup_stm32f2xx.o(STACK) for __initial_sp
    startup_stm32f2xx.o(RESET) refers to startup_stm32f2xx.o(.text) for Reset_Handler
    startup_stm32f2xx.o(RESET) refers to hal_cm3.o(.emb_text) for SVC_Handler
    startup_stm32f2xx.o(RESET) refers to irq.o(.text) for USART1_IRQHandler
    startup_stm32f2xx.o(.text) refers (Special) to heapauxi.o(.text) for __use_two_region_memory
    startup_stm32f2xx.o(.text) refers to system_stm32f2xx.o(.text) for SystemInit
    startup_stm32f2xx.o(.text) refers to __main.o(!!!main) for __main
    startup_stm32f2xx.o(.text) refers to startup_stm32f2xx.o(HEAP) for Heap_Mem
    startup_stm32f2xx.o(.text) refers to startup_stm32f2xx.o(STACK) for Stack_Mem
    system_stm32f2xx.o(.text) refers to system_stm32f2xx.o(.data) for SystemCoreClock
    stm32f2xx_adc.o(.text) refers to stm32f2xx_rcc.o(.text) for RCC_APB2PeriphResetCmd
    stm32f2xx_can.o(.text) refers to stm32f2xx_rcc.o(.text) for RCC_APB1PeriphResetCmd
    stm32f2xx_cryp.o(.text) refers to stm32f2xx_rcc.o(.text) for RCC_AHB2PeriphResetCmd
    stm32f2xx_cryp_aes.o(.text) refers to stm32f2xx_cryp.o(.text) for CRYP_KeyStructInit
    stm32f2xx_cryp_des.o(.text) refers to stm32f2xx_cryp.o(.text) for CRYP_KeyStructInit
    stm32f2xx_cryp_tdes.o(.text) refers to stm32f2xx_cryp.o(.text) for CRYP_KeyStructInit
    stm32f2xx_dac.o(.text) refers to stm32f2xx_rcc.o(.text) for RCC_APB1PeriphResetCmd
    stm32f2xx_gpio.o(.text) refers to stm32f2xx_rcc.o(.text) for RCC_AHB1PeriphResetCmd
    stm32f2xx_hash.o(.text) refers to stm32f2xx_rcc.o(.text) for RCC_AHB2PeriphResetCmd
    stm32f2xx_hash_md5.o(.text) refers to stm32f2xx_hash.o(.text) for HASH_DeInit
    stm32f2xx_hash_sha1.o(.text) refers to stm32f2xx_hash.o(.text) for HASH_DeInit
    stm32f2xx_i2c.o(.text) refers to stm32f2xx_rcc.o(.text) for RCC_APB1PeriphResetCmd
    stm32f2xx_pwr.o(.text) refers to stm32f2xx_rcc.o(.text) for RCC_APB1PeriphResetCmd
    stm32f2xx_rcc.o(.text) refers to stm32f2xx_rcc.o(.data) for APBAHBPrescTable
    stm32f2xx_rng.o(.text) refers to stm32f2xx_rcc.o(.text) for RCC_AHB2PeriphResetCmd
    stm32f2xx_sdio.o(.text) refers to stm32f2xx_rcc.o(.text) for RCC_APB2PeriphResetCmd
    stm32f2xx_spi.o(.text) refers to stm32f2xx_rcc.o(.text) for RCC_APB2PeriphResetCmd
    stm32f2xx_syscfg.o(.text) refers to stm32f2xx_rcc.o(.text) for RCC_APB2PeriphResetCmd
    stm32f2xx_tim.o(.text) refers to stm32f2xx_rcc.o(.text) for RCC_APB2PeriphResetCmd
    stm32f2xx_usart.o(.text) refers to stm32f2xx_rcc.o(.text) for RCC_APB2PeriphResetCmd
    stm32f2xx_wwdg.o(.text) refers to stm32f2xx_rcc.o(.text) for RCC_APB1PeriphResetCmd
    main.o(.text) refers to stm32f2xx_rcc.o(.text) for RCC_AHB1PeriphClockCmd
    main.o(.text) refers to stm32f2xx_gpio.o(.text) for GPIO_Init
    main.o(.text) refers to stm32f2xx_exti.o(.text) for EXTI_Init
    main.o(.text) refers to stm32f2xx_syscfg.o(.text) for SYSCFG_EXTILineConfig
    main.o(.text) refers to misc.o(.text) for NVIC_Init
    main.o(.text) refers to noretval__2printf.o(.text) for __2printf
    main.o(.text) refers to led.o(.text) for LedDelay
    main.o(.text) refers to stm32f2xx_usart.o(.text) for USART_ITConfig
    main.o(.text) refers to usart.o(.text) for usartinit
    main.o(.text) refers to irq.o(.text) for NVIC_Config
    main.o(.text) refers to hal_cm3.o(.emb_text) for os_set_env
    main.o(.text) refers to main.o(.data) for LedCunt
    main.o(.text) refers to rt_task.o(i.rt_tsk_create) for rt_tsk_create
    main.o(.text) refers to rt_task.o(i.rt_tsk_delete) for rt_tsk_delete
    main.o(.text) refers to rt_task.o(i.rt_sys_init) for rt_sys_init
    rtx_conf_cm.o(.text) refers to rt_task.o(i.rt_tsk_self) for rt_tsk_self
    rtx_conf_cm.o(.text) refers to rt_mutex.o(i.rt_mut_init) for rt_mut_init
    rtx_conf_cm.o(.text) refers to rtx_conf_cm.o(.bss) for .bss
    rtx_conf_cm.o(.text) refers to libspace.o(.bss) for __libspace_start
    rtx_conf_cm.o(.text) refers to rtx_conf_cm.o(.data) for .data
    rtx_conf_cm.o(.text) refers to rt_mutex.o(i.rt_mut_wait) for rt_mut_wait
    rtx_conf_cm.o(.text) refers to rt_mutex.o(i.rt_mut_release) for rt_mut_release
    retarget.o(.text) refers (Special) to use_no_semi.o(.text) for __use_no_semihosting_swi
    retarget.o(.text) refers to usart.o(.text) for sendchar
    retarget.o(.data) refers (Special) to use_no_semi.o(.text) for __use_no_semihosting_swi
    usart.o(.text) refers to stm32f2xx_rcc.o(.text) for RCC_APB2PeriphClockCmd
    usart.o(.text) refers to stm32f2xx_gpio.o(.text) for GPIO_PinAFConfig
[...]
    rtexit.o(.ARM.Collect$$rtexit$$00000000) refers (Special) to rtexit2.o(.ARM.Collect$$rtexit$$00000002) for __rt_exit_prels_1
    rtexit.o(.ARM.exidx) refers (Special) to rtexit2.o(.ARM.Collect$$rtexit$$00000004) for __rt_exit_exit
    rtexit.o(.ARM.exidx) refers (Special) to rtexit2.o(.ARM.Collect$$rtexit$$00000003) for __rt_exit_ls
    rtexit.o(.ARM.exidx) refers (Special) to rtexit2.o(.ARM.Collect$$rtexit$$00000002) for __rt_exit_prels_1
    rtexit.o(.ARM.exidx) refers to rtexit.o(.ARM.Collect$$rtexit$$00000000) for .ARM.Collect$$rtexit$$00000000
    libinit2.o(.ARM.Collect$$libinit$$0000000E) refers to libinit2.o(.ARM.Collect$$libinit$$0000000D) for .ARM.Collect$$libinit$$0000000D
    libinit2.o(.ARM.Collect$$libinit$$00000010) refers to libinit2.o(.ARM.Collect$$libinit$$0000000D) for .ARM.Collect$$libinit$$0000000D
    libinit2.o(.ARM.Collect$$libinit$$00000012) refers to libinit2.o(.ARM.Collect$$libinit$$0000000D) for .ARM.Collect$$libinit$$0000000D
    libinit2.o(.ARM.Collect$$libinit$$00000014) refers to libinit2.o(.ARM.Collect$$libinit$$0000000D) for .ARM.Collect$$libinit$$0000000D
    libinit2.o(.ARM.Collect$$libinit$$00000016) refers to libinit2.o(.ARM.Collect$$libinit$$0000000D) for .ARM.Collect$$libinit$$0000000D
    libinit2.o(.ARM.Collect$$libinit$$00000024) refers to argv_veneer.o(.emb_text) for __ARM_argv_veneer
    libinit2.o(.ARM.Collect$$libinit$$00000025) refers to argv_veneer.o(.emb_text) for __ARM_argv_veneer
    rtexit2.o(.ARM.Collect$$rtexit$$00000003) refers to libshutdown.o(.ARM.Collect$$libshutdown$$00000000) for __rt_lib_shutdown
    rtexit2.o(.ARM.Collect$$rtexit$$00000004) refers to retarget.o(.text) for _sys_exit
    rtexit2.o(.ARM.exidx) refers to rtexit2.o(.ARM.Collect$$rtexit$$00000001) for .ARM.Collect$$rtexit$$00000001
    rtexit2.o(.ARM.exidx) refers to rtexit2.o(.ARM.Collect$$rtexit$$00000003) for .ARM.Collect$$rtexit$$00000003
    rtexit2.o(.ARM.exidx) refers to rtexit2.o(.ARM.Collect$$rtexit$$00000004) for .ARM.Collect$$rtexit$$00000004
    argv_veneer.o(.emb_text) refers to no_argv.o(.text) for __ARM_get_argv
    _get_argv_nomalloc.o(.text) refers (Special) to hrguard.o(.text) for __heap_region$guard
    _get_argv_nomalloc.o(.text) refers to defsig_rtmem_outer.o(.text) for __rt_SIGRTMEM
    _get_argv_nomalloc.o(.text) refers to sys_command.o(.text) for _sys_command_string
    libshutdown.o(.ARM.Collect$$libshutdown$$00000000) refers (Special) to libshutdown2.o(.ARM.Collect$$libshutdown$$00000006) for __rt_lib_shutdown_fp_trap_1
    libshutdown.o(.ARM.Collect$$libshutdown$$00000000) refers (Special) to libshutdown2.o(.ARM.Collect$$libshutdown$$0000000E) for __rt_lib_shutdown_heap_1
    libshutdown.o(.ARM.Collect$$libshutdown$$00000000) refers (Special) to libshutdown2.o(.ARM.Collect$$libshutdown$$0000000F) for __rt_lib_shutdown_return
    libshutdown.o(.ARM.Collect$$libshutdown$$00000000) refers (Special) to libshutdown2.o(.ARM.Collect$$libshutdown$$00000009) for __rt_lib_shutdown_signal_1
    libshutdown.o(.ARM.Collect$$libshutdown$$00000000) refers (Special) to libshutdown2.o(.ARM.Collect$$libshutdown$$00000003) for __rt_lib_shutdown_stdio_1
    libshutdown.o(.ARM.Collect$$libshutdown$$00000000) refers (Special) to libshutdown2.o(.ARM.Collect$$libshutdown$$0000000B) for __rt_lib_shutdown_user_alloc_1
    sys_command.o(.text) refers (Special) to use_no_semi.o(.text) for __I$use$semihosting
    sys_command.o(.text) refers (Special) to indicate_semi.o(.text) for __semihosting_library_function
    defsig_rtmem_outer.o(.text) refers to defsig_rtmem_inner.o(.text) for __rt_SIGRTMEM_inner
    defsig_rtmem_outer.o(.text) refers to defsig_exit.o(.text) for __sig_exit
    defsig_rtmem_formal.o(.text) refers to rt_raise.o(.text) for __rt_raise
    rt_raise.o(.text) refers to __raise.o(.text) for __raise
    rt_raise.o(.text) refers to retarget.o(.text) for _sys_exit
    defsig_exit.o(.text) refers to retarget.o(.text) for _sys_exit
    defsig_rtmem_inner.o(.text) refers to defsig_general.o(.text) for __default_signal_display
    __raise.o(.text) refers to defsig.o(CL$$defsig) for __default_signal_handler
    defsig_general.o(.text) refers to retarget.o(.text) for _ttywrch
    defsig.o(CL$$defsig) refers to defsig_rtmem_inner.o(.text) for __rt_SIGRTMEM_inner
    defsig_abrt_inner.o(.text) refers to defsig_general.o(.text) for __default_signal_display
    defsig_fpe_inner.o(.text) refers to defsig_general.o(.text) for __default_signal_display
    defsig_rtred_inner.o(.text) refers to defsig_general.o(.text) for __default_signal_display
    defsig_stak_inner.o(.text) refers to defsig_general.o(.text) for __default_signal_display
    defsig_pvfn_inner.o(.text) refers to defsig_general.o(.text) for __default_signal_display
    defsig_cppl_inner.o(.text) refers to defsig_general.o(.text) for __default_signal_display
    defsig_segv_inner.o(.text) refers to defsig_general.o(.text) for __default_signal_display
    defsig_other.o(.text) refers to defsig_general.o(.text) for __default_signal_display


==============================================================================

Removing Unused input sections from the image.

    Removing stm32f2xx_adc.o(.text), (1136 bytes).
    Removing stm32f2xx_can.o(.text), (2540 bytes).
    Removing stm32f2xx_crc.o(.text), (72 bytes).
    Removing stm32f2xx_cryp.o(.text), (656 bytes).
    Removing stm32f2xx_cryp_aes.o(.text), (1524 bytes).
    Removing stm32f2xx_cryp_des.o(.text), (468 bytes).
    Removing stm32f2xx_cryp_tdes.o(.text), (532 bytes).
    Removing stm32f2xx_dac.o(.text), (528 bytes).
    Removing stm32f2xx_dbgmcu.o(.text), (100 bytes).
    Removing stm32f2xx_dcmi.o(.text), (396 bytes).
    Removing stm32f2xx_dma.o(.text), (932 bytes).
    Removing stm32f2xx_flash.o(.text), (1224 bytes).
    Removing stm32f2xx_fsmc.o(.text), (1564 bytes).
    Removing stm32f2xx_hash.o(.text), (496 bytes).
    Removing stm32f2xx_hash_md5.o(.text), (534 bytes).
    Removing stm32f2xx_hash_sha1.o(.text), (548 bytes).
    Removing stm32f2xx_i2c.o(.text), (1064 bytes).
    Removing stm32f2xx_iwdg.o(.text), (64 bytes).
    Removing stm32f2xx_pwr.o(.text), (220 bytes).
    Removing stm32f2xx_rng.o(.text), (160 bytes).
    Removing stm32f2xx_rtc.o(.text), (2844 bytes).
    Removing stm32f2xx_sdio.o(.text), (500 bytes).
    Removing stm32f2xx_spi.o(.text), (932 bytes).
    Removing stm32f2xx_tim.o(.text), (3234 bytes).
    Removing stm32f2xx_wwdg.o(.text), (144 bytes).
    Removing core_cm3.o(.emb_text), (32 bytes).
    Removing irq.o(.bss), (50 bytes).
    Removing rt_task.o(i.rt_tsk_pass), (48 bytes).
    Removing rt_task.o(i.rt_tsk_prio), (128 bytes).
    Removing rt_system.o(.emb_text), (0 bytes).
    Removing rt_system.o(i.rt_psh_req), (32 bytes).
    Removing rt_system.o(i.rt_resume), (176 bytes).
    Removing rt_system.o(i.rt_suspend), (44 bytes).
    Removing rt_system.o(i.rt_tsk_lock), (80 bytes).
    Removing rt_system.o(i.rt_tsk_unlock), (80 bytes).
    Removing rt_list.o(i.rt_get_same_rdy_prio), (36 bytes).
    Removing rt_list.o(i.rt_psq_enq), (88 bytes).
    Removing rt_membox.o(i._calloc_box), (30 bytes).
    Removing rt_event.o(i.isr_evt_set), (40 bytes).
    Removing rt_event.o(i.rt_evt_clr), (28 bytes).
    Removing rt_event.o(i.rt_evt_get), (12 bytes).
    Removing rt_event.o(i.rt_evt_set), (96 bytes).
    Removing rt_event.o(i.rt_evt_wait), (60 bytes).
    Removing rt_mailbox.o(i.isr_mbx_receive), (84 bytes).
    Removing rt_mailbox.o(i.isr_mbx_send), (14 bytes).
    Removing rt_mailbox.o(i.rt_mbx_check), (8 bytes).
    Removing rt_mailbox.o(i.rt_mbx_init), (26 bytes).
    Removing rt_mailbox.o(i.rt_mbx_send), (160 bytes).
    Removing rt_mailbox.o(i.rt_mbx_wait), (184 bytes).
    Removing rt_semaphore.o(i.isr_sem_send), (16 bytes).
    Removing rt_semaphore.o(i.rt_sem_init), (12 bytes).
    Removing rt_semaphore.o(i.rt_sem_send), (56 bytes).
    Removing rt_semaphore.o(i.rt_sem_wait), (60 bytes).
    Removing rt_time.o(i.rt_dly_wait), (6 bytes).
    Removing rt_time.o(i.rt_itv_set), (24 bytes).
    Removing rt_time.o(i.rt_itv_wait), (44 bytes).
    Removing rt_time.o(i.rt_time_get), (12 bytes).
    Removing rt_timer.o(i.rt_tmr_create), (80 bytes).
    Removing rt_timer.o(i.rt_tmr_kill), (52 bytes).

59 unused section(s) (total 24310 bytes) removed from the image.

==============================================================================

Image Symbol Table

    Local Symbols

    Symbol Name                              Value     Ov Type        Size  Object(Section)

    ../clib/angel/boardlib.s                 0x00000000   Number         0  boardinit1.o ABSOLUTE
    ../clib/angel/boardlib.s                 0x00000000   Number         0  boardshut.o ABSOLUTE
    ../clib/angel/boardlib.s                 0x00000000   Number         0  boardinit2.o ABSOLUTE
    ../clib/angel/boardlib.s                 0x00000000   Number         0  boardinit3.o ABSOLUTE
    ../clib/angel/handlers.s                 0x00000000   Number         0  __scatter_copy.o ABSOLUTE
    ../clib/angel/handlers.s                 0x00000000   Number         0  __scatter_zi.o ABSOLUTE
    ../clib/angel/kernel.s                   0x00000000   Number         0  rtexit.o ABSOLUTE
    ../clib/angel/kernel.s                   0x00000000   Number         0  rtexit2.o ABSOLUTE
    ../clib/angel/kernel.s                   0x00000000   Number         0  rtentry.o ABSOLUTE
    ../clib/angel/kernel.s                   0x00000000   Number         0  rtentry2.o ABSOLUTE
    ../clib/angel/kernel.s                   0x00000000   Number         0  rtentry4.o ABSOLUTE
    ../clib/angel/rt.s                       0x00000000   Number         0  rt_raise.o ABSOLUTE
    ../clib/angel/scatter.s                  0x00000000   Number         0  __scatter.o ABSOLUTE
    ../clib/angel/startup.s                  0x00000000   Number         0  __main.o ABSOLUTE
    ../clib/angel/sys.s                      0x00000000   Number         0  use_no_semi.o ABSOLUTE
    ../clib/angel/sys.s                      0x00000000   Number         0  libspace.o ABSOLUTE
    ../clib/angel/sys.s                      0x00000000   Number         0  indicate_semi.o ABSOLUTE
    ../clib/angel/sys.s                      0x00000000   Number         0  sys_stackheap_outer.o ABSOLUTE
    ../clib/angel/sysapp.c                   0x00000000   Number         0  sys_command.o ABSOLUTE
    ../clib/armsys.c                         0x00000000   Number         0  argv_veneer.o ABSOLUTE
    ../clib/armsys.c                         0x00000000   Number         0  argv_veneer.o ABSOLUTE
    ../clib/armsys.c                         0x00000000   Number         0  _get_argv_nomalloc.o ABSOLUTE
    ../clib/armsys.c                         0x00000000   Number         0  no_argv.o ABSOLUTE
    ../clib/heapalloc.c                      0x00000000   Number         0  hrguard.o ABSOLUTE
    ../clib/heapaux.c                        0x00000000   Number         0  heapauxi.o ABSOLUTE
    ../clib/libinit.s                        0x00000000   Number         0  libinit.o ABSOLUTE
    ../clib/libinit.s                        0x00000000   Number         0  libinit2.o ABSOLUTE
    ../clib/libinit.s                        0x00000000   Number         0  libshutdown.o ABSOLUTE
    ../clib/libinit.s                        0x00000000   Number         0  libshutdown2.o ABSOLUTE
    ../clib/printf.c                         0x00000000   Number         0  noretval__2printf.o ABSOLUTE
    ../clib/printf.c                         0x00000000   Number         0  __2printf.o ABSOLUTE
    ../clib/printf.c                         0x00000000   Number         0  _printf_char_file.o ABSOLUTE
    ../clib/printf.c                         0x00000000   Number         0  _printf_char_common.o ABSOLUTE
    ../clib/printf.c                         0x00000000   Number         0  __printf_nopercent.o ABSOLUTE
    ../clib/signal.c                         0x00000000   Number         0  defsig_abrt_inner.o ABSOLUTE
    ../clib/signal.c                         0x00000000   Number         0  defsig_general.o ABSOLUTE
    ../clib/signal.c                         0x00000000   Number         0  defsig_rtmem_inner.o ABSOLUTE
    ../clib/signal.c                         0x00000000   Number         0  defsig_exit.o ABSOLUTE
    ../clib/signal.c                         0x00000000   Number         0  defsig_rtmem_formal.o ABSOLUTE
    ../clib/signal.c                         0x00000000   Number         0  defsig_rtmem_outer.o ABSOLUTE
    ../clib/signal.c                         0x00000000   Number         0  __raise.o ABSOLUTE
    ../clib/signal.c                         0x00000000   Number         0  defsig_other.o ABSOLUTE
    ../clib/signal.c                         0x00000000   Number         0  defsig_segv_inner.o ABSOLUTE
    ../clib/signal.c                         0x00000000   Number         0  defsig_cppl_inner.o ABSOLUTE
    ../clib/signal.c                         0x00000000   Number         0  defsig_pvfn_inner.o ABSOLUTE
    ../clib/signal.c                         0x00000000   Number         0  defsig_stak_inner.o ABSOLUTE
    ../clib/signal.c                         0x00000000   Number         0  defsig_rtred_inner.o ABSOLUTE
    ../clib/signal.c                         0x00000000   Number         0  defsig_fpe_inner.o ABSOLUTE
    ../clib/signal.s                         0x00000000   Number         0  defsig.o ABSOLUTE
    ../clib/stdlib.c                         0x00000000   Number         0  exit.o ABSOLUTE
    ../fplib/fpinit.s                        0x00000000   Number         0  fpinit.o ABSOLUTE
    CMSIS\\core_cm3.c                        0x00000000   Number         0  core_cm3.o ABSOLUTE
    CMSIS\core_cm3.c                         0x00000000   Number         0  core_cm3.o ABSOLUTE
    Device\system_stm32f2xx.c                0x00000000   Number         0  system_stm32f2xx.o ABSOLUTE
    SRC\CM\HAL_CM3.c                         0x00000000   Number         0  hal_cm3.o ABSOLUTE
    SRC\CM\SVC_Table.s                       0x00000000   Number         0  SVC_Table.o ABSOLUTE
    SRC\CM\rt_Event.c                        0x00000000   Number         0  rt_event.o ABSOLUTE
    SRC\CM\rt_List.c                         0x00000000   Number         0  rt_list.o ABSOLUTE
    SRC\CM\rt_Mailbox.c                      0x00000000   Number         0  rt_mailbox.o ABSOLUTE
    SRC\CM\rt_MemBox.c                       0x00000000   Number         0  rt_membox.o ABSOLUTE
    SRC\CM\rt_Mutex.c                        0x00000000   Number         0  rt_mutex.o ABSOLUTE
    SRC\CM\rt_Robin.c                        0x00000000   Number         0  rt_robin.o ABSOLUTE
    SRC\CM\rt_Semaphore.c                    0x00000000   Number         0  rt_semaphore.o ABSOLUTE
    SRC\CM\rt_System.c                       0x00000000   Number         0  rt_system.o ABSOLUTE
    SRC\CM\rt_Task.c                         0x00000000   Number         0  rt_task.o ABSOLUTE
    SRC\CM\rt_Time.c                         0x00000000   Number         0  rt_time.o ABSOLUTE
    SRC\CM\rt_Timer.c                        0x00000000   Number         0  rt_timer.o ABSOLUTE
    SRC\\CM\\HAL_CM3.c                       0x00000000   Number         0  hal_cm3.o ABSOLUTE
    SRC\\CM\\rt_System.c                     0x00000000   Number         0  rt_system.o ABSOLUTE
    STM32F2xx_StdPeriph_Driver\src\misc.c    0x00000000   Number         0  misc.o ABSOLUTE
    STM32F2xx_StdPeriph_Driver\src\stm32f2xx_adc.c 0x00000000   Number         0  stm32f2xx_adc.o ABSOLUTE
    STM32F2xx_StdPeriph_Driver\src\stm32f2xx_can.c 0x00000000   Number         0  stm32f2xx_can.o ABSOLUTE
    STM32F2xx_StdPeriph_Driver\src\stm32f2xx_crc.c 0x00000000   Number         0  stm32f2xx_crc.o ABSOLUTE
    STM32F2xx_StdPeriph_Driver\src\stm32f2xx_cryp.c 0x00000000   Number         0  stm32f2xx_cryp.o ABSOLUTE
    STM32F2xx_StdPeriph_Driver\src\stm32f2xx_cryp_aes.c 0x00000000   Number         0  stm32f2xx_cryp_aes.o ABSOLUTE
    STM32F2xx_StdPeriph_Driver\src\stm32f2xx_cryp_des.c 0x00000000   Number         0  stm32f2xx_cryp_des.o ABSOLUTE
    STM32F2xx_StdPeriph_Driver\src\stm32f2xx_cryp_tdes.c 0x00000000   Number         0  stm32f2xx_cryp_tdes.o ABSOLUTE
    STM32F2xx_StdPeriph_Driver\src\stm32f2xx_dac.c 0x00000000   Number         0  stm32f2xx_dac.o ABSOLUTE
    STM32F2xx_StdPeriph_Driver\src\stm32f2xx_dbgmcu.c 0x00000000   Number         0  stm32f2xx_dbgmcu.o ABSOLUTE
    STM32F2xx_StdPeriph_Driver\src\stm32f2xx_dcmi.c 0x00000000   Number         0  stm32f2xx_dcmi.o ABSOLUTE
    STM32F2xx_StdPeriph_Driver\src\stm32f2xx_dma.c 0x00000000   Number         0  stm32f2xx_dma.o ABSOLUTE
    STM32F2xx_StdPeriph_Driver\src\stm32f2xx_exti.c 0x00000000   Number         0  stm32f2xx_exti.o ABSOLUTE
    STM32F2xx_StdPeriph_Driver\src\stm32f2xx_flash.c 0x00000000   Number         0  stm32f2xx_flash.o ABSOLUTE
    STM32F2xx_StdPeriph_Driver\src\stm32f2xx_fsmc.c 0x00000000   Number         0  stm32f2xx_fsmc.o ABSOLUTE
    STM32F2xx_StdPeriph_Driver\src\stm32f2xx_gpio.c 0x00000000   Number         0  stm32f2xx_gpio.o ABSOLUTE
    STM32F2xx_StdPeriph_Driver\src\stm32f2xx_hash.c 0x00000000   Number         0  stm32f2xx_hash.o ABSOLUTE
    STM32F2xx_StdPeriph_Driver\src\stm32f2xx_hash_md5.c 0x00000000   Number         0  stm32f2xx_hash_md5.o ABSOLUTE
    STM32F2xx_StdPeriph_Driver\src\stm32f2xx_hash_sha1.c 0x00000000   Number         0  stm32f2xx_hash_sha1.o ABSOLUTE
    STM32F2xx_StdPeriph_Driver\src\stm32f2xx_i2c.c 0x00000000   Number         0  stm32f2xx_i2c.o ABSOLUTE
    STM32F2xx_StdPeriph_Driver\src\stm32f2xx_iwdg.c 0x00000000   Number         0  stm32f2xx_iwdg.o ABSOLUTE
    STM32F2xx_StdPeriph_Driver\src\stm32f2xx_pwr.c 0x00000000   Number         0  stm32f2xx_pwr.o ABSOLUTE
    STM32F2xx_StdPeriph_Driver\src\stm32f2xx_rcc.c 0x00000000   Number         0  stm32f2xx_rcc.o ABSOLUTE
    STM32F2xx_StdPeriph_Driver\src\stm32f2xx_rng.c 0x00000000   Number         0  stm32f2xx_rng.o ABSOLUTE
    STM32F2xx_StdPeriph_Driver\src\stm32f2xx_rtc.c 0x00000000   Number         0  stm32f2xx_rtc.o ABSOLUTE
    STM32F2xx_StdPeriph_Driver\src\stm32f2xx_sdio.c 0x00000000   Number         0  stm32f2xx_sdio.o ABSOLUTE
    STM32F2xx_StdPeriph_Driver\src\stm32f2xx_spi.c 0x00000000   Number         0  stm32f2xx_spi.o ABSOLUTE
    STM32F2xx_StdPeriph_Driver\src\stm32f2xx_syscfg.c 0x00000000   Number         0  stm32f2xx_syscfg.o ABSOLUTE
    STM32F2xx_StdPeriph_Driver\src\stm32f2xx_tim.c 0x00000000   Number         0  stm32f2xx_tim.o ABSOLUTE
    STM32F2xx_StdPeriph_Driver\src\stm32f2xx_usart.c 0x00000000   Number         0  stm32f2xx_usart.o ABSOLUTE
    STM32F2xx_StdPeriph_Driver\src\stm32f2xx_wwdg.c 0x00000000   Number         0  stm32f2xx_wwdg.o ABSOLUTE
    User\RTX_Conf_CM.c                       0x00000000   Number         0  rtx_conf_cm.o ABSOLUTE
    User\Retarget.c                          0x00000000   Number         0  retarget.o ABSOLUTE
    User\irq.c                               0x00000000   Number         0  irq.o ABSOLUTE
    User\led.c                               0x00000000   Number         0  led.o ABSOLUTE
    User\main.c                              0x00000000   Number         0  main.o ABSOLUTE
    User\usart.c                             0x00000000   Number         0  usart.o ABSOLUTE
    dc.s                                     0x00000000   Number         0  dc.o ABSOLUTE
    startup\startup_stm32f2xx.s              0x00000000   Number         0  startup_stm32f2xx.o ABSOLUTE
    RESET                                    0x08000000   Section      388  startup_stm32f2xx.o(RESET)
    !!!main                                  0x08000184   Section        8  __main.o(!!!main)
    !!!scatter                               0x0800018c   Section       52  __scatter.o(!!!scatter)
    !!handler_copy                           0x080001c0   Section       26  __scatter_copy.o(!!handler_copy)
    !!handler_zi                             0x080001dc   Section       28  __scatter_zi.o(!!handler_zi)
    .ARM.Collect$$libinit$$00000000          0x080001f8   Section        2  libinit.o(.ARM.Collect$$libinit$$00000000)
    .ARM.Collect$$libinit$$00000002          0x080001fa   Section        0  libinit2.o(.ARM.Collect$$libinit$$00000002)
    .ARM.Collect$$libinit$$00000008          0x080001fa   Section        0  libinit2.o(.ARM.Collect$$libinit$$00000008)
    .ARM.Collect$$libinit$$0000000A          0x080001fa   Section        0  libinit2.o(.ARM.Collect$$libinit$$0000000A)
    .ARM.Collect$$libinit$$0000000C          0x080001fa   Section        0  libinit2.o(.ARM.Collect$$libinit$$0000000C)
    .ARM.Collect$$libinit$$0000000F          0x080001fa   Section        0  libinit2.o(.ARM.Collect$$libinit$$0000000F)
    .ARM.Collect$$libinit$$00000011          0x080001fa   Section        0  libinit2.o(.ARM.Collect$$libinit$$00000011)
    .ARM.Collect$$libinit$$00000013          0x080001fa   Section        0  libinit2.o(.ARM.Collect$$libinit$$00000013)
    .ARM.Collect$$libinit$$00000015          0x080001fa   Section        0  libinit2.o(.ARM.Collect$$libinit$$00000015)
    .ARM.Collect$$libinit$$00000017          0x080001fa   Section        0  libinit2.o(.ARM.Collect$$libinit$$00000017)
    .ARM.Collect$$libinit$$00000019          0x080001fa   Section        0  libinit2.o(.ARM.Collect$$libinit$$00000019)
    .ARM.Collect$$libinit$$0000001B          0x080001fa   Section        0  libinit2.o(.ARM.Collect$$libinit$$0000001B)
    .ARM.Collect$$libinit$$0000001D          0x080001fa   Section        0  libinit2.o(.ARM.Collect$$libinit$$0000001D)
    .ARM.Collect$$libinit$$0000001F          0x080001fa   Section        0  libinit2.o(.ARM.Collect$$libinit$$0000001F)
    .ARM.Collect$$libinit$$00000021          0x080001fa   Section        0  libinit2.o(.ARM.Collect$$libinit$$00000021)
    .ARM.Collect$$libinit$$00000023          0x080001fa   Section        0  libinit2.o(.ARM.Collect$$libinit$$00000023)
    .ARM.Collect$$libinit$$0000002A          0x080001fa   Section        0  libinit2.o(.ARM.Collect$$libinit$$0000002A)
    .ARM.Collect$$libinit$$0000002C          0x080001fa   Section        0  libinit2.o(.ARM.Collect$$libinit$$0000002C)
    .ARM.Collect$$libinit$$0000002E          0x080001fa   Section        0  libinit2.o(.ARM.Collect$$libinit$$0000002E)
    .ARM.Collect$$libinit$$00000030          0x080001fa   Section        0  libinit2.o(.ARM.Collect$$libinit$$00000030)
    .ARM.Collect$$libinit$$00000031          0x080001fa   Section        2  libinit2.o(.ARM.Collect$$libinit$$00000031)
    .ARM.Collect$$libshutdown$$00000000      0x080001fc   Section        2  libshutdown.o(.ARM.Collect$$libshutdown$$00000000)
    .ARM.Collect$$libshutdown$$00000003      0x080001fe   Section        0  libshutdown2.o(.ARM.Collect$$libshutdown$$00000003)
    .ARM.Collect$$libshutdown$$00000006      0x080001fe   Section        0  libshutdown2.o(.ARM.Collect$$libshutdown$$00000006)
    .ARM.Collect$$libshutdown$$00000009      0x080001fe   Section        0  libshutdown2.o(.ARM.Collect$$libshutdown$$00000009)
    .ARM.Collect$$libshutdown$$0000000B      0x080001fe   Section        0  libshutdown2.o(.ARM.Collect$$libshutdown$$0000000B)
    .ARM.Collect$$libshutdown$$0000000E      0x080001fe   Section        0  libshutdown2.o(.ARM.Collect$$libshutdown$$0000000E)
    .ARM.Collect$$libshutdown$$0000000F      0x080001fe   Section        2  libshutdown2.o(.ARM.Collect$$libshutdown$$0000000F)
    .ARM.Collect$$rtentry$$00000000          0x08000200   Section        0  rtentry.o(.ARM.Collect$$rtentry$$00000000)
    .ARM.Collect$$rtentry$$00000002          0x08000200   Section        0  rtentry2.o(.ARM.Collect$$rtentry$$00000002)
    .ARM.Collect$$rtentry$$00000004          0x08000200   Section        6  rtentry4.o(.ARM.Collect$$rtentry$$00000004)
    .ARM.Collect$$rtentry$$00000009          0x08000206   Section        0  rtentry2.o(.ARM.Collect$$rtentry$$00000009)
    .ARM.Collect$$rtentry$$0000000A          0x08000206   Section        4  rtentry2.o(.ARM.Collect$$rtentry$$0000000A)
    .ARM.Collect$$rtentry$$0000000C          0x0800020a   Section        0  rtentry2.o(.ARM.Collect$$rtentry$$0000000C)
    .ARM.Collect$$rtentry$$0000000D          0x0800020a   Section        8  rtentry2.o(.ARM.Collect$$rtentry$$0000000D)
    .ARM.Collect$$rtexit$$00000000           0x08000212   Section        2  rtexit.o(.ARM.Collect$$rtexit$$00000000)
    .ARM.Collect$$rtexit$$00000002           0x08000214   Section        0  rtexit2.o(.ARM.Collect$$rtexit$$00000002)
    .ARM.Collect$$rtexit$$00000003           0x08000214   Section        4  rtexit2.o(.ARM.Collect$$rtexit$$00000003)
    .ARM.Collect$$rtexit$$00000004           0x08000218   Section        6  rtexit2.o(.ARM.Collect$$rtexit$$00000004)
    .emb_text                                0x08000220   Section      340  hal_cm3.o(.emb_text)
    .text                                    0x08000374   Section       64  startup_stm32f2xx.o(.text)
    .text                                    0x080003b4   Section        0  system_stm32f2xx.o(.text)
    SetSysClock                              0x080003b5   Thumb Code   190  system_stm32f2xx.o(.text)
    .text                                    0x08000594   Section        0  misc.o(.text)
    .text                                    0x08000678   Section        0  stm32f2xx_exti.o(.text)
    .text                                    0x08000794   Section        0  stm32f2xx_gpio.o(.text)
    .text                                    0x080009f0   Section        0  stm32f2xx_rcc.o(.text)
    .text                                    0x08000f78   Section        0  stm32f2xx_syscfg.o(.text)
    .text                                    0x08001004   Section        0  stm32f2xx_usart.o(.text)
    .text                                    0x08001420   Section        0  main.o(.text)
    .text                                    0x080017f4   Section        0  rtx_conf_cm.o(.text)
    __tagsym$$used                           0x0800183f   Number         0  rtx_conf_cm.o(.text)
    __tagsym$$used                           0x08001859   Number         0  rtx_conf_cm.o(.text)
    .text                                    0x08001888   Section        0  retarget.o(.text)
    .text                                    0x080018c0   Section        0  usart.o(.text)
    .text                                    0x0800198c   Section        0  led.o(.text)
    .text                                    0x08001a3c   Section        0  irq.o(.text)
    .text                                    0x08001ac4   Section        8  libspace.o(.text)
    .text                                    0x08001acc   Section        2  use_no_semi.o(.text)
    .text                                    0x08001ad0   Section        0  noretval__2printf.o(.text)
    .text                                    0x08001ae8   Section        0  heapauxi.o(.text)
    .text                                    0x08001af0   Section        0  _printf_char_file.o(.text)
    .text                                    0x08001b14   Section        0  _printf_char_common.o(.text)
    _printf_input_char                       0x08001b15   Thumb Code    10  _printf_char_common.o(.text)
    .text                                    0x08001b44   Section       74  sys_stackheap_outer.o(.text)
    .text                                    0x08001b8e   Section        0  __printf_nopercent.o(.text)
    .text                                    0x08001bb4   Section        0  exit.o(.text)
    SVC_TABLE                                0x08001bc0   Section        4  SVC_Table.o(SVC_TABLE)
    i._init_box                              0x08001bc4   Section        0  rt_membox.o(i._init_box)
    i.dbg_init                               0x08001c0c   Section        0  hal_cm3.o(i.dbg_init)
    i.dbg_task_notify                        0x08001c3c   Section        0  hal_cm3.o(i.dbg_task_notify)
    i.dbg_task_switch                        0x08001c5c   Section        0  hal_cm3.o(i.dbg_task_switch)
    i.os_tick_init                           0x08001c6c   Section        0  rt_system.o(i.os_tick_init)
    i.os_tick_irqack                         0x08001c94   Section        0  rt_system.o(i.os_tick_irqack)
    i.rt_alloc_box                           0x08001c96   Section        0  rt_membox.o(i.rt_alloc_box)
    i.rt_block                               0x08001cb0   Section        0  rt_task.o(i.rt_block)
    i.rt_chk_robin                           0x08001ce8   Section        0  rt_robin.o(i.rt_chk_robin)
    i.rt_dec_dly                             0x08001d30   Section        0  rt_list.o(i.rt_dec_dly)
    i.rt_dispatch                            0x08001da4   Section        0  rt_task.o(i.rt_dispatch)
    i.rt_evt_psh                             0x08001de8   Section        0  rt_event.o(i.rt_evt_psh)
    i.rt_free_box                            0x08001e34   Section        0  rt_membox.o(i.rt_free_box)
    i.rt_get_first                           0x08001e54   Section        0  rt_list.o(i.rt_get_first)
    i.rt_init_context                        0x08001e7c   Section        0  rt_task.o(i.rt_init_context)
    rt_init_context                          0x08001e7d   Thumb Code    64  rt_task.o(i.rt_init_context)
    i.rt_init_robin                          0x08001ec0   Section        0  rt_robin.o(i.rt_init_robin)
    i.rt_init_stack                          0x08001ed8   Section        0  hal_cm3.o(i.rt_init_stack)
    i.rt_mbx_psh                             0x08001f28   Section        0  rt_mailbox.o(i.rt_mbx_psh)
    i.rt_mut_init                            0x08001fe8   Section        0  rt_mutex.o(i.rt_mut_init)
    i.rt_mut_release                         0x08001ff8   Section        0  rt_mutex.o(i.rt_mut_release)
    i.rt_mut_wait                            0x080020a4   Section        0  rt_mutex.o(i.rt_mut_wait)
    i.rt_pop_req                             0x08002108   Section        0  rt_system.o(i.rt_pop_req)
    i.rt_put_dly                             0x08002180   Section        0  rt_list.o(i.rt_put_dly)
    i.rt_put_prio                            0x080021c8   Section        0  rt_list.o(i.rt_put_prio)
    i.rt_put_rdy_first                       0x08002200   Section        0  rt_list.o(i.rt_put_rdy_first)
    i.rt_resort_prio                         0x08002214   Section        0  rt_list.o(i.rt_resort_prio)
    i.rt_rmv_dly                             0x08002248   Section        0  rt_list.o(i.rt_rmv_dly)
    i.rt_rmv_list                            0x08002270   Section        0  rt_list.o(i.rt_rmv_list)
    i.rt_sem_psh                             0x080022a0   Section        0  rt_semaphore.o(i.rt_sem_psh)
    i.rt_stk_check                           0x080022d4   Section        0  rt_system.o(i.rt_stk_check)
    i.rt_switch_req                          0x080022f8   Section        0  rt_task.o(i.rt_switch_req)
    i.rt_sys_init                            0x08002320   Section        0  rt_task.o(i.rt_sys_init)
    i.rt_systick                             0x08002478   Section        0  rt_system.o(i.rt_systick)
    i.rt_tmr_tick                            0x080024b4   Section        0  rt_timer.o(i.rt_tmr_tick)
    i.rt_tsk_create                          0x080024f4   Section        0  rt_task.o(i.rt_tsk_create)
    i.rt_tsk_delete                          0x08002588   Section        0  rt_task.o(i.rt_tsk_delete)
    i.rt_tsk_self                            0x08002644   Section        0  rt_task.o(i.rt_tsk_self)
    .constdata                               0x08002654   Section       40  rtx_conf_cm.o(.constdata)
    __tagsym$$used                           0x08002668   Number         0  rtx_conf_cm.o(.constdata)
    __tagsym$$used                           0x0800266c   Number         0  rtx_conf_cm.o(.constdata)
    .data                                    0x20000000   Section       20  system_stm32f2xx.o(.data)
    .data                                    0x20000014   Section       16  stm32f2xx_rcc.o(.data)
    APBAHBPrescTable                         0x20000014   Data          16  stm32f2xx_rcc.o(.data)
    .data                                    0x20000024   Section       16  main.o(.data)
    .data                                    0x20000034   Section        8  rtx_conf_cm.o(.data)
    nr_mutex                                 0x20000038   Data           4  rtx_conf_cm.o(.data)
    .data                                    0x2000003c   Section        8  retarget.o(.data)
    .data                                    0x20000044   Section       82  irq.o(.data)
    .data                                    0x20000098   Section        8  rt_task.o(.data)
    .data                                    0x200000a0   Section        1  hal_cm3.o(.data)
    .data                                    0x200000a4   Section        8  rt_system.o(.data)
    os_lock                                  0x200000a4   Data           1  rt_system.o(.data)
    os_psh_flag                              0x200000a5   Data           1  rt_system.o(.data)
    pend_flags                               0x200000a6   Data           1  rt_system.o(.data)
    .data                                    0x200000ac   Section        8  rt_robin.o(.data)
    .data                                    0x200000b4   Section        4  rt_time.o(.data)
    .data                                    0x200000b8   Section        8  rt_timer.o(.data)
    .bss                                     0x200000c0   Section     3244  rtx_conf_cm.o(.bss)
    std_libspace                             0x20000a0c   Data         768  rtx_conf_cm.o(.bss)
    std_libmutex                             0x20000d0c   Data          96  rtx_conf_cm.o(.bss)
    .bss                                     0x20000d6c   Section       48  rt_task.o(.bss)
    .bss                                     0x20000d9c   Section       48  rt_list.o(.bss)
    .bss                                     0x20000dcc   Section       96  libspace.o(.bss)
    HEAP                                     0x20000e30   Section      512  startup_stm32f2xx.o(HEAP)
    Heap_Mem                                 0x20000e30   Data         512  startup_stm32f2xx.o(HEAP)
    STACK                                    0x20001030   Section     1024  startup_stm32f2xx.o(STACK)
    Stack_Mem                                0x20001030   Data        1024  startup_stm32f2xx.o(STACK)
    __initial_sp                             0x20001430   Data           0  startup_stm32f2xx.o(STACK)

    Global Symbols

    Symbol Name                              Value     Ov Type        Size  Object(Section)

    BuildAttributes$$THM_ISAv4$P$D$K$B$S$PE$A:L22UL41UL21$X:L11$S22US41US21$IEEE1$IW$USESV6$~STKCKD$USESV7$~SHL$OSPACE$ROPI$EBA8$UX$STANDARDLIB$REQ8$PRES8$EABIv2 0x00000000   Number         0  anon$$obj.o ABSOLUTE
    __ARM_use_no_argv                        0x00000000   Number         0  main.o ABSOLUTE
    __ARM_exceptions_init                     - Undefined Weak Reference
    __alloca_initialize                       - Undefined Weak Reference
    __cpp_initialize__aeabi_                  - Undefined Weak Reference
    __cxa_finalize                            - Undefined Weak Reference
    __rt_locale                               - Undefined Weak Reference
    __sigvec_lookup                           - Undefined Weak Reference
    _atexit_init                              - Undefined Weak Reference
    _call_atexit_fns                          - Undefined Weak Reference
    _clock_init                               - Undefined Weak Reference
    _fp_trap_init                             - Undefined Weak Reference
    _fp_trap_shutdown                         - Undefined Weak Reference
    _get_lc_collate                           - Undefined Weak Reference
    _get_lc_ctype                             - Undefined Weak Reference
    _get_lc_monetary                          - Undefined Weak Reference
    _get_lc_numeric                           - Undefined Weak Reference
    _get_lc_time                              - Undefined Weak Reference
    _getenv_init                              - Undefined Weak Reference
    _handle_redirection                       - Undefined Weak Reference
    _init_alloc                               - Undefined Weak Reference
    _init_user_alloc                          - Undefined Weak Reference
    _initio                                   - Undefined Weak Reference
    _rand_init                                - Undefined Weak Reference
    _signal_finish                            - Undefined Weak Reference
    _signal_init                              - Undefined Weak Reference
    _terminate_alloc                          - Undefined Weak Reference
    _terminate_user_alloc                     - Undefined Weak Reference
    _terminateio                              - Undefined Weak Reference
    __Vectors_Size                           0x00000184   Number         0  startup_stm32f2xx.o ABSOLUTE
    __RL_RTX_VER                             0x00000470   Number         0  rt_system.o ABSOLUTE
    __Vectors                                0x08000000   Data           4  startup_stm32f2xx.o(RESET)
    __Vectors_End                            0x08000184   Data           0  startup_stm32f2xx.o(RESET)
    __main                                   0x08000185   Thumb Code     8  __main.o(!!!main)
    __scatterload                            0x0800018d   Thumb Code     0  __scatter.o(!!!scatter)
    __scatterload_rt2                        0x0800018d   Thumb Code    44  __scatter.o(!!!scatter)
    __scatterload_rt2_thumb_only             0x0800018d   Thumb Code     0  __scatter.o(!!!scatter)
    __scatterload_null                       0x0800019b   Thumb Code     0  __scatter.o(!!!scatter)
    __scatterload_copy                       0x080001c1   Thumb Code    26  __scatter_copy.o(!!handler_copy)
    __scatterload_zeroinit                   0x080001dd   Thumb Code    28  __scatter_zi.o(!!handler_zi)
    __rt_lib_init                            0x080001f9   Thumb Code     0  libinit.o(.ARM.Collect$$libinit$$00000000)
    __rt_lib_init_alloca_1                   0x080001fb   Thumb Code     0  libinit2.o(.ARM.Collect$$libinit$$0000002C)
    __rt_lib_init_argv_1                     0x080001fb   Thumb Code     0  libinit2.o(.ARM.Collect$$libinit$$0000002A)
    __rt_lib_init_atexit_1                   0x080001fb   Thumb Code     0  libinit2.o(.ARM.Collect$$libinit$$00000019)
    __rt_lib_init_clock_1                    0x080001fb   Thumb Code     0  libinit2.o(.ARM.Collect$$libinit$$0000001F)
    __rt_lib_init_cpp_1                      0x080001fb   Thumb Code     0  libinit2.o(.ARM.Collect$$libinit$$00000030)
    __rt_lib_init_exceptions_1               0x080001fb   Thumb Code     0  libinit2.o(.ARM.Collect$$libinit$$0000002E)
    __rt_lib_init_fp_1                       0x080001fb   Thumb Code     0  libinit2.o(.ARM.Collect$$libinit$$00000002)
    __rt_lib_init_fp_trap_1                  0x080001fb   Thumb Code     0  libinit2.o(.ARM.Collect$$libinit$$0000001D)
    __rt_lib_init_getenv_1                   0x080001fb   Thumb Code     0  libinit2.o(.ARM.Collect$$libinit$$00000021)
    __rt_lib_init_heap_1                     0x080001fb   Thumb Code     0  libinit2.o(.ARM.Collect$$libinit$$00000008)
    __rt_lib_init_lc_collate_1               0x080001fb   Thumb Code     0  libinit2.o(.ARM.Collect$$libinit$$0000000F)
    __rt_lib_init_lc_ctype_1                 0x080001fb   Thumb Code     0  libinit2.o(.ARM.Collect$$libinit$$00000011)
    __rt_lib_init_lc_monetary_1              0x080001fb   Thumb Code     0  libinit2.o(.ARM.Collect$$libinit$$00000013)
    __rt_lib_init_lc_numeric_1               0x080001fb   Thumb Code     0  libinit2.o(.ARM.Collect$$libinit$$00000015)
    __rt_lib_init_lc_time_1                  0x080001fb   Thumb Code     0  libinit2.o(.ARM.Collect$$libinit$$00000017)
    __rt_lib_init_rand_1                     0x080001fb   Thumb Code     0  libinit2.o(.ARM.Collect$$libinit$$0000000C)
    __rt_lib_init_return                     0x080001fb   Thumb Code     0  libinit2.o(.ARM.Collect$$libinit$$00000031)
    __rt_lib_init_signal_1                   0x080001fb   Thumb Code     0  libinit2.o(.ARM.Collect$$libinit$$0000001B)
    __rt_lib_init_stdio_1                    0x080001fb   Thumb Code     0  libinit2.o(.ARM.Collect$$libinit$$00000023)
    __rt_lib_init_user_alloc_1               0x080001fb   Thumb Code     0  libinit2.o(.ARM.Collect$$libinit$$0000000A)
    __rt_lib_shutdown                        0x080001fd   Thumb Code     0  libshutdown.o(.ARM.Collect$$libshutdown$$00000000)
    __rt_lib_shutdown_fp_trap_1              0x080001ff   Thumb Code     0  libshutdown2.o(.ARM.Collect$$libshutdown$$00000006)
    __rt_lib_shutdown_heap_1                 0x080001ff   Thumb Code     0  libshutdown2.o(.ARM.Collect$$libshutdown$$0000000E)
    __rt_lib_shutdown_return                 0x080001ff   Thumb Code     0  libshutdown2.o(.ARM.Collect$$libshutdown$$0000000F)
    __rt_lib_shutdown_signal_1               0x080001ff   Thumb Code     0  libshutdown2.o(.ARM.Collect$$libshutdown$$00000009)
    __rt_lib_shutdown_stdio_1                0x080001ff   Thumb Code     0  libshutdown2.o(.ARM.Collect$$libshutdown$$00000003)
    __rt_lib_shutdown_user_alloc_1           0x080001ff   Thumb Code     0  libshutdown2.o(.ARM.Collect$$libshutdown$$0000000B)
    __rt_entry                               0x08000201   Thumb Code     0  rtentry.o(.ARM.Collect$$rtentry$$00000000)
    __rt_entry_presh_1                       0x08000201   Thumb Code     0  rtentry2.o(.ARM.Collect$$rtentry$$00000002)
    __rt_entry_sh                            0x08000201   Thumb Code     0  rtentry4.o(.ARM.Collect$$rtentry$$00000004)
    __rt_entry_li                            0x08000207   Thumb Code     0  rtentry2.o(.ARM.Collect$$rtentry$$0000000A)
    __rt_entry_postsh_1                      0x08000207   Thumb Code     0  rtentry2.o(.ARM.Collect$$rtentry$$00000009)
    __rt_entry_main                          0x0800020b   Thumb Code     0  rtentry2.o(.ARM.Collect$$rtentry$$0000000D)
    __rt_entry_postli_1                      0x0800020b   Thumb Code     0  rtentry2.o(.ARM.Collect$$rtentry$$0000000C)
    __rt_exit                                0x08000213   Thumb Code     0  rtexit.o(.ARM.Collect$$rtexit$$00000000)
    __rt_exit_ls                             0x08000215   Thumb Code     0  rtexit2.o(.ARM.Collect$$rtexit$$00000003)
    __rt_exit_prels_1                        0x08000215   Thumb Code     0  rtexit2.o(.ARM.Collect$$rtexit$$00000002)
    __rt_exit_exit                           0x08000219   Thumb Code     0  rtexit2.o(.ARM.Collect$$rtexit$$00000004)
    rt_set_PSP                               0x08000221   Thumb Code     6  hal_cm3.o(.emb_text)
    rt_get_PSP                               0x08000227   Thumb Code     6  hal_cm3.o(.emb_text)
    os_set_env                               0x0800022d   Thumb Code    24  hal_cm3.o(.emb_text)
    _alloc_box                               0x08000249   Thumb Code    28  hal_cm3.o(.emb_text)
    _free_box                                0x08000269   Thumb Code    28  hal_cm3.o(.emb_text)
    SVC_Handler                              0x08000289   Thumb Code   124  hal_cm3.o(.emb_text)
    PendSV_Handler                           0x08000311   Thumb Code    76  hal_cm3.o(.emb_text)
    SysTick_Handler                          0x08000361   Thumb Code     8  hal_cm3.o(.emb_text)
    OS_Tick_Handler                          0x08000369   Thumb Code    12  hal_cm3.o(.emb_text)
    Reset_Handler                            0x08000375   Thumb Code     8  startup_stm32f2xx.o(.text)
    NMI_Handler                              0x0800037d   Thumb Code     2  startup_stm32f2xx.o(.text)
    HardFault_Handler                        0x0800037f   Thumb Code     2  startup_stm32f2xx.o(.text)
    MemManage_Handler                        0x08000381   Thumb Code     2  startup_stm32f2xx.o(.text)
    BusFault_Handler                         0x08000383   Thumb Code     2  startup_stm32f2xx.o(.text)
    UsageFault_Handler                       0x08000385   Thumb Code     2  startup_stm32f2xx.o(.text)
    DebugMon_Handler                         0x08000389   Thumb Code     2  startup_stm32f2xx.o(.text)
    ADC_IRQHandler                           0x0800038f   Thumb Code     0  startup_stm32f2xx.o(.text)
    CAN1_RX0_IRQHandler                      0x0800038f   Thumb Code     0  startup_stm32f2xx.o(.text)
    CAN1_RX1_IRQHandler                      0x0800038f   Thumb Code     0  startup_stm32f2xx.o(.text)
    CAN1_SCE_IRQHandler                      0x0800038f   Thumb Code     0  startup_stm32f2xx.o(.text)
    CAN1_TX_IRQHandler                       0x0800038f   Thumb Code     0  startup_stm32f2xx.o(.text)
    CAN2_RX0_IRQHandler                      0x0800038f   Thumb Code     0  startup_stm32f2xx.o(.text)
    CAN2_RX1_IRQHandler                      0x0800038f   Thumb Code     0  startup_stm32f2xx.o(.text)
    CAN2_SCE_IRQHandler                      0x0800038f   Thumb Code     0  startup_stm32f2xx.o(.text)
    CAN2_TX_IRQHandler                       0x0800038f   Thumb Code     0  startup_stm32f2xx.o(.text)
    CRYP_IRQHandler                          0x0800038f   Thumb Code     0  startup_stm32f2xx.o(.text)
    DCMI_IRQHandler                          0x0800038f   Thumb Code     0  startup_stm32f2xx.o(.text)
    DMA1_Stream0_IRQHandler                  0x0800038f   Thumb Code     0  startup_stm32f2xx.o(.text)
    DMA1_Stream1_IRQHandler                  0x0800038f   Thumb Code     0  startup_stm32f2xx.o(.text)
    DMA1_Stream2_IRQHandler                  0x0800038f   Thumb Code     0  startup_stm32f2xx.o(.text)
    DMA1_Stream3_IRQHandler                  0x0800038f   Thumb Code     0  startup_stm32f2xx.o(.text)
    DMA1_Stream4_IRQHandler                  0x0800038f   Thumb Code     0  startup_stm32f2xx.o(.text)
    DMA1_Stream5_IRQHandler                  0x0800038f   Thumb Code     0  startup_stm32f2xx.o(.text)
    DMA1_Stream6_IRQHandler                  0x0800038f   Thumb Code     0  startup_stm32f2xx.o(.text)
    DMA1_Stream7_IRQHandler                  0x0800038f   Thumb Code     0  startup_stm32f2xx.o(.text)
    DMA2_Stream0_IRQHandler                  0x0800038f   Thumb Code     0  startup_stm32f2xx.o(.text)
    DMA2_Stream1_IRQHandler                  0x0800038f   Thumb Code     0  startup_stm32f2xx.o(.text)
    DMA2_Stream2_IRQHandler                  0x0800038f   Thumb Code     0  startup_stm32f2xx.o(.text)
    DMA2_Stream3_IRQHandler                  0x0800038f   Thumb Code     0  startup_stm32f2xx.o(.text)
    DMA2_Stream4_IRQHandler                  0x0800038f   Thumb Code     0  startup_stm32f2xx.o(.text)
    DMA2_Stream5_IRQHandler                  0x0800038f   Thumb Code     0  startup_stm32f2xx.o(.text)
    DMA2_Stream6_IRQHandler                  0x0800038f   Thumb Code     0  startup_stm32f2xx.o(.text)
    DMA2_Stream7_IRQHandler                  0x0800038f   Thumb Code     0  startup_stm32f2xx.o(.text)
    ETH_IRQHandler                           0x0800038f   Thumb Code     0  startup_stm32f2xx.o(.text)
    ETH_WKUP_IRQHandler                      0x0800038f   Thumb Code     0  startup_stm32f2xx.o(.text)
    EXTI0_IRQHandler                         0x0800038f   Thumb Code     0  startup_stm32f2xx.o(.text)
    EXTI15_10_IRQHandler                     0x0800038f   Thumb Code     0  startup_stm32f2xx.o(.text)
    EXTI1_IRQHandler                         0x0800038f   Thumb Code     0  startup_stm32f2xx.o(.text)
    EXTI2_IRQHandler                         0x0800038f   Thumb Code     0  startup_stm32f2xx.o(.text)
    EXTI3_IRQHandler                         0x0800038f   Thumb Code     0  startup_stm32f2xx.o(.text)
    EXTI4_IRQHandler                         0x0800038f   Thumb Code     0  startup_stm32f2xx.o(.text)
    EXTI9_5_IRQHandler                       0x0800038f   Thumb Code     0  startup_stm32f2xx.o(.text)
    FLASH_IRQHandler                         0x0800038f   Thumb Code     0  startup_stm32f2xx.o(.text)
    FSMC_IRQHandler                          0x0800038f   Thumb Code     0  startup_stm32f2xx.o(.text)
    HASH_RNG_IRQHandler                      0x0800038f   Thumb Code     0  startup_stm32f2xx.o(.text)
    I2C1_ER_IRQHandler                       0x0800038f   Thumb Code     0  startup_stm32f2xx.o(.text)
    I2C1_EV_IRQHandler                       0x0800038f   Thumb Code     0  startup_stm32f2xx.o(.text)
    I2C2_ER_IRQHandler                       0x0800038f   Thumb Code     0  startup_stm32f2xx.o(.text)
    I2C2_EV_IRQHandler                       0x0800038f   Thumb Code     0  startup_stm32f2xx.o(.text)
    I2C3_ER_IRQHandler                       0x0800038f   Thumb Code     0  startup_stm32f2xx.o(.text)
    I2C3_EV_IRQHandler                       0x0800038f   Thumb Code     0  startup_stm32f2xx.o(.text)
    OTG_FS_IRQHandler                        0x0800038f   Thumb Code     0  startup_stm32f2xx.o(.text)
    OTG_FS_WKUP_IRQHandler                   0x0800038f   Thumb Code     0  startup_stm32f2xx.o(.text)
    OTG_HS_EP1_IN_IRQHandler                 0x0800038f   Thumb Code     0  startup_stm32f2xx.o(.text)
    OTG_HS_EP1_OUT_IRQHandler                0x0800038f   Thumb Code     0  startup_stm32f2xx.o(.text)
    OTG_HS_IRQHandler                        0x0800038f   Thumb Code     0  startup_stm32f2xx.o(.text)
    OTG_HS_WKUP_IRQHandler                   0x0800038f   Thumb Code     0  startup_stm32f2xx.o(.text)
    PVD_IRQHandler                           0x0800038f   Thumb Code     0  startup_stm32f2xx.o(.text)
    RCC_IRQHandler                           0x0800038f   Thumb Code     0  startup_stm32f2xx.o(.text)
    RTC_Alarm_IRQHandler                     0x0800038f   Thumb Code     0  startup_stm32f2xx.o(.text)
    RTC_WKUP_IRQHandler                      0x0800038f   Thumb Code     0  startup_stm32f2xx.o(.text)
    SDIO_IRQHandler                          0x0800038f   Thumb Code     0  startup_stm32f2xx.o(.text)
    SPI1_IRQHandler                          0x0800038f   Thumb Code     0  startup_stm32f2xx.o(.text)
    SPI2_IRQHandler                          0x0800038f   Thumb Code     0  startup_stm32f2xx.o(.text)
    SPI3_IRQHandler                          0x0800038f   Thumb Code     0  startup_stm32f2xx.o(.text)
    TAMP_STAMP_IRQHandler                    0x0800038f   Thumb Code     0  startup_stm32f2xx.o(.text)
    TIM1_BRK_TIM9_IRQHandler                 0x0800038f   Thumb Code     0  startup_stm32f2xx.o(.text)
    TIM1_CC_IRQHandler                       0x0800038f   Thumb Code     0  startup_stm32f2xx.o(.text)
    TIM1_TRG_COM_TIM11_IRQHandler            0x0800038f   Thumb Code     0  startup_stm32f2xx.o(.text)
    TIM1_UP_TIM10_IRQHandler                 0x0800038f   Thumb Code     0  startup_stm32f2xx.o(.text)
    TIM2_IRQHandler                          0x0800038f   Thumb Code     0  startup_stm32f2xx.o(.text)
    TIM3_IRQHandler                          0x0800038f   Thumb Code     0  startup_stm32f2xx.o(.text)
    TIM4_IRQHandler                          0x0800038f   Thumb Code     0  startup_stm32f2xx.o(.text)
    TIM5_IRQHandler                          0x0800038f   Thumb Code     0  startup_stm32f2xx.o(.text)
    TIM6_DAC_IRQHandler                      0x0800038f   Thumb Code     0  startup_stm32f2xx.o(.text)
    TIM7_IRQHandler                          0x0800038f   Thumb Code     0  startup_stm32f2xx.o(.text)
    TIM8_BRK_TIM12_IRQHandler                0x0800038f   Thumb Code     0  startup_stm32f2xx.o(.text)
    TIM8_CC_IRQHandler                       0x0800038f   Thumb Code     0  startup_stm32f2xx.o(.text)
    TIM8_TRG_COM_TIM14_IRQHandler            0x0800038f   Thumb Code     0  startup_stm32f2xx.o(.text)
    TIM8_UP_TIM13_IRQHandler                 0x0800038f   Thumb Code     0  startup_stm32f2xx.o(.text)
    UART4_IRQHandler                         0x0800038f   Thumb Code     0  startup_stm32f2xx.o(.text)
    UART5_IRQHandler                         0x0800038f   Thumb Code     0  startup_stm32f2xx.o(.text)
    USART2_IRQHandler                        0x0800038f   Thumb Code     0  startup_stm32f2xx.o(.text)
    USART3_IRQHandler                        0x0800038f   Thumb Code     0  startup_stm32f2xx.o(.text)
    USART6_IRQHandler                        0x0800038f   Thumb Code     0  startup_stm32f2xx.o(.text)
    WWDG_IRQHandler                          0x0800038f   Thumb Code     0  startup_stm32f2xx.o(.text)
    __user_initial_stackheap                 0x08000391   Thumb Code     0  startup_stm32f2xx.o(.text)
    SystemInit                               0x08000473   Thumb Code    74  system_stm32f2xx.o(.text)
    SystemCoreClockUpdate                    0x080004bd   Thumb Code   174  system_stm32f2xx.o(.text)
    NVIC_PriorityGroupConfig                 0x08000595   Thumb Code    10  misc.o(.text)
    NVIC_Init                                0x0800059f   Thumb Code   108  misc.o(.text)
    NVIC_SetVectorTable                      0x0800060b   Thumb Code    14  misc.o(.text)
    NVIC_SystemLPConfig                      0x08000619   Thumb Code    34  misc.o(.text)
    SysTick_CLKSourceConfig                  0x0800063b   Thumb Code    40  misc.o(.text)
    EXTI_DeInit                              0x08000679   Thumb Code    28  stm32f2xx_exti.o(.text)
    EXTI_Init                                0x08000695   Thumb Code   142  stm32f2xx_exti.o(.text)
    EXTI_StructInit                          0x08000723   Thumb Code    16  stm32f2xx_exti.o(.text)
    EXTI_GenerateSWInterrupt                 0x08000733   Thumb Code    16  stm32f2xx_exti.o(.text)
    EXTI_GetFlagStatus                       0x08000743   Thumb Code    22  stm32f2xx_exti.o(.text)
    EXTI_ClearFlag                           0x08000759   Thumb Code     8  stm32f2xx_exti.o(.text)
    EXTI_GetITStatus                         0x08000761   Thumb Code    34  stm32f2xx_exti.o(.text)
    EXTI_ClearITPendingBit                   0x08000783   Thumb Code     8  stm32f2xx_exti.o(.text)
    GPIO_DeInit                              0x08000795   Thumb Code   220  stm32f2xx_gpio.o(.text)
    GPIO_Init                                0x08000871   Thumb Code   144  stm32f2xx_gpio.o(.text)
    GPIO_StructInit                          0x08000901   Thumb Code    18  stm32f2xx_gpio.o(.text)
    GPIO_PinLockConfig                       0x08000913   Thumb Code    34  stm32f2xx_gpio.o(.text)
    GPIO_ReadInputDataBit                    0x08000935   Thumb Code    18  stm32f2xx_gpio.o(.text)
    GPIO_ReadInputData                       0x08000947   Thumb Code     8  stm32f2xx_gpio.o(.text)
    GPIO_ReadOutputDataBit                   0x0800094f   Thumb Code    18  stm32f2xx_gpio.o(.text)
    GPIO_ReadOutputData                      0x08000961   Thumb Code     8  stm32f2xx_gpio.o(.text)
    GPIO_SetBits                             0x08000969   Thumb Code     4  stm32f2xx_gpio.o(.text)
    GPIO_ResetBits                           0x0800096d   Thumb Code     4  stm32f2xx_gpio.o(.text)
    GPIO_WriteBit                            0x08000971   Thumb Code    10  stm32f2xx_gpio.o(.text)
    GPIO_Write                               0x0800097b   Thumb Code     4  stm32f2xx_gpio.o(.text)
    GPIO_ToggleBits                          0x0800097f   Thumb Code     8  stm32f2xx_gpio.o(.text)
    GPIO_PinAFConfig                         0x08000987   Thumb Code    70  stm32f2xx_gpio.o(.text)
    RCC_DeInit                               0x080009f1   Thumb Code    60  stm32f2xx_rcc.o(.text)
    RCC_HSEConfig                            0x08000a2d   Thumb Code    14  stm32f2xx_rcc.o(.text)
    RCC_GetFlagStatus                        0x08000a3b   Thumb Code    60  stm32f2xx_rcc.o(.text)
    RCC_WaitForHSEStartUp                    0x08000a77   Thumb Code    56  stm32f2xx_rcc.o(.text)
    RCC_AdjustHSICalibrationValue            0x08000aaf   Thumb Code    20  stm32f2xx_rcc.o(.text)
    RCC_HSICmd                               0x08000ac3   Thumb Code     6  stm32f2xx_rcc.o(.text)
    RCC_LSEConfig                            0x08000ac9   Thumb Code    46  stm32f2xx_rcc.o(.text)
    RCC_LSICmd                               0x08000af7   Thumb Code     6  stm32f2xx_rcc.o(.text)
    RCC_PLLConfig                            0x08000afd   Thumb Code    32  stm32f2xx_rcc.o(.text)
    RCC_PLLCmd                               0x08000b1d   Thumb Code     6  stm32f2xx_rcc.o(.text)
    RCC_PLLI2SConfig                         0x08000b23   Thumb Code    14  stm32f2xx_rcc.o(.text)
    RCC_PLLI2SCmd                            0x08000b31   Thumb Code     6  stm32f2xx_rcc.o(.text)
    RCC_ClockSecuritySystemCmd               0x08000b37   Thumb Code     6  stm32f2xx_rcc.o(.text)
    RCC_MCO1Config                           0x08000b3d   Thumb Code    28  stm32f2xx_rcc.o(.text)
    RCC_MCO2Config                           0x08000b59   Thumb Code    28  stm32f2xx_rcc.o(.text)
    RCC_SYSCLKConfig                         0x08000b75   Thumb Code    20  stm32f2xx_rcc.o(.text)
    RCC_GetSYSCLKSource                      0x08000b89   Thumb Code    12  stm32f2xx_rcc.o(.text)
    RCC_HCLKConfig                           0x08000b95   Thumb Code    20  stm32f2xx_rcc.o(.text)
    RCC_PCLK1Config                          0x08000ba9   Thumb Code    20  stm32f2xx_rcc.o(.text)
    RCC_PCLK2Config                          0x08000bbd   Thumb Code    22  stm32f2xx_rcc.o(.text)
    RCC_GetClocksFreq                        0x08000bd3   Thumb Code   222  stm32f2xx_rcc.o(.text)
    RCC_RTCCLKConfig                         0x08000cb1   Thumb Code    54  stm32f2xx_rcc.o(.text)
    RCC_RTCCLKCmd                            0x08000ce7   Thumb Code     8  stm32f2xx_rcc.o(.text)
    RCC_BackupResetCmd                       0x08000cef   Thumb Code     8  stm32f2xx_rcc.o(.text)
    RCC_I2SCLKConfig                         0x08000cf7   Thumb Code     6  stm32f2xx_rcc.o(.text)
    RCC_AHB1PeriphClockCmd                   0x08000cfd   Thumb Code    34  stm32f2xx_rcc.o(.text)
    RCC_AHB2PeriphClockCmd                   0x08000d1f   Thumb Code    34  stm32f2xx_rcc.o(.text)
    RCC_AHB3PeriphClockCmd                   0x08000d41   Thumb Code    34  stm32f2xx_rcc.o(.text)
    RCC_APB1PeriphClockCmd                   0x08000d63   Thumb Code    34  stm32f2xx_rcc.o(.text)
    RCC_APB2PeriphClockCmd                   0x08000d85   Thumb Code    34  stm32f2xx_rcc.o(.text)
    RCC_AHB1PeriphResetCmd                   0x08000da7   Thumb Code    34  stm32f2xx_rcc.o(.text)
    RCC_AHB2PeriphResetCmd                   0x08000dc9   Thumb Code    72  stm32f2xx_rcc.o(.text)
    RCC_AHB3PeriphResetCmd                   0x08000e11   Thumb Code    34  stm32f2xx_rcc.o(.text)
    RCC_APB1PeriphResetCmd                   0x08000e33   Thumb Code    34  stm32f2xx_rcc.o(.text)
    RCC_APB2PeriphResetCmd                   0x08000e55   Thumb Code    34  stm32f2xx_rcc.o(.text)
    RCC_AHB1PeriphClockLPModeCmd             0x08000e77   Thumb Code    34  stm32f2xx_rcc.o(.text)
    RCC_AHB2PeriphClockLPModeCmd             0x08000e99   Thumb Code    34  stm32f2xx_rcc.o(.text)
    RCC_AHB3PeriphClockLPModeCmd             0x08000ebb   Thumb Code    34  stm32f2xx_rcc.o(.text)
    RCC_APB1PeriphClockLPModeCmd             0x08000edd   Thumb Code    34  stm32f2xx_rcc.o(.text)
    RCC_APB2PeriphClockLPModeCmd             0x08000eff   Thumb Code    34  stm32f2xx_rcc.o(.text)
    RCC_ITConfig                             0x08000f21   Thumb Code    34  stm32f2xx_rcc.o(.text)
    RCC_ClearFlag                            0x08000f43   Thumb Code    18  stm32f2xx_rcc.o(.text)
    RCC_GetITStatus                          0x08000f55   Thumb Code    22  stm32f2xx_rcc.o(.text)
    RCC_ClearITPendingBit                    0x08000f6b   Thumb Code     8  stm32f2xx_rcc.o(.text)
    SYSCFG_DeInit                            0x08000f79   Thumb Code    22  stm32f2xx_syscfg.o(.text)
    SYSCFG_MemoryRemapConfig                 0x08000f8f   Thumb Code     6  stm32f2xx_syscfg.o(.text)
    SYSCFG_EXTILineConfig                    0x08000f95   Thumb Code    66  stm32f2xx_syscfg.o(.text)
    SYSCFG_ETH_MediaInterfaceConfig          0x08000fd7   Thumb Code     6  stm32f2xx_syscfg.o(.text)
    SYSCFG_CompensationCellCmd               0x08000fdd   Thumb Code     6  stm32f2xx_syscfg.o(.text)
    SYSCFG_GetCompensationCellStatus         0x08000fe3   Thumb Code    22  stm32f2xx_syscfg.o(.text)
    USART_DeInit                             0x08001005   Thumb Code   156  stm32f2xx_usart.o(.text)
    USART_Init                               0x080010a1   Thumb Code   204  stm32f2xx_usart.o(.text)
    USART_StructInit                         0x0800116d   Thumb Code    24  stm32f2xx_usart.o(.text)
    USART_ClockInit                          0x08001185   Thumb Code    32  stm32f2xx_usart.o(.text)
    USART_ClockStructInit                    0x080011a5   Thumb Code    12  stm32f2xx_usart.o(.text)
    USART_Cmd                                0x080011b1   Thumb Code    24  stm32f2xx_usart.o(.text)
    USART_SetPrescaler                       0x080011c9   Thumb Code    16  stm32f2xx_usart.o(.text)
    USART_OverSampling8Cmd                   0x080011d9   Thumb Code    22  stm32f2xx_usart.o(.text)
    USART_OneBitMethodCmd                    0x080011ef   Thumb Code    24  stm32f2xx_usart.o(.text)
    USART_SendData                           0x08001207   Thumb Code     8  stm32f2xx_usart.o(.text)
    USART_ReceiveData                        0x0800120f   Thumb Code    10  stm32f2xx_usart.o(.text)
    USART_SetAddress                         0x08001219   Thumb Code    18  stm32f2xx_usart.o(.text)
    USART_ReceiverWakeUpCmd                  0x0800122b   Thumb Code    24  stm32f2xx_usart.o(.text)
    USART_WakeUpConfig                       0x08001243   Thumb Code    18  stm32f2xx_usart.o(.text)
    USART_LINBreakDetectLengthConfig         0x08001255   Thumb Code    18  stm32f2xx_usart.o(.text)
    USART_LINCmd                             0x08001267   Thumb Code    24  stm32f2xx_usart.o(.text)
    USART_SendBreak                          0x0800127f   Thumb Code    10  stm32f2xx_usart.o(.text)
    USART_HalfDuplexCmd                      0x08001289   Thumb Code    24  stm32f2xx_usart.o(.text)
    USART_SetGuardTime                       0x080012a1   Thumb Code    16  stm32f2xx_usart.o(.text)
    USART_SmartCardCmd                       0x080012b1   Thumb Code    24  stm32f2xx_usart.o(.text)
    USART_SmartCardNACKCmd                   0x080012c9   Thumb Code    24  stm32f2xx_usart.o(.text)
    USART_IrDAConfig                         0x080012e1   Thumb Code    18  stm32f2xx_usart.o(.text)
    USART_IrDACmd                            0x080012f3   Thumb Code    24  stm32f2xx_usart.o(.text)
    USART_DMACmd                             0x0800130b   Thumb Code    18  stm32f2xx_usart.o(.text)
    USART_ITConfig                           0x0800131d   Thumb Code    74  stm32f2xx_usart.o(.text)
    USART_GetFlagStatus                      0x08001367   Thumb Code    26  stm32f2xx_usart.o(.text)
    USART_ClearFlag                          0x08001381   Thumb Code    18  stm32f2xx_usart.o(.text)
    USART_GetITStatus                        0x08001393   Thumb Code   110  stm32f2xx_usart.o(.text)
    USART_ClearITPendingBit                  0x08001401   Thumb Code    30  stm32f2xx_usart.o(.text)
    keyinit                                  0x08001421   Thumb Code   120  main.o(.text)
    EXTI_Configuration                       0x08001499   Thumb Code   130  main.o(.text)
    NVIC_Configuration                       0x0800151b   Thumb Code    92  main.o(.text)
    EXTI6_0_IRQHandler                       0x08001577   Thumb Code    30  main.o(.text)
    LedTest                                  0x08001595   Thumb Code   350  main.o(.text)
    Inter_Uart                               0x080016f3   Thumb Code    34  main.o(.text)
    Exti_key                                 0x08001715   Thumb Code    10  main.o(.text)
    run                                      0x0800171f   Thumb Code    48  main.o(.text)
    main                                     0x0800174f   Thumb Code    52  main.o(.text)
    os_idle_demon                            0x080017f5   Thumb Code     4  rtx_conf_cm.o(.text)
    os_tmr_call                              0x080017f9   Thumb Code     2  rtx_conf_cm.o(.text)
    os_error                                 0x080017fb   Thumb Code     4  rtx_conf_cm.o(.text)
    __user_perthread_libspace                0x080017ff   Thumb Code    26  rtx_conf_cm.o(.text)
    _mutex_initialize                        0x08001819   Thumb Code    38  rtx_conf_cm.o(.text)
    _mutex_acquire                           0x0800183f   Thumb Code    26  rtx_conf_cm.o(.text)
    _mutex_release                           0x08001859   Thumb Code    22  rtx_conf_cm.o(.text)
    fputc                                    0x08001889   Thumb Code    14  retarget.o(.text)
    fgetc                                    0x08001897   Thumb Code    16  retarget.o(.text)
    ferror                                   0x080018a7   Thumb Code     8  retarget.o(.text)
    _ttywrch                                 0x080018af   Thumb Code    12  retarget.o(.text)
    _sys_exit                                0x080018bb   Thumb Code     4  retarget.o(.text)
    usartinit                                0x080018c1   Thumb Code   146  usart.o(.text)
    sendchar                                 0x08001953   Thumb Code    44  usart.o(.text)
    getkey                                   0x0800197f   Thumb Code     4  usart.o(.text)
    LedInit                                  0x0800198d   Thumb Code   150  led.o(.text)
    LedDelay                                 0x08001a23   Thumb Code    14  led.o(.text)
    NVIC_Config                              0x08001a3d   Thumb Code    32  irq.o(.text)
    USART1_IRQHandler                        0x08001a5d   Thumb Code    88  irq.o(.text)
    __user_libspace                          0x08001ac5   Thumb Code     8  libspace.o(.text)
    __user_perproc_libspace                  0x08001ac5   Thumb Code     0  libspace.o(.text)
    __I$use$semihosting                      0x08001acd   Thumb Code     0  use_no_semi.o(.text)
    __use_no_semihosting_swi                 0x08001acd   Thumb Code     2  use_no_semi.o(.text)
    __2printf                                0x08001ad1   Thumb Code    20  noretval__2printf.o(.text)
    __use_two_region_memory                  0x08001ae9   Thumb Code     2  heapauxi.o(.text)
    __rt_heap_escrow$2region                 0x08001aeb   Thumb Code     2  heapauxi.o(.text)
    __rt_heap_expand$2region                 0x08001aed   Thumb Code     2  heapauxi.o(.text)
    _printf_char_file                        0x08001af1   Thumb Code    32  _printf_char_file.o(.text)
    _printf_char_common                      0x08001b1f   Thumb Code    32  _printf_char_common.o(.text)
    __user_setup_stackheap                   0x08001b45   Thumb Code    74  sys_stackheap_outer.o(.text)
    __printf                                 0x08001b8f   Thumb Code    38  __printf_nopercent.o(.text)
    exit                                     0x08001bb5   Thumb Code    12  exit.o(.text)
    SVC_Count                                0x08001bc0   Data           4  SVC_Table.o(SVC_TABLE)
    SVC_Table                                0x08001bc4   Data           0  SVC_Table.o(SVC_TABLE)
    _init_box                                0x08001bc5   Thumb Code    70  rt_membox.o(i._init_box)
    dbg_init                                 0x08001c0d   Thumb Code    34  hal_cm3.o(i.dbg_init)
    dbg_task_notify                          0x08001c3d   Thumb Code    32  hal_cm3.o(i.dbg_task_notify)
    dbg_task_switch                          0x08001c5d   Thumb Code    16  hal_cm3.o(i.dbg_task_switch)
    os_tick_init                             0x08001c6d   Thumb Code    32  rt_system.o(i.os_tick_init)
    os_tick_irqack                           0x08001c95   Thumb Code     2  rt_system.o(i.os_tick_irqack)
    rt_alloc_box                             0x08001c97   Thumb Code    26  rt_membox.o(i.rt_alloc_box)
    rt_block                                 0x08001cb1   Thumb Code    48  rt_task.o(i.rt_block)
    rt_chk_robin                             0x08001ce9   Thumb Code    60  rt_robin.o(i.rt_chk_robin)
    rt_dec_dly                               0x08001d31   Thumb Code   106  rt_list.o(i.rt_dec_dly)
    rt_dispatch                              0x08001da5   Thumb Code    60  rt_task.o(i.rt_dispatch)
    rt_evt_psh                               0x08001de9   Thumb Code    72  rt_event.o(i.rt_evt_psh)
    rt_free_box                              0x08001e35   Thumb Code    32  rt_membox.o(i.rt_free_box)
    rt_get_first                             0x08001e55   Thumb Code    40  rt_list.o(i.rt_get_first)
    rt_init_robin                            0x08001ec1   Thumb Code    14  rt_robin.o(i.rt_init_robin)
    rt_init_stack                            0x08001ed9   Thumb Code    70  hal_cm3.o(i.rt_init_stack)
    rt_mbx_psh                               0x08001f29   Thumb Code   188  rt_mailbox.o(i.rt_mbx_psh)
    rt_mut_init                              0x08001fe9   Thumb Code    16  rt_mutex.o(i.rt_mut_init)
    rt_mut_release                           0x08001ff9   Thumb Code   164  rt_mutex.o(i.rt_mut_release)
    rt_mut_wait                              0x080020a5   Thumb Code    96  rt_mutex.o(i.rt_mut_wait)
    rt_pop_req                               0x08002109   Thumb Code   106  rt_system.o(i.rt_pop_req)
    rt_put_dly                               0x08002181   Thumb Code    68  rt_list.o(i.rt_put_dly)
    rt_put_prio                              0x080021c9   Thumb Code    54  rt_list.o(i.rt_put_prio)
    rt_put_rdy_first                         0x08002201   Thumb Code    14  rt_list.o(i.rt_put_rdy_first)
    rt_resort_prio                           0x08002215   Thumb Code    46  rt_list.o(i.rt_resort_prio)
    rt_rmv_dly                               0x08002249   Thumb Code    40  rt_list.o(i.rt_rmv_dly)
    rt_rmv_list                              0x08002271   Thumb Code    44  rt_list.o(i.rt_rmv_list)
    rt_sem_psh                               0x080022a1   Thumb Code    46  rt_semaphore.o(i.rt_sem_psh)
    rt_stk_check                             0x080022d5   Thumb Code    28  rt_system.o(i.rt_stk_check)
    rt_switch_req                            0x080022f9   Thumb Code    30  rt_task.o(i.rt_switch_req)
    rt_sys_init                              0x08002321   Thumb Code   266  rt_task.o(i.rt_sys_init)
    rt_systick                               0x08002479   Thumb Code    48  rt_system.o(i.rt_systick)
    rt_tmr_tick                              0x080024b5   Thumb Code    56  rt_timer.o(i.rt_tmr_tick)
    rt_tsk_create                            0x080024f5   Thumb Code   126  rt_task.o(i.rt_tsk_create)
    rt_tsk_delete                            0x08002589   Thumb Code   162  rt_task.o(i.rt_tsk_delete)
    rt_tsk_self                              0x08002645   Thumb Code    12  rt_task.o(i.rt_tsk_self)
    os_maxtaskrun                            0x08002654   Data           2  rtx_conf_cm.o(.constdata)
    os_stackinfo                             0x08002658   Data           4  rtx_conf_cm.o(.constdata)
    os_rrobin                                0x0800265c   Data           4  rtx_conf_cm.o(.constdata)
    os_trv                                   0x08002660   Data           4  rtx_conf_cm.o(.constdata)
    os_flags                                 0x08002664   Data           1  rtx_conf_cm.o(.constdata)
    os_clockrate                             0x08002668   Data           4  rtx_conf_cm.o(.constdata)
    os_timernum                              0x0800266c   Data           4  rtx_conf_cm.o(.constdata)
    mp_tcb_size                              0x08002670   Data           2  rtx_conf_cm.o(.constdata)
    mp_stk_size                              0x08002674   Data           4  rtx_conf_cm.o(.constdata)
    os_fifo_size                             0x08002678   Data           1  rtx_conf_cm.o(.constdata)
    mp_tmr_size                              0x0800267a   Data           2  rtx_conf_cm.o(.constdata)
    Region$$Table$$Base                      0x0800267c   Number         0  anon$$obj.o(Region$$Table)
    Region$$Table$$Limit                     0x0800269c   Number         0  anon$$obj.o(Region$$Table)
    SystemCoreClock                          0x20000000   Data           4  system_stm32f2xx.o(.data)
    AHBPrescTable                            0x20000004   Data          16  system_stm32f2xx.o(.data)
    LedCunt                                  0x20000024   Data           1  main.o(.data)
    tsk_1                                    0x20000028   Data           4  main.o(.data)
    tsk_2                                    0x2000002c   Data           4  main.o(.data)
    tsk_3                                    0x20000030   Data           4  main.o(.data)
    m_tmr                                    0x20000034   Data           4  rtx_conf_cm.o(.data)
    __stdout                                 0x2000003c   Data           4  retarget.o(.data)
    __stdin                                  0x20000040   Data           4  retarget.o(.data)
    tempbuf                                  0x20000044   Data          78  irq.o(.data)
    NbrOfDataToTransfer                      0x20000092   Data           1  irq.o(.data)
    NbrOfDataToRead                          0x20000093   Data           1  irq.o(.data)
    RxCounter                                0x20000094   Data           1  irq.o(.data)
    TxCounter                                0x20000095   Data           1  irq.o(.data)
    os_tsk                                   0x20000098   Data           8  rt_task.o(.data)
    dbg_msg                                  0x200000a0   Data           1  hal_cm3.o(.data)
    os_tick_irqn                             0x200000a8   Data           4  rt_system.o(.data)
    os_robin                                 0x200000ac   Data           8  rt_robin.o(.data)
    os_time                                  0x200000b4   Data           4  rt_time.o(.data)
    os_tmr                                   0x200000b8   Data           8  rt_timer.o(.data)
    mp_tcb                                   0x200000c0   Data         396  rtx_conf_cm.o(.bss)
    mp_stk                                   0x20000250   Data        1816  rtx_conf_cm.o(.bss)
    os_fifo                                  0x20000968   Data         132  rtx_conf_cm.o(.bss)
    os_active_TCB                            0x200009ec   Data          32  rtx_conf_cm.o(.bss)
    os_idle_TCB                              0x20000d6c   Data          48  rt_task.o(.bss)
    os_rdy                                   0x20000d9c   Data          24  rt_list.o(.bss)
    os_dly                                   0x20000db4   Data          24  rt_list.o(.bss)
    __libspace_start                         0x20000dcc   Data          96  libspace.o(.bss)
    __temporary_stack_top$libspace           0x20000e2c   Data           0  libspace.o(.bss)



==============================================================================

Memory Map of the image

  Image Entry point : 0x08000185

  Load Region LR_IROM1 (Base: 0x08000000, Size: 0x0000275c, Max: 0x00100000, ABSOLUTE)

    Execution Region ER_IROM1 (Base: 0x08000000, Size: 0x0000269c, Max: 0x00100000, ABSOLUTE)

    Base Addr    Size         Type   Attr      Idx    E Section Name        Object

    0x08000000   0x00000184   Data   RO            3    RESET               startup_stm32f2xx.o
    0x08000184   0x00000008   Code   RO         1245  * !!!main             c_w.l(__main.o)
    0x0800018c   0x00000034   Code   RO         1396    !!!scatter          c_w.l(__scatter.o)
    0x080001c0   0x0000001a   Code   RO         1398    !!handler_copy      c_w.l(__scatter_copy.o)
    0x080001da   0x00000002   PAD
    0x080001dc   0x0000001c   Code   RO         1400    !!handler_zi        c_w.l(__scatter_zi.o)
    0x080001f8   0x00000002   Code   RO         1278    .ARM.Collect$$libinit$$00000000  c_w.l(libinit.o)
    0x080001fa   0x00000000   Code   RO         1282    .ARM.Collect$$libinit$$00000002  c_w.l(libinit2.o)
    0x080001fa   0x00000000   Code   RO         1285    .ARM.Collect$$libinit$$00000008  c_w.l(libinit2.o)
    0x080001fa   0x00000000   Code   RO         1287    .ARM.Collect$$libinit$$0000000A  c_w.l(libinit2.o)
    0x080001fa   0x00000000   Code   RO         1289    .ARM.Collect$$libinit$$0000000C  c_w.l(libinit2.o)
    0x080001fa   0x00000000   Code   RO         1292    .ARM.Collect$$libinit$$0000000F  c_w.l(libinit2.o)
    0x080001fa   0x00000000   Code   RO         1294    .ARM.Collect$$libinit$$00000011  c_w.l(libinit2.o)
    0x080001fa   0x00000000   Code   RO         1296    .ARM.Collect$$libinit$$00000013  c_w.l(libinit2.o)
    0x080001fa   0x00000000   Code   RO         1298    .ARM.Collect$$libinit$$00000015  c_w.l(libinit2.o)
    0x080001fa   0x00000000   Code   RO         1300    .ARM.Collect$$libinit$$00000017  c_w.l(libinit2.o)
    0x080001fa   0x00000000   Code   RO         1302    .ARM.Collect$$libinit$$00000019  c_w.l(libinit2.o)
    0x080001fa   0x00000000   Code   RO         1304    .ARM.Collect$$libinit$$0000001B  c_w.l(libinit2.o)
    0x080001fa   0x00000000   Code   RO         1306    .ARM.Collect$$libinit$$0000001D  c_w.l(libinit2.o)
    0x080001fa   0x00000000   Code   RO         1308    .ARM.Collect$$libinit$$0000001F  c_w.l(libinit2.o)
    0x080001fa   0x00000000   Code   RO         1310    .ARM.Collect$$libinit$$00000021  c_w.l(libinit2.o)
    0x080001fa   0x00000000   Code   RO         1312    .ARM.Collect$$libinit$$00000023  c_w.l(libinit2.o)
    0x080001fa   0x00000000   Code   RO         1316    .ARM.Collect$$libinit$$0000002A  c_w.l(libinit2.o)
    0x080001fa   0x00000000   Code   RO         1318    .ARM.Collect$$libinit$$0000002C  c_w.l(libinit2.o)
    0x080001fa   0x00000000   Code   RO         1320    .ARM.Collect$$libinit$$0000002E  c_w.l(libinit2.o)
    0x080001fa   0x00000000   Code   RO         1322    .ARM.Collect$$libinit$$00000030  c_w.l(libinit2.o)
    0x080001fa   0x00000002   Code   RO         1323    .ARM.Collect$$libinit$$00000031  c_w.l(libinit2.o)
    0x080001fc   0x00000002   Code   RO         1341    .ARM.Collect$$libshutdown$$00000000  c_w.l(libshutdown.o)
    0x080001fe   0x00000000   Code   RO         1352    .ARM.Collect$$libshutdown$$00000003  c_w.l(libshutdown2.o)
    0x080001fe   0x00000000   Code   RO         1355    .ARM.Collect$$libshutdown$$00000006  c_w.l(libshutdown2.o)
    0x080001fe   0x00000000   Code   RO         1358    .ARM.Collect$$libshutdown$$00000009  c_w.l(libshutdown2.o)
    0x080001fe   0x00000000   Code   RO         1360    .ARM.Collect$$libshutdown$$0000000B  c_w.l(libshutdown2.o)
    0x080001fe   0x00000000   Code   RO         1363    .ARM.Collect$$libshutdown$$0000000E  c_w.l(libshutdown2.o)
    0x080001fe   0x00000002   Code   RO         1364    .ARM.Collect$$libshutdown$$0000000F  c_w.l(libshutdown2.o)
    0x08000200   0x00000000   Code   RO         1247    .ARM.Collect$$rtentry$$00000000  c_w.l(rtentry.o)
    0x08000200   0x00000000   Code   RO         1251    .ARM.Collect$$rtentry$$00000002  c_w.l(rtentry2.o)
    0x08000200   0x00000006   Code   RO         1263    .ARM.Collect$$rtentry$$00000004  c_w.l(rtentry4.o)
    0x08000206   0x00000000   Code   RO         1253    .ARM.Collect$$rtentry$$00000009  c_w.l(rtentry2.o)
    0x08000206   0x00000004   Code   RO         1254    .ARM.Collect$$rtentry$$0000000A  c_w.l(rtentry2.o)
    0x0800020a   0x00000000   Code   RO         1256    .ARM.Collect$$rtentry$$0000000C  c_w.l(rtentry2.o)
    0x0800020a   0x00000008   Code   RO         1257    .ARM.Collect$$rtentry$$0000000D  c_w.l(rtentry2.o)
    0x08000212   0x00000002   Code   RO         1279    .ARM.Collect$$rtexit$$00000000  c_w.l(rtexit.o)
    0x08000214   0x00000000   Code   RO         1325    .ARM.Collect$$rtexit$$00000002  c_w.l(rtexit2.o)
    0x08000214   0x00000004   Code   RO         1326    .ARM.Collect$$rtexit$$00000003  c_w.l(rtexit2.o)
    0x08000218   0x00000006   Code   RO         1327    .ARM.Collect$$rtexit$$00000004  c_w.l(rtexit2.o)
    0x0800021e   0x00000002   PAD
    0x08000220   0x00000154   Code   RO          784    .emb_text           RTX_CM3.LIB(hal_cm3.o)
    0x08000374   0x00000040   Code   RO            4    .text               startup_stm32f2xx.o
    0x080003b4   0x000001e0   Code   RO           10    .text               system_stm32f2xx.o
    0x08000594   0x000000e4   Code   RO          120    .text               misc.o
    0x08000678   0x0000011c   Code   RO          290    .text               stm32f2xx_exti.o
    0x08000794   0x0000025c   Code   RO          326    .text               stm32f2xx_gpio.o
    0x080009f0   0x00000588   Code   RO          410    .text               stm32f2xx_rcc.o
    0x08000f78   0x0000008c   Code   RO          472    .text               stm32f2xx_syscfg.o
    0x08001004   0x0000041a   Code   RO          496    .text               stm32f2xx_usart.o
    0x0800141e   0x00000002   PAD
    0x08001420   0x000003d4   Code   RO          530    .text               main.o
    0x080017f4   0x00000094   Code   RO          564    .text               rtx_conf_cm.o
    0x08001888   0x00000036   Code   RO          588    .text               retarget.o
    0x080018be   0x00000002   PAD
    0x080018c0   0x000000cc   Code   RO          614    .text               usart.o
    0x0800198c   0x000000b0   Code   RO          629    .text               led.o
    0x08001a3c   0x00000088   Code   RO          641    .text               irq.o
    0x08001ac4   0x00000008   Code   RO         1234    .text               c_w.l(libspace.o)
    0x08001acc   0x00000002   Code   RO         1237    .text               c_w.l(use_no_semi.o)
    0x08001ace   0x00000002   PAD
    0x08001ad0   0x00000018   Code   RO         1241    .text               c_w.l(noretval__2printf.o)
    0x08001ae8   0x00000006   Code   RO         1243    .text               c_w.l(heapauxi.o)
    0x08001aee   0x00000002   PAD
    0x08001af0   0x00000024   Code   RO         1248    .text               c_w.l(_printf_char_file.o)
    0x08001b14   0x00000030   Code   RO         1265    .text               c_w.l(_printf_char_common.o)
    0x08001b44   0x0000004a   Code   RO         1267    .text               c_w.l(sys_stackheap_outer.o)
    0x08001b8e   0x00000026   Code   RO         1269    .text               c_w.l(__printf_nopercent.o)
    0x08001bb4   0x0000000c   Code   RO         1271    .text               c_w.l(exit.o)
    0x08001bc0   0x00000004   Code   RO         1043    SVC_TABLE           RTX_CM3.LIB(SVC_Table.o)
    0x08001bc4   0x00000046   Code   RO         1010    i._init_box         RTX_CM3.LIB(rt_membox.o)
    0x08001c0a   0x00000002   PAD
    0x08001c0c   0x00000030   Code   RO          785    i.dbg_init          RTX_CM3.LIB(hal_cm3.o)
    0x08001c3c   0x00000020   Code   RO          786    i.dbg_task_notify   RTX_CM3.LIB(hal_cm3.o)
    0x08001c5c   0x00000010   Code   RO          787    i.dbg_task_switch   RTX_CM3.LIB(hal_cm3.o)
    0x08001c6c   0x00000028   Code   RO          826    i.os_tick_init      RTX_CM3.LIB(rt_system.o)
    0x08001c94   0x00000002   Code   RO          827    i.os_tick_irqack    RTX_CM3.LIB(rt_system.o)
    0x08001c96   0x0000001a   Code   RO         1011    i.rt_alloc_box      RTX_CM3.LIB(rt_membox.o)
    0x08001cb0   0x00000038   Code   RO          657    i.rt_block          RTX_CM3.LIB(rt_task.o)
    0x08001ce8   0x00000048   Code   RO          988    i.rt_chk_robin      RTX_CM3.LIB(rt_robin.o)
    0x08001d30   0x00000074   Code   RO          909    i.rt_dec_dly        RTX_CM3.LIB(rt_list.o)
    0x08001da4   0x00000044   Code   RO          658    i.rt_dispatch       RTX_CM3.LIB(rt_task.o)
    0x08001de8   0x0000004c   Code   RO         1049    i.rt_evt_psh        RTX_CM3.LIB(rt_event.o)
    0x08001e34   0x00000020   Code   RO         1012    i.rt_free_box       RTX_CM3.LIB(rt_membox.o)
    0x08001e54   0x00000028   Code   RO          910    i.rt_get_first      RTX_CM3.LIB(rt_list.o)
    0x08001e7c   0x00000044   Code   RO          659    i.rt_init_context   RTX_CM3.LIB(rt_task.o)
    0x08001ec0   0x00000018   Code   RO          989    i.rt_init_robin     RTX_CM3.LIB(rt_robin.o)
    0x08001ed8   0x00000050   Code   RO          788    i.rt_init_stack     RTX_CM3.LIB(hal_cm3.o)
    0x08001f28   0x000000c0   Code   RO         1092    i.rt_mbx_psh        RTX_CM3.LIB(rt_mailbox.o)
    0x08001fe8   0x00000010   Code   RO          756    i.rt_mut_init       RTX_CM3.LIB(rt_mutex.o)
    0x08001ff8   0x000000ac   Code   RO          757    i.rt_mut_release    RTX_CM3.LIB(rt_mutex.o)
    0x080020a4   0x00000064   Code   RO          758    i.rt_mut_wait       RTX_CM3.LIB(rt_mutex.o)
    0x08002108   0x00000078   Code   RO          828    i.rt_pop_req        RTX_CM3.LIB(rt_system.o)
    0x08002180   0x00000048   Code   RO          913    i.rt_put_dly        RTX_CM3.LIB(rt_list.o)
    0x080021c8   0x00000036   Code   RO          914    i.rt_put_prio       RTX_CM3.LIB(rt_list.o)
    0x080021fe   0x00000002   PAD
    0x08002200   0x00000014   Code   RO          915    i.rt_put_rdy_first  RTX_CM3.LIB(rt_list.o)
    0x08002214   0x00000034   Code   RO          916    i.rt_resort_prio    RTX_CM3.LIB(rt_list.o)
    0x08002248   0x00000028   Code   RO          917    i.rt_rmv_dly        RTX_CM3.LIB(rt_list.o)
    0x08002270   0x00000030   Code   RO          918    i.rt_rmv_list       RTX_CM3.LIB(rt_list.o)
    0x080022a0   0x00000034   Code   RO         1138    i.rt_sem_psh        RTX_CM3.LIB(rt_semaphore.o)
    0x080022d4   0x00000024   Code   RO          831    i.rt_stk_check      RTX_CM3.LIB(rt_system.o)
    0x080022f8   0x00000028   Code   RO          660    i.rt_switch_req     RTX_CM3.LIB(rt_task.o)
    0x08002320   0x00000158   Code   RO          661    i.rt_sys_init       RTX_CM3.LIB(rt_task.o)
    0x08002478   0x0000003c   Code   RO          833    i.rt_systick        RTX_CM3.LIB(rt_system.o)
    0x080024b4   0x00000040   Code   RO         1207    i.rt_tmr_tick       RTX_CM3.LIB(rt_timer.o)
    0x080024f4   0x00000094   Code   RO          662    i.rt_tsk_create     RTX_CM3.LIB(rt_task.o)
    0x08002588   0x000000bc   Code   RO          663    i.rt_tsk_delete     RTX_CM3.LIB(rt_task.o)
    0x08002644   0x00000010   Code   RO          666    i.rt_tsk_self       RTX_CM3.LIB(rt_task.o)
    0x08002654   0x00000028   Data   RO          566    .constdata          rtx_conf_cm.o
    0x0800267c   0x00000020   Data   RO         1394    Region$$Table       anon$$obj.o


    Execution Region RW_IRAM1 (Base: 0x20000000, Size: 0x00001430, Max: 0x00020000, ABSOLUTE)

    Base Addr    Size         Type   Attr      Idx    E Section Name        Object

    0x20000000   0x00000014   Data   RW           11    .data               system_stm32f2xx.o
    0x20000014   0x00000010   Data   RW          411    .data               stm32f2xx_rcc.o
    0x20000024   0x00000010   Data   RW          531    .data               main.o
    0x20000034   0x00000008   Data   RW          567    .data               rtx_conf_cm.o
    0x2000003c   0x00000008   Data   RW          589    .data               retarget.o
    0x20000044   0x00000052   Data   RW          643    .data               irq.o
    0x20000096   0x00000002   PAD
    0x20000098   0x00000008   Data   RW          668    .data               RTX_CM3.LIB(rt_task.o)
    0x200000a0   0x00000001   Data   RW          789    .data               RTX_CM3.LIB(hal_cm3.o)
    0x200000a1   0x00000003   PAD
    0x200000a4   0x00000008   Data   RW          836    .data               RTX_CM3.LIB(rt_system.o)
    0x200000ac   0x00000008   Data   RW          990    .data               RTX_CM3.LIB(rt_robin.o)
    0x200000b4   0x00000004   Data   RW         1176    .data               RTX_CM3.LIB(rt_time.o)
    0x200000b8   0x00000008   Data   RW         1208    .data               RTX_CM3.LIB(rt_timer.o)
    0x200000c0   0x00000cac   Zero   RW          565    .bss                rtx_conf_cm.o
    0x20000d6c   0x00000030   Zero   RW          667    .bss                RTX_CM3.LIB(rt_task.o)
    0x20000d9c   0x00000030   Zero   RW          919    .bss                RTX_CM3.LIB(rt_list.o)
    0x20000dcc   0x00000060   Zero   RW         1235    .bss                c_w.l(libspace.o)
    0x20000e2c   0x00000004   PAD
    0x20000e30   0x00000200   Zero   RW            2    HEAP                startup_stm32f2xx.o
    0x20001030   0x00000400   Zero   RW            1    STACK               startup_stm32f2xx.o


==============================================================================

Image component sizes


      Code (inc. data)   RO Data    RW Data    ZI Data      Debug   Object Name

       136         16          0         82          0       1243   irq.o
       176         12          0          0          0        591   led.o
       980        120          0         16          0       8764   main.o
       228         22          0          0          0     209017   misc.o
        54          0          0          8          0       2716   retarget.o
       148         26         40          8       3244       9505   rtx_conf_cm.o
        64         26        388          0       1536        748   startup_stm32f2xx.o
       284         10          0          0          0       2131   stm32f2xx_exti.o
       604         36          0          0          0       3797   stm32f2xx_gpio.o
      1416         48          0         16          0      10699   stm32f2xx_rcc.o
       140         12          0          0          0       1467   stm32f2xx_syscfg.o
      1050         26          0          0          0       7508   stm32f2xx_usart.o
       480         42          0         20          0      30455   system_stm32f2xx.o
       204         10          0          0          0        900   usart.o

    ----------------------------------------------------------------------
      5968        406        460        152       4780     289541   Object Totals
         0          0         32          0          0          0   (incl. Generated)
         4          0          0          2          0          0   (incl. Padding)

    ----------------------------------------------------------------------

      Code (inc. data)   RO Data    RW Data    ZI Data      Debug   Library Member Name

         4          4          0          0          0        140   SVC_Table.o
       516         56          0          1          0       2477   hal_cm3.o
        76          4          0          0          0        509   rt_event.o
       442         30          0          0         48       3806   rt_list.o
       192          4          0          0          0        609   rt_mailbox.o
       128          0          0          0          0       1497   rt_membox.o
       288         12          0          0          0       1569   rt_mutex.o
        96         22          0          8          0        974   rt_robin.o
        52          6          0          0          0        453   rt_semaphore.o
       258         42          0          8          0       2974   rt_system.o
       928        160          0          8         48       6664   rt_task.o
         0          0          0          4          0        150   rt_time.o
        64          8          0          8          0        583   rt_timer.o
         8          0          0          0          0         68   __main.o
        38          0          0          0          0         84   __printf_nopercent.o
        52          8          0          0          0          0   __scatter.o
        26          0          0          0          0          0   __scatter_copy.o
        28          0          0          0          0          0   __scatter_zi.o
        48          6          0          0          0         96   _printf_char_common.o
        36          4          0          0          0         80   _printf_char_file.o
        12          0          0          0          0         72   exit.o
         6          0          0          0          0        152   heapauxi.o
         2          0          0          0          0          0   libinit.o
         2          0          0          0          0          0   libinit2.o
         2          0          0          0          0          0   libshutdown.o
         2          0          0          0          0          0   libshutdown2.o
         8          4          0          0         96         68   libspace.o
        24          4          0          0          0         84   noretval__2printf.o
         0          0          0          0          0          0   rtentry.o
        12          0          0          0          0          0   rtentry2.o
         6          0          0          0          0          0   rtentry4.o
         2          0          0          0          0          0   rtexit.o
        10          0          0          0          0          0   rtexit2.o
        74          0          0          0          0         80   sys_stackheap_outer.o
         2          0          0          0          0         68   use_no_semi.o

    ----------------------------------------------------------------------
      3456        374          0         40        196      23257   Library Totals
        12          0          0          3          4          0   (incl. Padding)

    ----------------------------------------------------------------------

      Code (inc. data)   RO Data    RW Data    ZI Data      Debug   Library Name

      3044        348          0         37         96      22405   RTX_CM3.LIB
       400         26          0          0         96        852   c_w.l

    ----------------------------------------------------------------------
      3456        374          0         40        196      23257   Library Totals

    ----------------------------------------------------------------------

==============================================================================


      Code (inc. data)   RO Data    RW Data    ZI Data      Debug   

      9424        780        460        192       4976     309158   Grand Totals
      9424        780        460        192       4976     309158   ELF Image Totals
      9424        780        460        192          0          0   ROM Totals

==============================================================================

    Total RO  Size (Code + RO Data)                 9884 (   9.65kB)
    Total RW  Size (RW Data + ZI Data)              5168 (   5.05kB)
    Total ROM Size (Code + RO Data + RW Data)      10076 (   9.84kB)

==============================================================================

